fsl_clock.h:726:20:CLOCK_EnableClock	24	static
fsl_clock.h:737:20:CLOCK_DisableClock	24	static
fsl_clock.h:748:20:CLOCK_SetEr32kClock	16	static
fsl_clock.h:821:20:CLOCK_SetPllFllSelClock	24	static
fsl_clock.h:1371:20:OSC_SetExtRefClkConfig	24	static
fsl_clock.h:1399:20:OSC_SetCapLoad	24	static
fsl_clock.c:194:13:CLOCK_FllStableDelay	16	static
fsl_clock.c:214:17:CLOCK_GetMcgExtClkFreq	16	static
fsl_clock.c:241:17:CLOCK_GetFllExtRefClkFreq	16	static
fsl_clock.c:295:17:CLOCK_GetInternalRefClkSelectFreq	4	static
fsl_clock.c:309:17:CLOCK_GetFllRefClkFreq	8	static
fsl_clock.c:323:17:CLOCK_GetPll0RefFreq	8	static
fsl_clock.c:329:16:CLOCK_GetOscRangeFromFreq	24	static
fsl_clock.c:354:10:CLOCK_GetOsc0ErClkUndivFreq	8	static
fsl_clock.c:373:10:CLOCK_GetOsc0ErClkDivFreq	8	static
fsl_clock.c:392:10:CLOCK_GetEr32kClkFreq	16	static
fsl_clock.c:421:10:CLOCK_GetPllFllSelClkFreq	16	static
fsl_clock.c:452:10:CLOCK_GetOsc0ErClkFreq	8	static
fsl_clock.c:462:10:CLOCK_GetPlatClkFreq	8	static
fsl_clock.c:472:10:CLOCK_GetFlashClkFreq	8	static
fsl_clock.c:482:10:CLOCK_GetFlexBusClkFreq	8	static
fsl_clock.c:492:10:CLOCK_GetBusClkFreq	8	static
fsl_clock.c:502:10:CLOCK_GetCoreSysClkFreq	8	static
fsl_clock.c:517:10:CLOCK_GetFreq	24	static
fsl_clock.c:581:6:CLOCK_SetSimConfig	16	static
fsl_clock.c:595:6:CLOCK_EnableUsbfs0Clock	24	static
fsl_clock.c:653:6:CLOCK_EnableUsbhs0Clock	16	static
fsl_clock.c:674:6:CLOCK_DisableUsbhs0Clock	4	static
fsl_clock.c:689:6:CLOCK_EnableUsbhs0PhyPllClock	24	static
fsl_clock.c:751:6:CLOCK_DisableUsbhs0PhyPllClock	4	static
fsl_clock.c:772:6:CLOCK_EnableUsbhs0PfdClock	24	static
fsl_clock.c:808:6:CLOCK_DisableUsbhs0PfdClock	4	static
fsl_clock.c:822:10:CLOCK_GetOutClkFreq	24	static
fsl_clock.c:869:10:CLOCK_GetFllFreq	16	static
fsl_clock.c:903:10:CLOCK_GetInternalRefClkFreq	8	static
fsl_clock.c:922:10:CLOCK_GetFixedFreqClkFreq	16	static
fsl_clock.c:945:10:CLOCK_GetPll0Freq	16	static
fsl_clock.c:977:10:CLOCK_GetExtPllFreq	4	static
fsl_clock.c:992:6:CLOCK_SetExtPllFreq	16	static
fsl_clock.c:1009:10:CLOCK_SetExternalRefClkConfig	24	static
fsl_clock.c:1062:10:CLOCK_SetInternalRefClkConfig	24	static
fsl_clock.c:1127:10:CLOCK_CalcPllDiv	48	static
fsl_clock.c:1237:6:CLOCK_EnablePll0	24	static
fsl_clock.c:1265:6:CLOCK_SetPllClkSel	16	static
fsl_clock.c:1280:6:CLOCK_SetOsc0MonitorMode	16	static
fsl_clock.c:1310:6:CLOCK_SetRtcOscMonitorMode	24	static
fsl_clock.c:1334:6:CLOCK_SetPll0MonitorMode	24	static
fsl_clock.c:1372:6:CLOCK_SetExtPllMonitorMode	24	static
fsl_clock.c:1415:10:CLOCK_GetStatusFlags	16	static
fsl_clock.c:1463:6:CLOCK_ClearStatusFlags	24	static
fsl_clock.c:1494:6:CLOCK_InitOsc0	24	static
fsl_clock.c:1517:6:CLOCK_DeinitOsc0	4	static
fsl_clock.c:1541:10:CLOCK_TrimInternalRefClk	40	static
fsl_clock.c:1624:12:CLOCK_GetMode	32	static
fsl_clock.c:1742:10:CLOCK_SetFeiMode	24	static
fsl_clock.c:1818:10:CLOCK_SetFeeMode	24	static
fsl_clock.c:1913:10:CLOCK_SetFbiMode	24	static
fsl_clock.c:1993:10:CLOCK_SetFbeMode	24	static
fsl_clock.c:2086:10:CLOCK_SetBlpiMode	4	static
fsl_clock.c:2110:10:CLOCK_SetBlpeMode	4	static
fsl_clock.c:2144:10:CLOCK_SetPbeMode	16	static
fsl_clock.c:2207:10:CLOCK_SetPeeMode	4	static
fsl_clock.c:2244:10:CLOCK_ExternalModeToFbeModeQuick	4	static
fsl_clock.c:2286:10:CLOCK_InternalModeToFbiModeQuick	4	static
fsl_clock.c:2321:10:CLOCK_BootToFeiMode	16	static
fsl_clock.c:2341:10:CLOCK_BootToFeeMode	24	static
fsl_clock.c:2362:10:CLOCK_BootToBlpiMode	16	static
fsl_clock.c:2390:10:CLOCK_BootToBlpeMode	16	static
fsl_clock.c:2435:10:CLOCK_BootToPeeMode	16	static
fsl_clock.c:2499:10:CLOCK_SetMcgConfig	32	static
fsl_clock.c:2613:28:SDK_DelayAtLeastUs	56	static
