core_cm4.h:1677:22:__NVIC_EnableIRQ	16	static
fsl_clock.h:726:20:CLOCK_EnableClock	24	static
fsl_clock.h:737:20:CLOCK_DisableClock	24	static
fsl_common.h:419:28:EnableIRQ	16	static
fsl_common.h:487:28:DisableGlobalIRQ	16	static
fsl_common.h:518:24:EnableGlobalIRQ	24	static
fsl_edma.c:55:17:EDMA_GetInstance	24	static
fsl_edma.c:80:6:EDMA_InstallTCD	24	static
fsl_edma.c:112:6:EDMA_Init	24	static
fsl_edma.c:142:6:EDMA_Deinit	16	static
fsl_edma.c:164:6:EDMA_GetDefaultConfig	16	static
fsl_edma.c:188:6:EDMA_ResetChannel	16	static
fsl_edma.c:220:6:EDMA_SetTransferConfig	24	static
fsl_edma.c:239:6:EDMA_SetMinorOffsetConfig	32	static
fsl_edma.c:263:6:EDMA_SetChannelPreemptionConfig	32	static
fsl_edma.c:294:6:EDMA_SetChannelLink	24	static
fsl_edma.c:316:6:EDMA_SetBandWidth	24	static
fsl_edma.c:335:6:EDMA_SetModulo	32	static
fsl_edma.c:353:6:EDMA_EnableChannelInterrupts	24	static
fsl_edma.c:384:6:EDMA_DisableChannelInterrupts	24	static
fsl_edma.c:415:6:EDMA_TcdReset	16	static
fsl_edma.c:462:6:EDMA_TcdSetTransferConfig	24	static
fsl_edma.c:511:6:EDMA_TcdSetMinorOffsetConfig	24	static
fsl_edma.c:541:6:EDMA_TcdSetChannelLink	32	static
fsl_edma.c:591:6:EDMA_TcdSetModulo	24	static
fsl_edma.c:609:6:EDMA_TcdEnableInterrupts	16	static
fsl_edma.c:633:6:EDMA_TcdDisableInterrupts	16	static
fsl_edma.c:671:10:EDMA_GetRemainingMajorLoopCount	24	static
fsl_edma.c:707:10:EDMA_GetChannelStatusFlags	24	static
fsl_edma.c:731:6:EDMA_ClearChannelStatusFlags	24	static
fsl_edma.c:752:16:Get_StartInstance	8	static
fsl_edma.c:780:6:EDMA_CreateHandle	40	static
fsl_edma.c:835:6:EDMA_InstallTCDMemory	24	static
fsl_edma.c:859:6:EDMA_SetCallback	24	static
fsl_edma.c:884:6:EDMA_PrepareTransfer	24	static
fsl_edma.c:1001:10:EDMA_SubmitTransfer	40	static
fsl_edma.c:1154:6:EDMA_StartTransfer	32	static
fsl_edma.c:1201:6:EDMA_StopTransfer	16	static
fsl_edma.c:1217:6:EDMA_AbortTransfer	16	static
fsl_edma.c:1266:6:EDMA_HandleIRQ	48	static
fsl_edma.c:1860:6:DMA0_DMA16_DriverIRQHandler	8	static
fsl_edma.c:1877:6:DMA1_DMA17_DriverIRQHandler	8	static
fsl_edma.c:1894:6:DMA2_DMA18_DriverIRQHandler	8	static
fsl_edma.c:1911:6:DMA3_DMA19_DriverIRQHandler	8	static
fsl_edma.c:1928:6:DMA4_DMA20_DriverIRQHandler	8	static
fsl_edma.c:1945:6:DMA5_DMA21_DriverIRQHandler	8	static
fsl_edma.c:1962:6:DMA6_DMA22_DriverIRQHandler	8	static
fsl_edma.c:1979:6:DMA7_DMA23_DriverIRQHandler	8	static
fsl_edma.c:1996:6:DMA8_DMA24_DriverIRQHandler	8	static
fsl_edma.c:2013:6:DMA9_DMA25_DriverIRQHandler	8	static
fsl_edma.c:2030:6:DMA10_DMA26_DriverIRQHandler	8	static
fsl_edma.c:2047:6:DMA11_DMA27_DriverIRQHandler	8	static
fsl_edma.c:2064:6:DMA12_DMA28_DriverIRQHandler	8	static
fsl_edma.c:2081:6:DMA13_DMA29_DriverIRQHandler	8	static
fsl_edma.c:2098:6:DMA14_DMA30_DriverIRQHandler	8	static
fsl_edma.c:2115:6:DMA15_DMA31_DriverIRQHandler	8	static
