Archive member included to satisfy reference by file (symbol)

c:/nxp/mcuxpressoide_11.0.0_2516/ide/plugins/com.nxp.mcuxpresso.tools.win32_11.0.0.201905131304/tools/bin/../lib/gcc/arm-none-eabi/8.2.1/../../../../arm-none-eabi/lib/thumb/v7e-m+fp/hard\libcr_semihost_nf.a(_cr__main.o)
                              ./startup/startup_mk66f18.o (__main)
c:/nxp/mcuxpressoide_11.0.0_2516/ide/plugins/com.nxp.mcuxpresso.tools.win32_11.0.0.201905131304/tools/bin/../lib/gcc/arm-none-eabi/8.2.1/../../../../arm-none-eabi/lib/thumb/v7e-m+fp/hard\libcr_semihost_nf.a(_cr_assert.o)
                              ./utilities/fsl_debug_console.o (__assertion_failed)
c:/nxp/mcuxpressoide_11.0.0_2516/ide/plugins/com.nxp.mcuxpresso.tools.win32_11.0.0.201905131304/tools/bin/../lib/gcc/arm-none-eabi/8.2.1/../../../../arm-none-eabi/lib/thumb/v7e-m+fp/hard\libcr_semihost_nf.a(__ciob.o)
                              c:/nxp/mcuxpressoide_11.0.0_2516/ide/plugins/com.nxp.mcuxpresso.tools.win32_11.0.0.201905131304/tools/bin/../lib/gcc/arm-none-eabi/8.2.1/../../../../arm-none-eabi/lib/thumb/v7e-m+fp/hard\libcr_semihost_nf.a(_cr_assert.o) (__Ciob)
c:/nxp/mcuxpressoide_11.0.0_2516/ide/plugins/com.nxp.mcuxpresso.tools.win32_11.0.0.201905131304/tools/bin/../lib/gcc/arm-none-eabi/8.2.1/../../../../arm-none-eabi/lib/thumb/v7e-m+fp/hard\libcr_semihost_nf.a(__sys_appexit.o)
                              c:/nxp/mcuxpressoide_11.0.0_2516/ide/plugins/com.nxp.mcuxpresso.tools.win32_11.0.0.201905131304/tools/bin/../lib/gcc/arm-none-eabi/8.2.1/../../../../arm-none-eabi/lib/thumb/v7e-m+fp/hard\libcr_semihost_nf.a(_cr_assert.o) (__sys_appexit)
c:/nxp/mcuxpressoide_11.0.0_2516/ide/plugins/com.nxp.mcuxpresso.tools.win32_11.0.0.201905131304/tools/bin/../lib/gcc/arm-none-eabi/8.2.1/../../../../arm-none-eabi/lib/thumb/v7e-m+fp/hard\libcr_c.a(memset.o)
                              ./utilities/fsl_debug_console.o (memset)
c:/nxp/mcuxpressoide_11.0.0_2516/ide/plugins/com.nxp.mcuxpresso.tools.win32_11.0.0.201905131304/tools/bin/../lib/gcc/arm-none-eabi/8.2.1/../../../../arm-none-eabi/lib/thumb/v7e-m+fp/hard\libcr_c.a(_deferredlazyseek.o)
                              c:/nxp/mcuxpressoide_11.0.0_2516/ide/plugins/com.nxp.mcuxpresso.tools.win32_11.0.0.201905131304/tools/bin/../lib/gcc/arm-none-eabi/8.2.1/../../../../arm-none-eabi/lib/thumb/v7e-m+fp/hard\libcr_semihost_nf.a(_cr_assert.o) (__flsbuf)
c:/nxp/mcuxpressoide_11.0.0_2516/ide/plugins/com.nxp.mcuxpresso.tools.win32_11.0.0.201905131304/tools/bin/../lib/gcc/arm-none-eabi/8.2.1/../../../../arm-none-eabi/lib/thumb/v7e-m+fp/hard\libcr_c.a(_fflush.o)
                              c:/nxp/mcuxpressoide_11.0.0_2516/ide/plugins/com.nxp.mcuxpresso.tools.win32_11.0.0.201905131304/tools/bin/../lib/gcc/arm-none-eabi/8.2.1/../../../../arm-none-eabi/lib/thumb/v7e-m+fp/hard\libcr_c.a(_deferredlazyseek.o) (_fflush)
c:/nxp/mcuxpressoide_11.0.0_2516/ide/plugins/com.nxp.mcuxpresso.tools.win32_11.0.0.201905131304/tools/bin/../lib/gcc/arm-none-eabi/8.2.1/../../../../arm-none-eabi/lib/thumb/v7e-m+fp/hard\libcr_c.a(_writebuf.o)
                              c:/nxp/mcuxpressoide_11.0.0_2516/ide/plugins/com.nxp.mcuxpresso.tools.win32_11.0.0.201905131304/tools/bin/../lib/gcc/arm-none-eabi/8.2.1/../../../../arm-none-eabi/lib/thumb/v7e-m+fp/hard\libcr_c.a(_deferredlazyseek.o) (_Cwritebuf)
c:/nxp/mcuxpressoide_11.0.0_2516/ide/plugins/com.nxp.mcuxpresso.tools.win32_11.0.0.201905131304/tools/bin/../lib/gcc/arm-none-eabi/8.2.1/../../../../arm-none-eabi/lib/thumb/v7e-m+fp/hard\libcr_c.a(alloc.o)
                              ./drivers/fsl_common.o (malloc)
c:/nxp/mcuxpressoide_11.0.0_2516/ide/plugins/com.nxp.mcuxpresso.tools.win32_11.0.0.201905131304/tools/bin/../lib/gcc/arm-none-eabi/8.2.1/../../../../arm-none-eabi/lib/thumb/v7e-m+fp/hard\libcr_c.a(floor.o)
                              ./source/MK66FN2M0xxx18_Accelerometer2.o (floor)
c:/nxp/mcuxpressoide_11.0.0_2516/ide/plugins/com.nxp.mcuxpresso.tools.win32_11.0.0.201905131304/tools/bin/../lib/gcc/arm-none-eabi/8.2.1/../../../../arm-none-eabi/lib/thumb/v7e-m+fp/hard\libcr_c.a(fputs.o)
                              c:/nxp/mcuxpressoide_11.0.0_2516/ide/plugins/com.nxp.mcuxpresso.tools.win32_11.0.0.201905131304/tools/bin/../lib/gcc/arm-none-eabi/8.2.1/../../../../arm-none-eabi/lib/thumb/v7e-m+fp/hard\libcr_semihost_nf.a(_cr_assert.o) (fputs)
c:/nxp/mcuxpressoide_11.0.0_2516/ide/plugins/com.nxp.mcuxpresso.tools.win32_11.0.0.201905131304/tools/bin/../lib/gcc/arm-none-eabi/8.2.1/../../../../arm-none-eabi/lib/thumb/v7e-m+fp/hard\libcr_c.a(fseek.o)
                              c:/nxp/mcuxpressoide_11.0.0_2516/ide/plugins/com.nxp.mcuxpresso.tools.win32_11.0.0.201905131304/tools/bin/../lib/gcc/arm-none-eabi/8.2.1/../../../../arm-none-eabi/lib/thumb/v7e-m+fp/hard\libcr_c.a(_deferredlazyseek.o) (fseek)
[...]
Memory Configuration

Name             Origin             Length             Attributes
PROGRAM_FLASH    0x00000000         0x00200000         xr
SRAM_UPPER       0x20000000         0x00030000         xrw
SRAM_LOWER       0x1fff0000         0x00010000         xrw
FLEX_RAM         0x14000000         0x00001000         xrw
*default*        0x00000000         0xffffffff

Linker script and memory map

LOAD ./utilities/fsl_debug_console.o
LOAD ./utilities/fsl_str.o
LOAD ./startup/startup_mk66f18.o
LOAD ./source/MK66FN2M0xxx18_Accelerometer2.o
LOAD ./source/accel.o
LOAD ./source/semihost_hardfault.o
LOAD ./drivers/fsl_clock.o
LOAD ./drivers/fsl_common.o
LOAD ./drivers/fsl_gpio.o
LOAD ./drivers/fsl_i2c.o
LOAD ./drivers/fsl_lpuart.o
LOAD ./drivers/fsl_rtc.o
LOAD ./drivers/fsl_smc.o
LOAD ./drivers/fsl_uart.o
LOAD ./device/system_MK66F18.o
LOAD ./component/uart/uart_adapter.o
LOAD ./component/serial_manager/serial_manager.o
LOAD ./component/serial_manager/serial_port_uart.o
LOAD ./component/lists/generic_list.o
LOAD ./board/boards/board.o
LOAD ./board/boards/clock_config.o
LOAD ./board/boards/peripherals.o
LOAD ./board/boards/pin_mux.o
LOAD ./accel/fsl_fxos.o
START GROUP
LOAD c:/nxp/mcuxpressoide_11.0.0_2516/ide/plugins/com.nxp.mcuxpresso.tools.win32_11.0.0.201905131304/tools/bin/../lib/gcc/arm-none-eabi/8.2.1/../../../../arm-none-eabi/lib/thumb/v7e-m+fp/hard\libcr_semihost_nf.a
LOAD c:/nxp/mcuxpressoide_11.0.0_2516/ide/plugins/com.nxp.mcuxpresso.tools.win32_11.0.0.201905131304/tools/bin/../lib/gcc/arm-none-eabi/8.2.1/../../../../arm-none-eabi/lib/thumb/v7e-m+fp/hard\libcr_c.a
LOAD c:/nxp/mcuxpressoide_11.0.0_2516/ide/plugins/com.nxp.mcuxpresso.tools.win32_11.0.0.201905131304/tools/bin/../lib/gcc/arm-none-eabi/8.2.1/thumb/v7e-m+fp/hard\libcr_eabihelpers.a
LOAD c:/nxp/mcuxpressoide_11.0.0_2516/ide/plugins/com.nxp.mcuxpresso.tools.win32_11.0.0.201905131304/tools/bin/../lib/gcc/arm-none-eabi/8.2.1/thumb/v7e-m+fp/hard\libgcc.a
END GROUP
                0x00000000                __base_PROGRAM_FLASH = 0x0
                0x00000000                __base_Flash = 0x0
                0x00200000                __top_PROGRAM_FLASH = 0x200000
                0x00200000                __top_Flash = 0x200000
                0x20000000                __base_SRAM_UPPER = 0x20000000
                0x20000000                __base_RAM = 0x20000000
                0x20030000                __top_SRAM_UPPER = 0x20030000
                0x20030000                __top_RAM = 0x20030000
                0x1fff0000                __base_SRAM_LOWER = 0x1fff0000
                0x1fff0000                __base_RAM2 = 0x1fff0000
                0x20000000                __top_SRAM_LOWER = 0x20000000
                0x20000000                __top_RAM2 = 0x20000000
                0x14000000                __base_FLEX_RAM = 0x14000000
                0x14000000                __base_RAM3 = 0x14000000
                0x14001000                __top_FLEX_RAM = 0x14001000
                0x14001000                __top_RAM3 = 0x14001000

.text           0x00000000     0x7190
 FILL mask 0xff
                0x00000000                __vectors_start__ = ABSOLUTE (.)
 *(SORT_BY_ALIGNMENT(.isr_vector))
 .isr_vector    0x00000000      0x1d0 ./startup/startup_mk66f18.o
                0x00000000                g_pfnVectors
                0x00000000                __Vectors
                0x000001d0                . = ALIGN (0x4)
                0x000001d0                __section_table_start = .
                0x000001d0                __data_section_table = .
                0x000001d0        0x4 LONG 0x7190 LOADADDR (.data)
                0x000001d4        0x4 LONG 0x20000000 ADDR (.data)
                0x000001d8        0x4 LONG 0x10 SIZEOF (.data)
                0x000001dc        0x4 LONG 0x7190 LOADADDR (.data_RAM2)
                0x000001e0        0x4 LONG 0x1fff0000 ADDR (.data_RAM2)
                0x000001e4        0x4 LONG 0x0 SIZEOF (.data_RAM2)
                0x000001e8        0x4 LONG 0x7190 LOADADDR (.data_RAM3)
                0x000001ec        0x4 LONG 0x14000000 ADDR (.data_RAM3)
                0x000001f0        0x4 LONG 0x0 SIZEOF (.data_RAM3)
                0x000001f4                __data_section_table_end = .
                0x000001f4                __bss_section_table = .
                0x000001f4        0x4 LONG 0x20000010 ADDR (.bss)
                0x000001f8        0x4 LONG 0x128 SIZEOF (.bss)
                0x000001fc        0x4 LONG 0x1fff0000 ADDR (.bss_RAM2)
                0x00000200        0x4 LONG 0x0 SIZEOF (.bss_RAM2)
                0x00000204        0x4 LONG 0x14000000 ADDR (.bss_RAM3)
                0x00000208        0x4 LONG 0x0 SIZEOF (.bss_RAM3)
                0x0000020c                __bss_section_table_end = .
                0x0000020c                __section_table_end = .
 *(SORT_BY_ALIGNMENT(.after_vectors*))
 .after_vectors.reset
                0x0000020c       0x4c ./startup/startup_mk66f18.o
                0x0000020c                ResetISR
 .after_vectors.init_data
                0x00000258       0x1e ./startup/startup_mk66f18.o
                0x00000258                data_init
 .after_vectors.init_bss
                0x00000276       0x12 ./startup/startup_mk66f18.o
                0x00000276                bss_init
 .after_vectors
                0x00000288       0x14 ./startup/startup_mk66f18.o
                0x00000288                NMI_Handler
                0x0000028c                MemManage_Handler
                0x0000028e                BusFault_Handler
                0x00000290                UsageFault_Handler
                0x00000292                SVC_Handler
                0x00000294                DebugMon_Handler
                0x00000296                PendSV_Handler
                0x00000298                SysTick_Handler
                0x0000029a                DMA_Error_DriverIRQHandler
                0x0000029a                FTM1_DriverIRQHandler
                0x0000029a                FTM2_DriverIRQHandler
                0x0000029a                PIT2_DriverIRQHandler
                0x0000029a                TPM2_DriverIRQHandler
                0x0000029a                SDHC_DriverIRQHandler
                0x0000029a                DMA7_DMA23_DriverIRQHandler
                0x0000029a                I2S0_Tx_DriverIRQHandler
                0x0000029a                TSI0_DriverIRQHandler
                0x0000029a                RTC_Seconds_DriverIRQHandler
                0x0000029a                CMP3_DriverIRQHandler
                0x0000029a                LLWU_DriverIRQHandler
                0x0000029a                MCM_DriverIRQHandler
                0x0000029a                DMA14_DMA30_DriverIRQHandler
                0x0000029a                MCG_DriverIRQHandler
                0x0000029a                ENET_1588_Timer_DriverIRQHandler
                0x0000029a                DAC1_DriverIRQHandler
                0x0000029a                LPTMR0_DriverIRQHandler
                0x0000029a                CMP1_DriverIRQHandler
                0x0000029a                USBHSDCD_DriverIRQHandler
                0x0000029a                DMA0_DMA16_DriverIRQHandler
                0x0000029a                FTM0_DriverIRQHandler
                0x0000029a                IntDefaultHandler
                0x0000029a                USB0_DriverIRQHandler
                0x0000029a                PORTC_DriverIRQHandler
                0x0000029a                DMA2_DMA18_DriverIRQHandler
                0x0000029a                DAC0_DriverIRQHandler
                0x0000029a                CMP2_DriverIRQHandler
                0x0000029a                UART2_ERR_DriverIRQHandler
                0x0000029a                SPI2_DriverIRQHandler
                0x0000029a                LVD_LVW_DriverIRQHandler
                0x0000029a                Reserved84_DriverIRQHandler
                0x0000029a                SPI1_DriverIRQHandler
                0x0000029a                RNG_DriverIRQHandler
                0x0000029a                USBDCD_DriverIRQHandler
                0x0000029a                UART3_ERR_DriverIRQHandler
                0x0000029a                DMA12_DMA28_DriverIRQHandler
                0x0000029a                DMA10_DMA26_DriverIRQHandler
                0x0000029a                UART0_ERR_DriverIRQHandler
                0x0000029a                CMT_DriverIRQHandler
                0x0000029a                Reserved71_DriverIRQHandler
                0x0000029a                ADC1_DriverIRQHandler
                0x0000029a                PORTA_DriverIRQHandler
                0x0000029a                DMA1_DMA17_DriverIRQHandler
                0x0000029a                PIT3_DriverIRQHandler
                0x0000029a                PIT1_DriverIRQHandler
                0x0000029a                TPM1_DriverIRQHandler
                0x0000029a                WDOG_EWM_DriverIRQHandler
                0x0000029a                PDB0_DriverIRQHandler
                0x0000029a                DMA8_DMA24_DriverIRQHandler
                0x0000029a                DMA6_DMA22_DriverIRQHandler
                0x0000029a                RTC_DriverIRQHandler
                0x0000029a                I2S0_Rx_DriverIRQHandler
                0x0000029a                Read_Collision_DriverIRQHandler
                0x0000029a                SWI_DriverIRQHandler
                0x0000029a                UART4_ERR_DriverIRQHandler
                0x0000029a                PORTB_DriverIRQHandler
                0x0000029a                DMA13_DMA29_DriverIRQHandler
                0x0000029a                DMA11_DMA27_DriverIRQHandler
                0x0000029a                DMA4_DMA20_DriverIRQHandler
                0x0000029a                DMA9_DMA25_DriverIRQHandler
                0x0000029a                ENET_Receive_DriverIRQHandler
                0x0000029a                DMA3_DMA19_DriverIRQHandler
                0x0000029a                ENET_Error_DriverIRQHandler
                0x0000029a                Reserved85_DriverIRQHandler
                0x0000029a                SPI0_DriverIRQHandler
                0x0000029a                ADC0_DriverIRQHandler
                0x0000029a                USBHS_DriverIRQHandler
                0x0000029a                CMP0_DriverIRQHandler
                0x0000029a                CAN0_DriverIRQHandler
                0x0000029a                FTM3_DriverIRQHandler
                0x0000029a                DMA5_DMA21_DriverIRQHandler
                0x0000029a                PIT0_DriverIRQHandler
                0x0000029a                DMA15_DMA31_DriverIRQHandler
                0x0000029a                UART1_ERR_DriverIRQHandler
                0x0000029a                ENET_Transmit_DriverIRQHandler
                0x0000029a                PORTD_DriverIRQHandler
                0x0000029a                Reserved46_DriverIRQHandler
                0x0000029a                PORTE_DriverIRQHandler
                0x0000029a                FTFE_DriverIRQHandler
                0x0000029a                CAN1_DriverIRQHandler
                0x00000400                . = 0x400
 *fill*         0x0000029c      0x164 ff
                0x00000400                PROVIDE (__FLASH_CONFIG_START__ = .)
 *(SORT_BY_ALIGNMENT(.FlashConfig))
 .FlashConfig   0x00000400       0x10 ./startup/startup_mk66f18.o
                0x00000400                Flash_Config
                0x00000410                PROVIDE (__FLASH_CONFIG_END__ = .)
                0x00000001                ASSERT (! ((__FLASH_CONFIG_START__ == __FLASH_CONFIG_END__)), Linker Flash Config Support Enabled, but no .FlashConfig section provided within application)
 *(SORT_BY_ALIGNMENT(.text*))
 .text.DbgConsole_Init
                0x00000410      0x104 ./utilities/fsl_debug_console.o
                0x00000410                DbgConsole_Init
 .text.PORTC_IRQHandler
                0x00000514       0x2c ./source/MK66FN2M0xxx18_Accelerometer2.o
                0x00000514                PORTC_IRQHandler
 .text.initializeAccel
                0x00000540       0xac ./source/MK66FN2M0xxx18_Accelerometer2.o
                0x00000540                initializeAccel
 .text.main     0x000005ec      0x210 ./source/MK66FN2M0xxx18_Accelerometer2.o
                0x000005ec                main
 .text.startInitialization
                0x000007fc       0xf0 ./source/accel.o
                0x000007fc                startInitialization
 .text.CLOCK_SetEr32kClock
                0x000008ec       0x30 ./drivers/fsl_clock.o
 .text.CLOCK_SetPllFllSelClock
                0x0000091c       0x58 ./drivers/fsl_clock.o
 .text.CLOCK_GetMcgExtClkFreq
                0x00000974       0x78 ./drivers/fsl_clock.o
 .text.CLOCK_GetFllExtRefClkFreq
                0x000009ec       0xd0 ./drivers/fsl_clock.o
 .text.CLOCK_GetInternalRefClkSelectFreq
                0x00000abc       0x44 ./drivers/fsl_clock.o
 .text.CLOCK_GetFllRefClkFreq
                0x00000b00       0x2c ./drivers/fsl_clock.o
 .text.CLOCK_GetOscRangeFromFreq
                0x00000b2c       0x3c ./drivers/fsl_clock.o
 .text.CLOCK_GetOsc0ErClkUndivFreq
                0x00000b68       0x38 ./drivers/fsl_clock.o
                0x00000b68                CLOCK_GetOsc0ErClkUndivFreq
 .text.CLOCK_GetOsc0ErClkDivFreq
                0x00000ba0       0x48 ./drivers/fsl_clock.o
                0x00000ba0                CLOCK_GetOsc0ErClkDivFreq
 .text.CLOCK_GetEr32kClkFreq
                0x00000be8       0x70 ./drivers/fsl_clock.o
                0x00000be8                CLOCK_GetEr32kClkFreq
 .text.CLOCK_GetPllFllSelClkFreq
                0x00000c58       0x90 ./drivers/fsl_clock.o
                0x00000c58                CLOCK_GetPllFllSelClkFreq
 .text.CLOCK_GetCoreSysClkFreq
                0x00000ce8       0x28 ./drivers/fsl_clock.o
                0x00000ce8                CLOCK_GetCoreSysClkFreq
 .text.CLOCK_GetFreq
                0x00000d10      0x150 ./drivers/fsl_clock.o
                0x00000d10                CLOCK_GetFreq
 .text.CLOCK_SetSimConfig
                0x00000e60       0x44 ./drivers/fsl_clock.o
                0x00000e60                CLOCK_SetSimConfig
 .text.CLOCK_EnableUsbfs0Clock
                0x00000ea4      0x11c ./drivers/fsl_clock.o
                0x00000ea4                CLOCK_EnableUsbfs0Clock
 .text.CLOCK_GetOutClkFreq
                0x00000fc0       0x90 ./drivers/fsl_clock.o
                0x00000fc0                CLOCK_GetOutClkFreq
 .text.CLOCK_GetFllFreq
                0x00001050       0x7c ./drivers/fsl_clock.o
                0x00001050                CLOCK_GetFllFreq
 .text.CLOCK_GetInternalRefClkFreq
                0x000010cc       0x24 ./drivers/fsl_clock.o
                0x000010cc                CLOCK_GetInternalRefClkFreq
 .text.CLOCK_GetPll0Freq
                0x000010f0       0x6c ./drivers/fsl_clock.o
                0x000010f0                CLOCK_GetPll0Freq
 .text.CLOCK_GetExtPllFreq
                0x0000115c       0x18 ./drivers/fsl_clock.o
                0x0000115c                CLOCK_GetExtPllFreq
 .text.CLOCK_SetExtPllFreq
                0x00001174       0x20 ./drivers/fsl_clock.o
                0x00001174                CLOCK_SetExtPllFreq
 .text.CLOCK_SetExternalRefClkConfig
                0x00001194       0x6c ./drivers/fsl_clock.o
                0x00001194                CLOCK_SetExternalRefClkConfig
 .text.CLOCK_SetInternalRefClkConfig
                0x00001200      0x104 ./drivers/fsl_clock.o
                0x00001200                CLOCK_SetInternalRefClkConfig
 .text.CLOCK_EnablePll0
                0x00001304       0x84 ./drivers/fsl_clock.o
                0x00001304                CLOCK_EnablePll0
 .text.CLOCK_InitOsc0
                0x00001388       0x8c ./drivers/fsl_clock.o
                0x00001388                CLOCK_InitOsc0
 .text.CLOCK_SetPbeMode
                0x00001414       0xe8 ./drivers/fsl_clock.o
                0x00001414                CLOCK_SetPbeMode
 .text.CLOCK_BootToPeeMode
                0x000014fc       0x68 ./drivers/fsl_clock.o
                0x000014fc                CLOCK_BootToPeeMode
 .text.GPIO_GetInstance
                0x00001564       0x4c ./drivers/fsl_gpio.o
 .text.GPIO_PinInit
                0x000015b0       0x68 ./drivers/fsl_gpio.o
                0x000015b0                GPIO_PinInit
 .text.GPIO_PortClearInterruptFlags
                0x00001618       0x34 ./drivers/fsl_gpio.o
                0x00001618                GPIO_PortClearInterruptFlags
 .text.I2C_GetInstance
                0x0000164c       0x4c ./drivers/fsl_i2c.o
                0x0000164c                I2C_GetInstance
 .text.I2C_TransferCommonIRQHandler
                0x00001698       0x54 ./drivers/fsl_i2c.o
 .text.I2C_MasterInit
                0x000016ec       0xe4 ./drivers/fsl_i2c.o
                0x000016ec                I2C_MasterInit
 .text.I2C_MasterSetBaudRate
                0x000017d0       0xe4 ./drivers/fsl_i2c.o
                0x000017d0                I2C_MasterSetBaudRate
 .text.I2C_MasterTransferBlocking
                0x000018b4      0x24c ./drivers/fsl_i2c.o
                0x000018b4                I2C_MasterTransferBlocking
 .text.I2C0_DriverIRQHandler
                0x00001b00       0x1c ./drivers/fsl_i2c.o
                0x00001b00                I2C0_DriverIRQHandler
 .text.I2C1_DriverIRQHandler
                0x00001b1c       0x1c ./drivers/fsl_i2c.o
                0x00001b1c                I2C1_DriverIRQHandler
 .text.I2C2_DriverIRQHandler
                0x00001b38       0x1c ./drivers/fsl_i2c.o
                0x00001b38                I2C2_DriverIRQHandler
 .text.I2C3_DriverIRQHandler
                0x00001b54       0x1c ./drivers/fsl_i2c.o
                0x00001b54                I2C3_DriverIRQHandler
 .text.LPUART0_DriverIRQHandler
                0x00001b70       0x28 ./drivers/fsl_lpuart.o
                0x00001b70                LPUART0_DriverIRQHandler
 .text.UART_GetInstance
                0x00001b98       0x54 ./drivers/fsl_uart.o
                0x00001b98                UART_GetInstance
 .text.UART_Init
                0x00001bec      0x2d8 ./drivers/fsl_uart.o
                0x00001bec                UART_Init
 .text.UART_GetDefaultConfig
                0x00001ec4       0x68 ./drivers/fsl_uart.o
                0x00001ec4                UART_GetDefaultConfig
 .text.UART0_DriverIRQHandler
                0x00001f2c       0x28 ./drivers/fsl_uart.o
                0x00001f2c                UART0_DriverIRQHandler
 .text.UART1_DriverIRQHandler
                0x00001f54       0x28 ./drivers/fsl_uart.o
                0x00001f54                UART1_DriverIRQHandler
 .text.UART2_DriverIRQHandler
                0x00001f7c       0x28 ./drivers/fsl_uart.o
                0x00001f7c                UART2_DriverIRQHandler
 .text.UART3_DriverIRQHandler
                0x00001fa4       0x28 ./drivers/fsl_uart.o
                0x00001fa4                UART3_DriverIRQHandler
 .text.UART4_DriverIRQHandler
                0x00001fcc       0x28 ./drivers/fsl_uart.o
                0x00001fcc                UART4_DriverIRQHandler
 .text.SystemInit
                0x00001ff4       0x3c ./device/system_MK66F18.o
                0x00001ff4                SystemInit
 .text.HAL_UartInit
                0x00002030      0x108 ./component/uart/uart_adapter.o
                0x00002030                HAL_UartInit
 .text.SerialManager_Init
                0x00002138       0x74 ./component/serial_manager/serial_manager.o
                0x00002138                SerialManager_Init
 .text.SerialManager_OpenWriteHandle
                0x000021ac       0x58 ./component/serial_manager/serial_manager.o
                0x000021ac                SerialManager_OpenWriteHandle
 .text.SerialManager_OpenReadHandle
                0x00002204       0x60 ./component/serial_manager/serial_manager.o
                0x00002204                SerialManager_OpenReadHandle
 .text.Serial_UartInit
                0x00002264       0x80 ./component/serial_manager/serial_port_uart.o
                0x00002264                Serial_UartInit
 .text.BOARD_Accel_I2C_Send
                0x000022e4       0x40 ./board/boards/board.o
                0x000022e4                BOARD_Accel_I2C_Send
 .text.BOARD_Accel_I2C_Receive
                0x00002324       0x38 ./board/boards/board.o
                0x00002324                BOARD_Accel_I2C_Receive
 .text.CLOCK_SetSdhc0Clock
                0x0000235c       0x3c ./board/boards/clock_config.o
 .text.CLOCK_SetEnetTime0Clock
                0x00002398       0x3c ./board/boards/clock_config.o
 .text.CLOCK_SetRmii0Clock
                0x000023d4       0x3c ./board/boards/clock_config.o
 .text.CLOCK_SetLpuartClock
                0x00002410       0x3c ./board/boards/clock_config.o
 .text.CLOCK_SetTpmClock
                0x0000244c       0x3c ./board/boards/clock_config.o
 .text.CLOCK_SetTraceClock
                0x00002488       0x58 ./board/boards/clock_config.o
 .text.CLOCK_SetClkOutClock
                0x000024e0       0x38 ./board/boards/clock_config.o
 .text.CLOCK_SetRtcClkOutClock
                0x00002518       0x3c ./board/boards/clock_config.o
 .text.CLOCK_SetSimSafeDivs
                0x00002554       0x24 ./board/boards/clock_config.o
 .text.CLOCK_SetXtal0Freq
                0x00002578       0x20 ./board/boards/clock_config.o
 .text.CLOCK_SetXtal32Freq
                0x00002598       0x20 ./board/boards/clock_config.o
 .text.CLOCK_CONFIG_SetRtcClock
                0x000025b8       0x84 ./board/boards/clock_config.o
 .text.CLOCK_CONFIG_EnableUsbhs0PhyPllClock
                0x0000263c       0xfc ./board/boards/clock_config.o
 .text.CLOCK_CONFIG_EnableUsbhs0PfdClock
                0x00002738       0xb4 ./board/boards/clock_config.o
 .text.CLOCK_CONFIG_SetUsbSlowClock
                0x000027ec       0x3c ./board/boards/clock_config.o
 .text.CLOCK_CONFIG_SetFllExtRefDiv
                0x00002828       0x3c ./board/boards/clock_config.o
 .text.BOARD_BootClockHSRUN
                0x00002864       0xe0 ./board/boards/clock_config.o
                0x00002864                BOARD_BootClockHSRUN
 .text.__NVIC_EnableIRQ
                0x00002944       0x3c ./board/boards/peripherals.o
 .text.ACCEL_init
                0x00002980       0x24 ./board/boards/peripherals.o
                0x00002980                ACCEL_init
 .text.PORT_SetPinConfig
                0x000029a4       0x38 ./board/boards/pin_mux.o
 .text.BOARD_InitPins
                0x000029dc       0x30 ./board/boards/pin_mux.o
                0x000029dc                BOARD_InitPins
 .text.BOARD_InitACCEL_I2CPins
                0x00002a0c      0x10c ./board/boards/pin_mux.o
                0x00002a0c                BOARD_InitACCEL_I2CPins
 .text.BOARD_InitDEBUG_UARTPins
                0x00002b18       0x6c ./board/boards/pin_mux.o
                0x00002b18                BOARD_InitDEBUG_UARTPins
 .text.FXOS_ReadReg
                0x00002b84       0x60 ./accel/fsl_fxos.o
                0x00002b84                FXOS_ReadReg
 .text.FXOS_WriteReg
                0x00002be4       0x48 ./accel/fsl_fxos.o
                0x00002be4                FXOS_WriteReg
 .text.__assertion_failed
                0x00002c2c       0x4c c:/nxp/mcuxpressoide_11.0.0_2516/ide/plugins/com.nxp.mcuxpresso.tools.win32_11.0.0.201905131304/tools/bin/../lib/gcc/arm-none-eabi/8.2.1/../../../../arm-none-eabi/lib/thumb/v7e-m+fp/hard\libcr_semihost_nf.a(_cr_assert.o)
                0x00002c2c                __assertion_failed
 .text.__sys_appexit
                0x00002c78        0xc c:/nxp/mcuxpressoide_11.0.0_2516/ide/plugins/com.nxp.mcuxpresso.tools.win32_11.0.0.201905131304/tools/bin/../lib/gcc/arm-none-eabi/8.2.1/../../../../arm-none-eabi/lib/thumb/v7e-m+fp/hard\libcr_semihost_nf.a(__sys_appexit.o)
                0x00002c78                __sys_appexit
                0x00002c78                __exit
 .text._Cwritebuf
                0x00002c84       0x6c c:/nxp/mcuxpressoide_11.0.0_2516/ide/plugins/com.nxp.mcuxpresso.tools.win32_11.0.0.201905131304/tools/bin/../lib/gcc/arm-none-eabi/8.2.1/../../../../arm-none-eabi/lib/thumb/v7e-m+fp/hard\libcr_c.a(_writebuf.o)
                0x00002c84                _Cwritebuf
 .text.malloc   0x00002cf0       0xc8 c:/nxp/mcuxpressoide_11.0.0_2516/ide/plugins/com.nxp.mcuxpresso.tools.win32_11.0.0.201905131304/tools/bin/../lib/gcc/arm-none-eabi/8.2.1/../../../../arm-none-eabi/lib/thumb/v7e-m+fp/hard\libcr_c.a(alloc.o)
                0x00002cf0                malloc
 .text._Csys_alloc
                0x00002db8       0x20 c:/nxp/mcuxpressoide_11.0.0_2516/ide/plugins/com.nxp.mcuxpresso.tools.win32_11.0.0.201905131304/tools/bin/../lib/gcc/arm-none-eabi/8.2.1/../../../../arm-none-eabi/lib/thumb/v7e-m+fp/hard\libcr_c.a(alloc.o)
                0x00002db8                _Csys_alloc
 .text.floor    0x00002dd8       0x98 c:/nxp/mcuxpressoide_11.0.0_2516/ide/plugins/com.nxp.mcuxpresso.tools.win32_11.0.0.201905131304/tools/bin/../lib/gcc/arm-none-eabi/8.2.1/../../../../arm-none-eabi/lib/thumb/v7e-m+fp/hard\libcr_c.a(floor.o)
                0x00002dd8                floor
 .text.fseek    0x00002e70      0x100 c:/nxp/mcuxpressoide_11.0.0_2516/ide/plugins/com.nxp.mcuxpresso.tools.win32_11.0.0.201905131304/tools/bin/../lib/gcc/arm-none-eabi/8.2.1/../../../../arm-none-eabi/lib/thumb/v7e-m+fp/hard\libcr_c.a(fseek.o)
                0x00002e70                fseek
 .text.ftell    0x00002f70       0x48 c:/nxp/mcuxpressoide_11.0.0_2516/ide/plugins/com.nxp.mcuxpresso.tools.win32_11.0.0.201905131304/tools/bin/../lib/gcc/arm-none-eabi/8.2.1/../../../../arm-none-eabi/lib/thumb/v7e-m+fp/hard\libcr_c.a(ftell.o)
                0x00002f70                ftell
 .text._initio  0x00002fb8       0x78 c:/nxp/mcuxpressoide_11.0.0_2516/ide/plugins/com.nxp.mcuxpresso.tools.win32_11.0.0.201905131304/tools/bin/../lib/gcc/arm-none-eabi/8.2.1/../../../../arm-none-eabi/lib/thumb/v7e-m+fp/hard\libcr_c.a(initio.o)
                0x00002fb8                _initio
 .text.__vfprintf
                0x00003030      0xbe0 c:/nxp/mcuxpressoide_11.0.0_2516/ide/plugins/com.nxp.mcuxpresso.tools.win32_11.0.0.201905131304/tools/bin/../lib/gcc/arm-none-eabi/8.2.1/../../../../arm-none-eabi/lib/thumb/v7e-m+fp/hard\libcr_c.a(printf.o)
                0x00003030                __vfprintf
 .text._vsnprintf
                0x00003c10       0x68 c:/nxp/mcuxpressoide_11.0.0_2516/ide/plugins/com.nxp.mcuxpresso.tools.win32_11.0.0.201905131304/tools/bin/../lib/gcc/arm-none-eabi/8.2.1/../../../../arm-none-eabi/lib/thumb/v7e-m+fp/hard\libcr_c.a(printf.o)
                0x00003c10                _vsnprintf
 .text._printf  0x00003c78       0x54 c:/nxp/mcuxpressoide_11.0.0_2516/ide/plugins/com.nxp.mcuxpresso.tools.win32_11.0.0.201905131304/tools/bin/../lib/gcc/arm-none-eabi/8.2.1/../../../../arm-none-eabi/lib/thumb/v7e-m+fp/hard\libcr_c.a(printf.o)
                0x00003c78                _printf
 .text.setvbuf  0x00003ccc       0x40 c:/nxp/mcuxpressoide_11.0.0_2516/ide/plugins/com.nxp.mcuxpresso.tools.win32_11.0.0.201905131304/tools/bin/../lib/gcc/arm-none-eabi/8.2.1/../../../../arm-none-eabi/lib/thumb/v7e-m+fp/hard\libcr_c.a(setvbuf.o)
                0x00003ccc                setvbuf
 .text._sbrk    0x00003d0c       0x3c c:/nxp/mcuxpressoide_11.0.0_2516/ide/plugins/com.nxp.mcuxpresso.tools.win32_11.0.0.201905131304/tools/bin/../lib/gcc/arm-none-eabi/8.2.1/../../../../arm-none-eabi/lib/thumb/v7e-m+fp/hard\libcr_c.a(_cr_sbrk.o)
                0x00003d0c                _sbrk
 .text.fflush   0x00003d48       0x44 c:/nxp/mcuxpressoide_11.0.0_2516/ide/plugins/com.nxp.mcuxpresso.tools.win32_11.0.0.201905131304/tools/bin/../lib/gcc/arm-none-eabi/8.2.1/../../../../arm-none-eabi/lib/thumb/v7e-m+fp/hard\libcr_c.a(fflush.o)
                0x00003d48                fflush
 .text.__check_heap_overflow
                0x00003d8c       0x18 c:/nxp/mcuxpressoide_11.0.0_2516/ide/plugins/com.nxp.mcuxpresso.tools.win32_11.0.0.201905131304/tools/bin/../lib/gcc/arm-none-eabi/8.2.1/../../../../arm-none-eabi/lib/thumb/v7e-m+fp/hard\libcr_c.a(_cr_check_heap.o)
                0x00003d8c                __check_heap_overflow
 .text.__aeabi_dmul
                0x00003da4      0x114 c:/nxp/mcuxpressoide_11.0.0_2516/ide/plugins/com.nxp.mcuxpresso.tools.win32_11.0.0.201905131304/tools/bin/../lib/gcc/arm-none-eabi/8.2.1/thumb/v7e-m+fp/hard\libcr_eabihelpers.a(double.o)
                0x00003da4                __aeabi_dmul
 .text.__aeabi_ddiv
                0x00003eb8      0x150 c:/nxp/mcuxpressoide_11.0.0_2516/ide/plugins/com.nxp.mcuxpresso.tools.win32_11.0.0.201905131304/tools/bin/../lib/gcc/arm-none-eabi/8.2.1/thumb/v7e-m+fp/hard\libcr_eabihelpers.a(double.o)
                0x00003eb8                __aeabi_ddiv
 .text.__aeabi_dsub
                0x00004008      0x1ac c:/nxp/mcuxpressoide_11.0.0_2516/ide/plugins/com.nxp.mcuxpresso.tools.win32_11.0.0.201905131304/tools/bin/../lib/gcc/arm-none-eabi/8.2.1/thumb/v7e-m+fp/hard\libcr_eabihelpers.a(double.o)
                0x00004008                __aeabi_dsub
 .text.__aeabi_dadd
                0x000041b4      0x114 c:/nxp/mcuxpressoide_11.0.0_2516/ide/plugins/com.nxp.mcuxpresso.tools.win32_11.0.0.201905131304/tools/bin/../lib/gcc/arm-none-eabi/8.2.1/thumb/v7e-m+fp/hard\libcr_eabihelpers.a(double.o)
                0x000041b4                __aeabi_dadd
 .text.DMA0_DMA16_IRQHandler
                0x000042c8        0x8 ./startup/startup_mk66f18.o
                0x000042c8                DMA0_DMA16_IRQHandler
 .text.DMA1_DMA17_IRQHandler
                0x000042d0        0x8 ./startup/startup_mk66f18.o
                0x000042d0                DMA1_DMA17_IRQHandler
 .text.DMA2_DMA18_IRQHandler
                0x000042d8        0x8 ./startup/startup_mk66f18.o
                0x000042d8                DMA2_DMA18_IRQHandler
 .text.DMA3_DMA19_IRQHandler
                0x000042e0        0x8 ./startup/startup_mk66f18.o
                0x000042e0                DMA3_DMA19_IRQHandler
 .text.DMA4_DMA20_IRQHandler
                0x000042e8        0x8 ./startup/startup_mk66f18.o
                0x000042e8                DMA4_DMA20_IRQHandler
 .text.DMA5_DMA21_IRQHandler
                0x000042f0        0x8 ./startup/startup_mk66f18.o
                0x000042f0                DMA5_DMA21_IRQHandler
 .text.DMA6_DMA22_IRQHandler
                0x000042f8        0x8 ./startup/startup_mk66f18.o
                0x000042f8                DMA6_DMA22_IRQHandler
 .text.DMA7_DMA23_IRQHandler
                0x00004300        0x8 ./startup/startup_mk66f18.o
                0x00004300                DMA7_DMA23_IRQHandler
 .text.DMA8_DMA24_IRQHandler
                0x00004308        0x8 ./startup/startup_mk66f18.o
                0x00004308                DMA8_DMA24_IRQHandler
 .text.DMA9_DMA25_IRQHandler
                0x00004310        0x8 ./startup/startup_mk66f18.o
                0x00004310                DMA9_DMA25_IRQHandler
 .text.DMA10_DMA26_IRQHandler
                0x00004318        0x8 ./startup/startup_mk66f18.o
                0x00004318                DMA10_DMA26_IRQHandler
 .text.DMA11_DMA27_IRQHandler
                0x00004320        0x8 ./startup/startup_mk66f18.o
                0x00004320                DMA11_DMA27_IRQHandler
 .text.DMA12_DMA28_IRQHandler
                0x00004328        0x8 ./startup/startup_mk66f18.o
                0x00004328                DMA12_DMA28_IRQHandler
 .text.DMA13_DMA29_IRQHandler
                0x00004330        0x8 ./startup/startup_mk66f18.o
                0x00004330                DMA13_DMA29_IRQHandler
 .text.DMA14_DMA30_IRQHandler
                0x00004338        0x8 ./startup/startup_mk66f18.o
                0x00004338                DMA14_DMA30_IRQHandler
 .text.DMA15_DMA31_IRQHandler
                0x00004340        0x8 ./startup/startup_mk66f18.o
                0x00004340                DMA15_DMA31_IRQHandler
 .text.DMA_Error_IRQHandler
                0x00004348        0x8 ./startup/startup_mk66f18.o
                0x00004348                DMA_Error_IRQHandler
 .text.MCM_IRQHandler
                0x00004350        0x8 ./startup/startup_mk66f18.o
                0x00004350                MCM_IRQHandler
 .text.FTFE_IRQHandler
                0x00004358        0x8 ./startup/startup_mk66f18.o
                0x00004358                FTFE_IRQHandler
 .text.Read_Collision_IRQHandler
                0x00004360        0x8 ./startup/startup_mk66f18.o
                0x00004360                Read_Collision_IRQHandler
 .text.LVD_LVW_IRQHandler
                0x00004368        0x8 ./startup/startup_mk66f18.o
                0x00004368                LVD_LVW_IRQHandler
 .text.LLWU_IRQHandler
                0x00004370        0x8 ./startup/startup_mk66f18.o
                0x00004370                LLWU_IRQHandler
 .text.WDOG_EWM_IRQHandler
                0x00004378        0x8 ./startup/startup_mk66f18.o
                0x00004378                WDOG_EWM_IRQHandler
 .text.RNG_IRQHandler
                0x00004380        0x8 ./startup/startup_mk66f18.o
                0x00004380                RNG_IRQHandler
 .text.I2C0_IRQHandler
                0x00004388        0x8 ./startup/startup_mk66f18.o
                0x00004388                I2C0_IRQHandler
 .text.I2C1_IRQHandler
                0x00004390        0x8 ./startup/startup_mk66f18.o
                0x00004390                I2C1_IRQHandler
 .text.SPI0_IRQHandler
                0x00004398        0x8 ./startup/startup_mk66f18.o
                0x00004398                SPI0_IRQHandler
 .text.SPI1_IRQHandler
                0x000043a0        0x8 ./startup/startup_mk66f18.o
                0x000043a0                SPI1_IRQHandler
 .text.I2S0_Tx_IRQHandler
                0x000043a8        0x8 ./startup/startup_mk66f18.o
                0x000043a8                I2S0_Tx_IRQHandler
 .text.I2S0_Rx_IRQHandler
                0x000043b0        0x8 ./startup/startup_mk66f18.o
                0x000043b0                I2S0_Rx_IRQHandler
 .text.Reserved46_IRQHandler
                0x000043b8        0x8 ./startup/startup_mk66f18.o
                0x000043b8                Reserved46_IRQHandler
 .text.UART0_RX_TX_IRQHandler
                0x000043c0        0x8 ./startup/startup_mk66f18.o
                0x000043c0                UART0_RX_TX_IRQHandler
 .text.UART0_ERR_IRQHandler
                0x000043c8        0x8 ./startup/startup_mk66f18.o
                0x000043c8                UART0_ERR_IRQHandler
 .text.UART1_RX_TX_IRQHandler
                0x000043d0        0x8 ./startup/startup_mk66f18.o
                0x000043d0                UART1_RX_TX_IRQHandler
 .text.UART1_ERR_IRQHandler
                0x000043d8        0x8 ./startup/startup_mk66f18.o
                0x000043d8                UART1_ERR_IRQHandler
 .text.UART2_RX_TX_IRQHandler
                0x000043e0        0x8 ./startup/startup_mk66f18.o
                0x000043e0                UART2_RX_TX_IRQHandler
 .text.UART2_ERR_IRQHandler
                0x000043e8        0x8 ./startup/startup_mk66f18.o
                0x000043e8                UART2_ERR_IRQHandler
 .text.UART3_RX_TX_IRQHandler
                0x000043f0        0x8 ./startup/startup_mk66f18.o
                0x000043f0                UART3_RX_TX_IRQHandler
 .text.UART3_ERR_IRQHandler
                0x000043f8        0x8 ./startup/startup_mk66f18.o
                0x000043f8                UART3_ERR_IRQHandler
 .text.ADC0_IRQHandler
                0x00004400        0x8 ./startup/startup_mk66f18.o
                0x00004400                ADC0_IRQHandler
 .text.CMP0_IRQHandler
                0x00004408        0x8 ./startup/startup_mk66f18.o
                0x00004408                CMP0_IRQHandler
 .text.CMP1_IRQHandler
                0x00004410        0x8 ./startup/startup_mk66f18.o
                0x00004410                CMP1_IRQHandler
 .text.FTM0_IRQHandler
                0x00004418        0x8 ./startup/startup_mk66f18.o
                0x00004418                FTM0_IRQHandler
 .text.FTM1_IRQHandler
                0x00004420        0x8 ./startup/startup_mk66f18.o
                0x00004420                FTM1_IRQHandler
 .text.FTM2_IRQHandler
                0x00004428        0x8 ./startup/startup_mk66f18.o
                0x00004428                FTM2_IRQHandler
 .text.CMT_IRQHandler
                0x00004430        0x8 ./startup/startup_mk66f18.o
                0x00004430                CMT_IRQHandler
 .text.RTC_IRQHandler
                0x00004438        0x8 ./startup/startup_mk66f18.o
                0x00004438                RTC_IRQHandler
 .text.RTC_Seconds_IRQHandler
                0x00004440        0x8 ./startup/startup_mk66f18.o
                0x00004440                RTC_Seconds_IRQHandler
 .text.PIT0_IRQHandler
                0x00004448        0x8 ./startup/startup_mk66f18.o
                0x00004448                PIT0_IRQHandler
 .text.PIT1_IRQHandler
                0x00004450        0x8 ./startup/startup_mk66f18.o
                0x00004450                PIT1_IRQHandler
 .text.PIT2_IRQHandler
                0x00004458        0x8 ./startup/startup_mk66f18.o
                0x00004458                PIT2_IRQHandler
 .text.PIT3_IRQHandler
                0x00004460        0x8 ./startup/startup_mk66f18.o
                0x00004460                PIT3_IRQHandler
 .text.PDB0_IRQHandler
                0x00004468        0x8 ./startup/startup_mk66f18.o
                0x00004468                PDB0_IRQHandler
 .text.USB0_IRQHandler
                0x00004470        0x8 ./startup/startup_mk66f18.o
                0x00004470                USB0_IRQHandler
 .text.USBDCD_IRQHandler
                0x00004478        0x8 ./startup/startup_mk66f18.o
                0x00004478                USBDCD_IRQHandler
 .text.Reserved71_IRQHandler
                0x00004480        0x8 ./startup/startup_mk66f18.o
                0x00004480                Reserved71_IRQHandler
 .text.DAC0_IRQHandler
                0x00004488        0x8 ./startup/startup_mk66f18.o
                0x00004488                DAC0_IRQHandler
 .text.MCG_IRQHandler
                0x00004490        0x8 ./startup/startup_mk66f18.o
                0x00004490                MCG_IRQHandler
 .text.LPTMR0_IRQHandler
                0x00004498        0x8 ./startup/startup_mk66f18.o
                0x00004498                LPTMR0_IRQHandler
 .text.PORTA_IRQHandler
                0x000044a0        0x8 ./startup/startup_mk66f18.o
                0x000044a0                PORTA_IRQHandler
 .text.PORTB_IRQHandler
                0x000044a8        0x8 ./startup/startup_mk66f18.o
                0x000044a8                PORTB_IRQHandler
 .text.PORTD_IRQHandler
                0x000044b0        0x8 ./startup/startup_mk66f18.o
                0x000044b0                PORTD_IRQHandler
 .text.PORTE_IRQHandler
                0x000044b8        0x8 ./startup/startup_mk66f18.o
                0x000044b8                PORTE_IRQHandler
 .text.SWI_IRQHandler
                0x000044c0        0x8 ./startup/startup_mk66f18.o
                0x000044c0                SWI_IRQHandler
 .text.SPI2_IRQHandler
                0x000044c8        0x8 ./startup/startup_mk66f18.o
                0x000044c8                SPI2_IRQHandler
 .text.UART4_RX_TX_IRQHandler
                0x000044d0        0x8 ./startup/startup_mk66f18.o
                0x000044d0                UART4_RX_TX_IRQHandler
 .text.UART4_ERR_IRQHandler
                0x000044d8        0x8 ./startup/startup_mk66f18.o
                0x000044d8                UART4_ERR_IRQHandler
 .text.Reserved84_IRQHandler
                0x000044e0        0x8 ./startup/startup_mk66f18.o
                0x000044e0                Reserved84_IRQHandler
 .text.Reserved85_IRQHandler
                0x000044e8        0x8 ./startup/startup_mk66f18.o
                0x000044e8                Reserved85_IRQHandler
 .text.CMP2_IRQHandler
                0x000044f0        0x8 ./startup/startup_mk66f18.o
                0x000044f0                CMP2_IRQHandler
 .text.FTM3_IRQHandler
                0x000044f8        0x8 ./startup/startup_mk66f18.o
                0x000044f8                FTM3_IRQHandler
 .text.DAC1_IRQHandler
                0x00004500        0x8 ./startup/startup_mk66f18.o
                0x00004500                DAC1_IRQHandler
 .text.ADC1_IRQHandler
                0x00004508        0x8 ./startup/startup_mk66f18.o
                0x00004508                ADC1_IRQHandler
 .text.I2C2_IRQHandler
                0x00004510        0x8 ./startup/startup_mk66f18.o
                0x00004510                I2C2_IRQHandler
 .text.CAN0_ORed_Message_buffer_IRQHandler
                0x00004518        0x8 ./startup/startup_mk66f18.o
                0x00004518                CAN0_ORed_Message_buffer_IRQHandler
 .text.CAN0_Bus_Off_IRQHandler
                0x00004520        0x8 ./startup/startup_mk66f18.o
                0x00004520                CAN0_Bus_Off_IRQHandler
 .text.CAN0_Error_IRQHandler
                0x00004528        0x8 ./startup/startup_mk66f18.o
                0x00004528                CAN0_Error_IRQHandler
 .text.CAN0_Tx_Warning_IRQHandler
                0x00004530        0x8 ./startup/startup_mk66f18.o
                0x00004530                CAN0_Tx_Warning_IRQHandler
 .text.CAN0_Rx_Warning_IRQHandler
                0x00004538        0x8 ./startup/startup_mk66f18.o
                0x00004538                CAN0_Rx_Warning_IRQHandler
 .text.CAN0_Wake_Up_IRQHandler
                0x00004540        0x8 ./startup/startup_mk66f18.o
                0x00004540                CAN0_Wake_Up_IRQHandler
 .text.SDHC_IRQHandler
                0x00004548        0x8 ./startup/startup_mk66f18.o
                0x00004548                SDHC_IRQHandler
 .text.ENET_1588_Timer_IRQHandler
                0x00004550        0x8 ./startup/startup_mk66f18.o
                0x00004550                ENET_1588_Timer_IRQHandler
 .text.ENET_Transmit_IRQHandler
                0x00004558        0x8 ./startup/startup_mk66f18.o
                0x00004558                ENET_Transmit_IRQHandler
 .text.ENET_Receive_IRQHandler
                0x00004560        0x8 ./startup/startup_mk66f18.o
                0x00004560                ENET_Receive_IRQHandler
 .text.ENET_Error_IRQHandler
                0x00004568        0x8 ./startup/startup_mk66f18.o
                0x00004568                ENET_Error_IRQHandler
 .text.LPUART0_IRQHandler
                0x00004570        0x8 ./startup/startup_mk66f18.o
                0x00004570                LPUART0_IRQHandler
 .text.TSI0_IRQHandler
                0x00004578        0x8 ./startup/startup_mk66f18.o
                0x00004578                TSI0_IRQHandler
 .text.TPM1_IRQHandler
                0x00004580        0x8 ./startup/startup_mk66f18.o
                0x00004580                TPM1_IRQHandler
 .text.TPM2_IRQHandler
                0x00004588        0x8 ./startup/startup_mk66f18.o
                0x00004588                TPM2_IRQHandler
 .text.USBHSDCD_IRQHandler
                0x00004590        0x8 ./startup/startup_mk66f18.o
                0x00004590                USBHSDCD_IRQHandler
 .text.I2C3_IRQHandler
                0x00004598        0x8 ./startup/startup_mk66f18.o
                0x00004598                I2C3_IRQHandler
 .text.CMP3_IRQHandler
                0x000045a0        0x8 ./startup/startup_mk66f18.o
                0x000045a0                CMP3_IRQHandler
 .text.USBHS_IRQHandler
                0x000045a8        0x8 ./startup/startup_mk66f18.o
                0x000045a8                USBHS_IRQHandler
 .text.CAN1_ORed_Message_buffer_IRQHandler
                0x000045b0        0x8 ./startup/startup_mk66f18.o
                0x000045b0                CAN1_ORed_Message_buffer_IRQHandler
 .text.CAN1_Bus_Off_IRQHandler
                0x000045b8        0x8 ./startup/startup_mk66f18.o
                0x000045b8                CAN1_Bus_Off_IRQHandler
 .text.CAN1_Error_IRQHandler
                0x000045c0        0x8 ./startup/startup_mk66f18.o
                0x000045c0                CAN1_Error_IRQHandler
 .text.CAN1_Tx_Warning_IRQHandler
                0x000045c8        0x8 ./startup/startup_mk66f18.o
                0x000045c8                CAN1_Tx_Warning_IRQHandler
 .text.CAN1_Rx_Warning_IRQHandler
                0x000045d0        0x8 ./startup/startup_mk66f18.o
                0x000045d0                CAN1_Rx_Warning_IRQHandler
 .text.CAN1_Wake_Up_IRQHandler
                0x000045d8        0x8 ./startup/startup_mk66f18.o
                0x000045d8                CAN1_Wake_Up_IRQHandler
 .text.setupOrientationDetection
                0x000045e0       0x18 ./source/MK66FN2M0xxx18_Accelerometer2.o
                0x000045e0                setupOrientationDetection
 .text.finishInitialization
                0x000045f8       0x52 ./source/accel.o
                0x000045f8                finishInitialization
 .text.HardFault_Handler
                0x0000464a       0x2c ./source/semihost_hardfault.o
                0x0000464a                HardFault_Handler
 .text.CLOCK_EnableClock
                0x00004676       0x34 ./drivers/fsl_clock.o
 .text.CLOCK_DisableClock
                0x000046aa       0x38 ./drivers/fsl_clock.o
 .text.OSC_SetExtRefClkConfig
                0x000046e2       0x40 ./drivers/fsl_clock.o
 .text.OSC_SetCapLoad
                0x00004722       0x34 ./drivers/fsl_clock.o
 .text.CLOCK_GetPll0RefFreq
                0x00004756        0xe ./drivers/fsl_clock.o
 .text.CLOCK_GetFixedFreqClkFreq
                0x00004764       0x2e ./drivers/fsl_clock.o
                0x00004764                CLOCK_GetFixedFreqClkFreq
 .text.GPIO_PinWrite
                0x00004792       0x3a ./drivers/fsl_gpio.o
 .text.CLOCK_EnableClock
                0x000047cc       0x34 ./drivers/fsl_i2c.o
 .text.I2C_MasterClearStatusFlags
                0x00004800       0x5a ./drivers/fsl_i2c.o
 .text.I2C_CheckAndClearError
                0x0000485a       0x44 ./drivers/fsl_i2c.o
 .text.I2C_MasterStart
                0x0000489e       0x62 ./drivers/fsl_i2c.o
                0x0000489e                I2C_MasterStart
 .text.I2C_MasterRepeatedStart
                0x00004900       0x9a ./drivers/fsl_i2c.o
                0x00004900                I2C_MasterRepeatedStart
 .text.I2C_MasterStop
                0x0000499a       0x3a ./drivers/fsl_i2c.o
                0x0000499a                I2C_MasterStop
 .text.I2C_MasterGetStatusFlags
                0x000049d4       0x4a ./drivers/fsl_i2c.o
                0x000049d4                I2C_MasterGetStatusFlags
 .text.I2C_MasterWriteBlocking
                0x00004a1e       0xdc ./drivers/fsl_i2c.o
                0x00004a1e                I2C_MasterWriteBlocking
 .text.I2C_MasterReadBlocking
                0x00004afa       0xdc ./drivers/fsl_i2c.o
                0x00004afa                I2C_MasterReadBlocking
 .text.SMC_SetPowerModeHsrun
                0x00004bd6       0x32 ./drivers/fsl_smc.o
                0x00004bd6                SMC_SetPowerModeHsrun
 .text.CLOCK_EnableClock
                0x00004c08       0x34 ./drivers/fsl_uart.o
 .text.UART0_RX_TX_DriverIRQHandler
                0x00004c3c       0x10 ./drivers/fsl_uart.o
                0x00004c3c                UART0_RX_TX_DriverIRQHandler
 .text.UART1_RX_TX_DriverIRQHandler
                0x00004c4c       0x10 ./drivers/fsl_uart.o
                0x00004c4c                UART1_RX_TX_DriverIRQHandler
 .text.UART2_RX_TX_DriverIRQHandler
                0x00004c5c       0x10 ./drivers/fsl_uart.o
                0x00004c5c                UART2_RX_TX_DriverIRQHandler
 .text.UART3_RX_TX_DriverIRQHandler
                0x00004c6c       0x10 ./drivers/fsl_uart.o
                0x00004c6c                UART3_RX_TX_DriverIRQHandler
 .text.UART4_RX_TX_DriverIRQHandler
                0x00004c7c       0x10 ./drivers/fsl_uart.o
                0x00004c7c                UART4_RX_TX_DriverIRQHandler
 .text.SystemInitHook
                0x00004c8c        0xe ./device/system_MK66F18.o
                0x00004c8c                SystemInitHook
 .text.HAL_UartGetStatus
                0x00004c9a       0x22 ./component/uart/uart_adapter.o
 .text.BOARD_InitDebugConsole
                0x00004cbc       0x22 ./board/boards/board.o
                0x00004cbc                BOARD_InitDebugConsole
 .text.BOARD_I2C_Send
                0x00004cde       0x48 ./board/boards/board.o
                0x00004cde                BOARD_I2C_Send
 .text.BOARD_I2C_Receive
                0x00004d26       0x48 ./board/boards/board.o
                0x00004d26                BOARD_I2C_Receive
 .text.CLOCK_EnableClock
                0x00004d6e       0x34 ./board/boards/clock_config.o
 .text.CLOCK_DisableClock
                0x00004da2       0x38 ./board/boards/clock_config.o
 .text.SMC_SetPowerModeProtection
                0x00004dda       0x1e ./board/boards/clock_config.o
 .text.SMC_GetPowerModeState
                0x00004df8       0x1a ./board/boards/clock_config.o
 .text.RTC_SetOscCapLoad
                0x00004e12       0x32 ./board/boards/clock_config.o
 .text.BOARD_InitBootClocks
                0x00004e44        0xc ./board/boards/clock_config.o
                0x00004e44                BOARD_InitBootClocks
 .text.EnableIRQ
                0x00004e50       0x2c ./board/boards/peripherals.o
 .text.ACCEL_GPIO_init
                0x00004e7c        0xe ./board/boards/peripherals.o
                0x00004e7c                ACCEL_GPIO_init
 .text.BOARD_InitPeripherals
                0x00004e8a       0x10 ./board/boards/peripherals.o
                0x00004e8a                BOARD_InitPeripherals
 .text.BOARD_InitBootPeripherals
                0x00004e9a        0xc ./board/boards/peripherals.o
                0x00004e9a                BOARD_InitBootPeripherals
 .text.CLOCK_EnableClock
                0x00004ea6       0x34 ./board/boards/pin_mux.o
 .text.PORT_SetPinMux
                0x00004eda       0x3a ./board/boards/pin_mux.o
 .text.PORT_EnablePinsDigitalFilter
                0x00004f14       0x44 ./board/boards/pin_mux.o
 .text.PORT_SetPinInterruptConfig
                0x00004f58       0x3a ./board/boards/pin_mux.o
 .text.BOARD_InitBootPins
                0x00004f92       0x14 ./board/boards/pin_mux.o
                0x00004f92                BOARD_InitBootPins
 .text.__main   0x00004fa6        0xe c:/nxp/mcuxpressoide_11.0.0_2516/ide/plugins/com.nxp.mcuxpresso.tools.win32_11.0.0.201905131304/tools/bin/../lib/gcc/arm-none-eabi/8.2.1/../../../../arm-none-eabi/lib/thumb/v7e-m+fp/hard\libcr_semihost_nf.a(_cr__main.o)
                0x00004fa6                __CR_SEMIHOST
                0x00004fa6                __main
 .text.memset   0x00004fb4        0x4 c:/nxp/mcuxpressoide_11.0.0_2516/ide/plugins/com.nxp.mcuxpresso.tools.win32_11.0.0.201905131304/tools/bin/../lib/gcc/arm-none-eabi/8.2.1/../../../../arm-none-eabi/lib/thumb/v7e-m+fp/hard\libcr_c.a(memset.o)
                0x00004fb4                memset
 .text._deferredlazyseek
                0x00004fb8       0x40 c:/nxp/mcuxpressoide_11.0.0_2516/ide/plugins/com.nxp.mcuxpresso.tools.win32_11.0.0.201905131304/tools/bin/../lib/gcc/arm-none-eabi/8.2.1/../../../../arm-none-eabi/lib/thumb/v7e-m+fp/hard\libcr_c.a(_deferredlazyseek.o)
                0x00004fb8                _deferredlazyseek
 .text.__flsbuf
                0x00004ff8      0x140 c:/nxp/mcuxpressoide_11.0.0_2516/ide/plugins/com.nxp.mcuxpresso.tools.win32_11.0.0.201905131304/tools/bin/../lib/gcc/arm-none-eabi/8.2.1/../../../../arm-none-eabi/lib/thumb/v7e-m+fp/hard\libcr_c.a(_deferredlazyseek.o)
                0x00004ff8                __flsbuf
 .text._fflush  0x00005138       0x52 c:/nxp/mcuxpressoide_11.0.0_2516/ide/plugins/com.nxp.mcuxpresso.tools.win32_11.0.0.201905131304/tools/bin/../lib/gcc/arm-none-eabi/8.2.1/../../../../arm-none-eabi/lib/thumb/v7e-m+fp/hard\libcr_c.a(_fflush.o)
                0x00005138                _fflush
 .text.free     0x0000518a       0x30 c:/nxp/mcuxpressoide_11.0.0_2516/ide/plugins/com.nxp.mcuxpresso.tools.win32_11.0.0.201905131304/tools/bin/../lib/gcc/arm-none-eabi/8.2.1/../../../../arm-none-eabi/lib/thumb/v7e-m+fp/hard\libcr_c.a(alloc.o)
                0x0000518a                free
 .text.fputs    0x000051ba       0x2c c:/nxp/mcuxpressoide_11.0.0_2516/ide/plugins/com.nxp.mcuxpresso.tools.win32_11.0.0.201905131304/tools/bin/../lib/gcc/arm-none-eabi/8.2.1/../../../../arm-none-eabi/lib/thumb/v7e-m+fp/hard\libcr_c.a(fputs.o)
                0x000051ba                fputs
 .text.no_fp_display
                0x000051e6        0x4 c:/nxp/mcuxpressoide_11.0.0_2516/ide/plugins/com.nxp.mcuxpresso.tools.win32_11.0.0.201905131304/tools/bin/../lib/gcc/arm-none-eabi/8.2.1/../../../../arm-none-eabi/lib/thumb/v7e-m+fp/hard\libcr_c.a(printf.o)
 .text.strlen   0x000051ea       0x4c c:/nxp/mcuxpressoide_11.0.0_2516/ide/plugins/com.nxp.mcuxpresso.tools.win32_11.0.0.201905131304/tools/bin/../lib/gcc/arm-none-eabi/8.2.1/../../../../arm-none-eabi/lib/thumb/v7e-m+fp/hard\libcr_c.a(strlen.o)
                0x000051ea                strlen
 .text._fdopen  0x00005236       0x68 c:/nxp/mcuxpressoide_11.0.0_2516/ide/plugins/com.nxp.mcuxpresso.tools.win32_11.0.0.201905131304/tools/bin/../lib/gcc/arm-none-eabi/8.2.1/../../../../arm-none-eabi/lib/thumb/v7e-m+fp/hard\libcr_c.a(_fdopen.o)
                0x00005236                _fdopen
 .text.fclose   0x0000529e       0x58 c:/nxp/mcuxpressoide_11.0.0_2516/ide/plugins/com.nxp.mcuxpresso.tools.win32_11.0.0.201905131304/tools/bin/../lib/gcc/arm-none-eabi/8.2.1/../../../../arm-none-eabi/lib/thumb/v7e-m+fp/hard\libcr_c.a(fclose.o)
                0x0000529e                fclose
 .text.remove   0x000052f6       0x14 c:/nxp/mcuxpressoide_11.0.0_2516/ide/plugins/com.nxp.mcuxpresso.tools.win32_11.0.0.201905131304/tools/bin/../lib/gcc/arm-none-eabi/8.2.1/../../../../arm-none-eabi/lib/thumb/v7e-m+fp/hard\libcr_c.a(remove.o)
                0x000052f6                remove
 .text._do_fflush
                0x0000530a       0x40 c:/nxp/mcuxpressoide_11.0.0_2516/ide/plugins/com.nxp.mcuxpresso.tools.win32_11.0.0.201905131304/tools/bin/../lib/gcc/arm-none-eabi/8.2.1/../../../../arm-none-eabi/lib/thumb/v7e-m+fp/hard\libcr_c.a(_do_fflush.o)
                0x0000530a                _do_fflush
 .text.__aeabi_d2iz
                0x0000534a       0x40 c:/nxp/mcuxpressoide_11.0.0_2516/ide/plugins/com.nxp.mcuxpresso.tools.win32_11.0.0.201905131304/tools/bin/../lib/gcc/arm-none-eabi/8.2.1/thumb/v7e-m+fp/hard\libcr_eabihelpers.a(double.o)
                0x0000534a                __aeabi_d2iz
 .text.__bhs_ui2d
                0x0000538a       0x46 c:/nxp/mcuxpressoide_11.0.0_2516/ide/plugins/com.nxp.mcuxpresso.tools.win32_11.0.0.201905131304/tools/bin/../lib/gcc/arm-none-eabi/8.2.1/thumb/v7e-m+fp/hard\libcr_eabihelpers.a(double.o)
                0x0000538a                __bhs_ui2d
 .text.__aeabi_i2d
                0x000053d0       0x12 c:/nxp/mcuxpressoide_11.0.0_2516/ide/plugins/com.nxp.mcuxpresso.tools.win32_11.0.0.201905131304/tools/bin/../lib/gcc/arm-none-eabi/8.2.1/thumb/v7e-m+fp/hard\libcr_eabihelpers.a(double.o)
                0x000053d0                __aeabi_i2d
 .text.__aeabi_dcmpeq
                0x000053e2       0x2e c:/nxp/mcuxpressoide_11.0.0_2516/ide/plugins/com.nxp.mcuxpresso.tools.win32_11.0.0.201905131304/tools/bin/../lib/gcc/arm-none-eabi/8.2.1/thumb/v7e-m+fp/hard\libcr_eabihelpers.a(double.o)
                0x000053e2                __aeabi_dcmpeq
 .text.__aeabi_memset_lowlevel
                0x00005410       0x32 c:/nxp/mcuxpressoide_11.0.0_2516/ide/plugins/com.nxp.mcuxpresso.tools.win32_11.0.0.201905131304/tools/bin/../lib/gcc/arm-none-eabi/8.2.1/thumb/v7e-m+fp/hard\libcr_eabihelpers.a(memcpy.o)
                0x00005410                __aeabi_lowlevel_memset
 .text.__sys_close
                0x00005442        0xc c:/nxp/mcuxpressoide_11.0.0_2516/ide/plugins/com.nxp.mcuxpresso.tools.win32_11.0.0.201905131304/tools/bin/../lib/gcc/arm-none-eabi/8.2.1/../../../../arm-none-eabi/lib/thumb/v7e-m+fp/hard\libcr_semihost_nf.a(__sys_close.o)
                0x00005442                __sys_close
 .text.__sys_flen
                0x0000544e        0xc c:/nxp/mcuxpressoide_11.0.0_2516/ide/plugins/com.nxp.mcuxpresso.tools.win32_11.0.0.201905131304/tools/bin/../lib/gcc/arm-none-eabi/8.2.1/../../../../arm-none-eabi/lib/thumb/v7e-m+fp/hard\libcr_semihost_nf.a(__sys_flen.o)
                0x0000544e                __sys_flen
 .text.__sys_istty
                0x0000545a        0xc c:/nxp/mcuxpressoide_11.0.0_2516/ide/plugins/com.nxp.mcuxpresso.tools.win32_11.0.0.201905131304/tools/bin/../lib/gcc/arm-none-eabi/8.2.1/../../../../arm-none-eabi/lib/thumb/v7e-m+fp/hard\libcr_semihost_nf.a(__sys_istty.o)
                0x0000545a                __sys_istty
 .text.__sys_remove
                0x00005466        0xc c:/nxp/mcuxpressoide_11.0.0_2516/ide/plugins/com.nxp.mcuxpresso.tools.win32_11.0.0.201905131304/tools/bin/../lib/gcc/arm-none-eabi/8.2.1/../../../../arm-none-eabi/lib/thumb/v7e-m+fp/hard\libcr_semihost_nf.a(__sys_remove.o)
                0x00005466                __sys_remove
 .text.__sys_seek
                0x00005472        0xc c:/nxp/mcuxpressoide_11.0.0_2516/ide/plugins/com.nxp.mcuxpresso.tools.win32_11.0.0.201905131304/tools/bin/../lib/gcc/arm-none-eabi/8.2.1/../../../../arm-none-eabi/lib/thumb/v7e-m+fp/hard\libcr_semihost_nf.a(__sys_seek.o)
                0x00005472                __sys_seek
 .text.__sys_tmpnam
                0x0000547e        0xc c:/nxp/mcuxpressoide_11.0.0_2516/ide/plugins/com.nxp.mcuxpresso.tools.win32_11.0.0.201905131304/tools/bin/../lib/gcc/arm-none-eabi/8.2.1/../../../../arm-none-eabi/lib/thumb/v7e-m+fp/hard\libcr_semihost_nf.a(__sys_tmpnam.o)
                0x0000547e                __sys_tmpnam
 .text.__sys_write
                0x0000548a        0xc c:/nxp/mcuxpressoide_11.0.0_2516/ide/plugins/com.nxp.mcuxpresso.tools.win32_11.0.0.201905131304/tools/bin/../lib/gcc/arm-none-eabi/8.2.1/../../../../arm-none-eabi/lib/thumb/v7e-m+fp/hard\libcr_semihost_nf.a(__sys_write.o)
                0x0000548a                __sys_write
 *(SORT_BY_ALIGNMENT(.rodata) SORT_BY_ALIGNMENT(.rodata.*) SORT_BY_ALIGNMENT(.constdata) SORT_BY_ALIGNMENT(.constdata.*))
 *fill*         0x00005496        0x2 ff
 .rodata        0x00005498      0x21f ./utilities/fsl_debug_console.o
 *fill*         0x000056b7        0x1 ff
 .rodata        0x000056b8      0x12d ./source/MK66FN2M0xxx18_Accelerometer2.o
 *fill*         0x000057e5        0x3 ff
 .rodata        0x000057e8       0x9e ./source/accel.o
 *fill*         0x00005886        0x2 ff
 .rodata        0x00005888      0x337 ./drivers/fsl_clock.o
 *fill*         0x00005bbf        0x1 ff
 .rodata.fllFactorTable.8261
                0x00005bc0       0x10 ./drivers/fsl_clock.o
 .rodata.s_portBases
                0x00005bd0       0x14 ./drivers/fsl_gpio.o
 .rodata.s_gpioBases
                0x00005be4       0x14 ./drivers/fsl_gpio.o
 .rodata        0x00005bf8       0x6b ./drivers/fsl_gpio.o
 *fill*         0x00005c63        0x1 ff
 .rodata.s_i2cDividerTable
                0x00005c64       0x80 ./drivers/fsl_i2c.o
 .rodata.s_i2cClocks
                0x00005ce4       0x10 ./drivers/fsl_i2c.o
 .rodata.s_i2cBases
                0x00005cf4       0x10 ./drivers/fsl_i2c.o
 .rodata        0x00005d04      0x39a ./drivers/fsl_i2c.o
 *fill*         0x0000609e        0x2 ff
 .rodata.s_uartBases
                0x000060a0       0x14 ./drivers/fsl_uart.o
 .rodata.s_uartClock
                0x000060b4       0x14 ./drivers/fsl_uart.o
 .rodata        0x000060c8      0x514 ./drivers/fsl_uart.o
 .rodata.s_UartAdapterBase
                0x000065dc       0x14 ./component/uart/uart_adapter.o
 .rodata        0x000065f0      0x25e ./component/uart/uart_adapter.o
 *fill*         0x0000684e        0x2 ff
 .rodata        0x00006850      0x525 ./component/serial_manager/serial_manager.o
 *fill*         0x00006d75        0x3 ff
 .rodata        0x00006d78      0x244 ./component/serial_manager/serial_port_uart.o
 .rodata.mcgConfig_BOARD_BootClockHSRUN
                0x00006fbc        0xc ./board/boards/clock_config.o
                0x00006fbc                mcgConfig_BOARD_BootClockHSRUN
 .rodata.simConfig_BOARD_BootClockHSRUN
                0x00006fc8        0x8 ./board/boards/clock_config.o
                0x00006fc8                simConfig_BOARD_BootClockHSRUN
 .rodata.oscConfig_BOARD_BootClockHSRUN
                0x00006fd0        0x8 ./board/boards/clock_config.o
                0x00006fd0                oscConfig_BOARD_BootClockHSRUN
 .rodata.ACCEL_config
                0x00006fd8        0xc ./board/boards/peripherals.o
                0x00006fd8                ACCEL_config
 .rodata        0x00006fe4       0x26 ./board/boards/pin_mux.o
 *fill*         0x0000700a        0x2 ff
 .rodata        0x0000700c      0x111 ./accel/fsl_fxos.o
 *fill*         0x0000711d        0x3 ff
 .rodata.__num_Ciob_streams
                0x00007120        0x4 c:/nxp/mcuxpressoide_11.0.0_2516/ide/plugins/com.nxp.mcuxpresso.tools.win32_11.0.0.201905131304/tools/bin/../lib/gcc/arm-none-eabi/8.2.1/../../../../arm-none-eabi/lib/thumb/v7e-m+fp/hard\libcr_semihost_nf.a(__ciob.o)
                0x00007120                __num_Ciob_streams
 .rodata.__assertion_failed.str1.1
                0x00007124       0x15 c:/nxp/mcuxpressoide_11.0.0_2516/ide/plugins/com.nxp.mcuxpresso.tools.win32_11.0.0.201905131304/tools/bin/../lib/gcc/arm-none-eabi/8.2.1/../../../../arm-none-eabi/lib/thumb/v7e-m+fp/hard\libcr_semihost_nf.a(_cr_assert.o)
 .rodata._Csys_alloc.str1.1
                0x00007139       0x18 c:/nxp/mcuxpressoide_11.0.0_2516/ide/plugins/com.nxp.mcuxpresso.tools.win32_11.0.0.201905131304/tools/bin/../lib/gcc/arm-none-eabi/8.2.1/../../../../arm-none-eabi/lib/thumb/v7e-m+fp/hard\libcr_c.a(alloc.o)
 .rodata._initio.str1.1
                0x00007151        0x4 c:/nxp/mcuxpressoide_11.0.0_2516/ide/plugins/com.nxp.mcuxpresso.tools.win32_11.0.0.201905131304/tools/bin/../lib/gcc/arm-none-eabi/8.2.1/../../../../arm-none-eabi/lib/thumb/v7e-m+fp/hard\libcr_c.a(initio.o)
 .rodata.__vfprintf.str1.1
                0x00007155       0x35 c:/nxp/mcuxpressoide_11.0.0_2516/ide/plugins/com.nxp.mcuxpresso.tools.win32_11.0.0.201905131304/tools/bin/../lib/gcc/arm-none-eabi/8.2.1/../../../../arm-none-eabi/lib/thumb/v7e-m+fp/hard\libcr_c.a(printf.o)
                                 0x38 (size before relaxing)
                0x00007190                . = ALIGN (0x8)
 *fill*         0x0000718a        0x6 ff

.glue_7         0x00007190        0x0
 .glue_7        0x00007190        0x0 linker stubs

.glue_7t        0x00007190        0x0
 .glue_7t       0x00007190        0x0 linker stubs

.vfp11_veneer   0x00007190        0x0
 .vfp11_veneer  0x00007190        0x0 linker stubs

.v4_bx          0x00007190        0x0
 .v4_bx         0x00007190        0x0 linker stubs

.iplt           0x00007190        0x0
 .iplt          0x00007190        0x0 ./utilities/fsl_debug_console.o

.rel.dyn        0x00007190        0x0
 .rel.iplt      0x00007190        0x0 ./utilities/fsl_debug_console.o

.ARM.extab
 *(SORT_BY_ALIGNMENT(.ARM.extab*) SORT_BY_ALIGNMENT(.gnu.linkonce.armextab.*))
                0x00007190                __exidx_start = .

.ARM.exidx
 *(SORT_BY_ALIGNMENT(.ARM.exidx*) SORT_BY_ALIGNMENT(.gnu.linkonce.armexidx.*))
                0x00007190                __exidx_end = .
                0x00007190                _etext = .

.m_usb_data
 *(SORT_BY_ALIGNMENT(m_usb_bdt))

.data_RAM2      0x1fff0000        0x0 load address 0x00007190
 FILL mask 0xff
                [!provide]                PROVIDE (__start_data_RAM2 = .)
 *(SORT_BY_ALIGNMENT(.ramfunc.$RAM2))
 *(SORT_BY_ALIGNMENT(.ramfunc.$SRAM_LOWER))
 *(SORT_BY_ALIGNMENT(.data.$RAM2))
 *(SORT_BY_ALIGNMENT(.data.$SRAM_LOWER))
 *(SORT_BY_ALIGNMENT(.data.$RAM2.*))
 *(SORT_BY_ALIGNMENT(.data.$SRAM_LOWER.*))
                0x1fff0000                . = ALIGN (0x8)
                [!provide]                PROVIDE (__end_data_RAM2 = .)

.data_RAM3      0x14000000        0x0 load address 0x00007190
 FILL mask 0xff
                [!provide]                PROVIDE (__start_data_RAM3 = .)
 *(SORT_BY_ALIGNMENT(.ramfunc.$RAM3))
 *(SORT_BY_ALIGNMENT(.ramfunc.$FLEX_RAM))
 *(SORT_BY_ALIGNMENT(.data.$RAM3))
 *(SORT_BY_ALIGNMENT(.data.$FLEX_RAM))
 *(SORT_BY_ALIGNMENT(.data.$RAM3.*))
 *(SORT_BY_ALIGNMENT(.data.$FLEX_RAM.*))
                0x14000000                . = ALIGN (0x8)
                [!provide]                PROVIDE (__end_data_RAM3 = .)

.uninit_RESERVED
                0x20000000        0x0
                0x20000000                . = ALIGN (0x8)
 *(SORT_BY_ALIGNMENT(.bss.$RESERVED*))
                0x20000000                . = ALIGN (0x8)
                0x20000000                _end_uninit_RESERVED = .

.data           0x20000000       0x10 load address 0x00007190
 FILL mask 0xff
                0x20000000                _data = .
 *(SORT_BY_ALIGNMENT(vtable))
 *(SORT_BY_ALIGNMENT(.ramfunc*))
 *(SORT_BY_ALIGNMENT(.data*))
 .data.s_slowIrcFreq
                0x20000000        0x4 ./drivers/fsl_clock.o
 .data.s_fastIrcFreq
                0x20000004        0x4 ./drivers/fsl_clock.o
 .data.SystemCoreClock
                0x20000008        0x4 ./device/system_MK66F18.o
                0x20000008                SystemCoreClock
                0x20000010                . = ALIGN (0x8)
 *fill*         0x2000000c        0x4 ff
                0x20000010                _edata = .

.igot.plt       0x20000010        0x0 load address 0x000071a0
 .igot.plt      0x20000010        0x0 ./utilities/fsl_debug_console.o

.bss_RAM2       0x1fff0000        0x0
                0x1fff0000                . = ALIGN (0x8)
                [!provide]                PROVIDE (__start_bss_RAM2 = .)
 *(SORT_BY_ALIGNMENT(.bss.$RAM2))
 *(SORT_BY_ALIGNMENT(.bss.$SRAM_LOWER))
 *(SORT_BY_ALIGNMENT(.bss.$RAM2.*))
 *(SORT_BY_ALIGNMENT(.bss.$SRAM_LOWER.*))
                0x1fff0000                . = ALIGN ((. != 0x0)?0x8:0x1)
                [!provide]                PROVIDE (__end_bss_RAM2 = .)

.bss_RAM3       0x14000000        0x0
                0x14000000                . = ALIGN (0x8)
                [!provide]                PROVIDE (__start_bss_RAM3 = .)
 *(SORT_BY_ALIGNMENT(.bss.$RAM3))
 *(SORT_BY_ALIGNMENT(.bss.$FLEX_RAM))
 *(SORT_BY_ALIGNMENT(.bss.$RAM3.*))
 *(SORT_BY_ALIGNMENT(.bss.$FLEX_RAM.*))
                0x14000000                . = ALIGN ((. != 0x0)?0x8:0x1)
                [!provide]                PROVIDE (__end_bss_RAM3 = .)

.bss            0x20000010      0x128
                0x20000010                . = ALIGN (0x8)
                0x20000010                _bss = .
 *(SORT_BY_ALIGNMENT(.bss*))
 .bss.s_debugConsoleState
                0x20000010       0x1c ./utilities/fsl_debug_console.o
 .bss.g_serialHandle
                0x2000002c        0x4 ./utilities/fsl_debug_console.o
                0x2000002c                g_serialHandle
 .bss.s_extPllFreq
                0x20000030        0x4 ./drivers/fsl_clock.o
 .bss.g_xtal0Freq
                0x20000034        0x4 ./drivers/fsl_clock.o
                0x20000034                g_xtal0Freq
 .bss.g_xtal32Freq
                0x20000038        0x4 ./drivers/fsl_clock.o
                0x20000038                g_xtal32Freq
 .bss.s_i2cHandle
                0x2000003c       0x10 ./drivers/fsl_i2c.o
 .bss.s_i2cMasterIsr
                0x2000004c        0x4 ./drivers/fsl_i2c.o
 .bss.s_i2cSlaveIsr
                0x20000050        0x4 ./drivers/fsl_i2c.o
 .bss.s_lpuartHandle
                0x20000054        0x4 ./drivers/fsl_lpuart.o
 .bss.s_lpuartIsr
                0x20000058        0x4 ./drivers/fsl_lpuart.o
 .bss.s_uartHandle
                0x2000005c       0x14 ./drivers/fsl_uart.o
 .bss.s_uartIsr
                0x20000070        0x4 ./drivers/fsl_uart.o
 .bss.__Ciob    0x20000074       0xb4 c:/nxp/mcuxpressoide_11.0.0_2516/ide/plugins/com.nxp.mcuxpresso.tools.win32_11.0.0.201905131304/tools/bin/../lib/gcc/arm-none-eabi/8.2.1/../../../../arm-none-eabi/lib/thumb/v7e-m+fp/hard\libcr_semihost_nf.a(__ciob.o)
                0x20000074                __Ciob
 .bss.__end_of_heap
                0x20000128        0x4 c:/nxp/mcuxpressoide_11.0.0_2516/ide/plugins/com.nxp.mcuxpresso.tools.win32_11.0.0.201905131304/tools/bin/../lib/gcc/arm-none-eabi/8.2.1/../../../../arm-none-eabi/lib/thumb/v7e-m+fp/hard\libcr_c.a(__init_alloc.o)
                0x20000128                __end_of_heap
 .bss.__heaps   0x2000012c        0x4 c:/nxp/mcuxpressoide_11.0.0_2516/ide/plugins/com.nxp.mcuxpresso.tools.win32_11.0.0.201905131304/tools/bin/../lib/gcc/arm-none-eabi/8.2.1/../../../../arm-none-eabi/lib/thumb/v7e-m+fp/hard\libcr_c.a(__init_alloc.o)
                0x2000012c                __heaps
 .bss.errno     0x20000130        0x4 c:/nxp/mcuxpressoide_11.0.0_2516/ide/plugins/com.nxp.mcuxpresso.tools.win32_11.0.0.201905131304/tools/bin/../lib/gcc/arm-none-eabi/8.2.1/../../../../arm-none-eabi/lib/thumb/v7e-m+fp/hard\libcr_c.a(errno.o)
                0x20000130                errno
 .bss.orientationChange
                0x20000134        0x1 ./source/MK66FN2M0xxx18_Accelerometer2.o
                0x20000134                orientationChange
 *(SORT_BY_ALIGNMENT(COMMON))
                0x20000138                . = ALIGN (0x8)
 *fill*         0x20000135        0x3 
                0x20000138                _ebss = .
                [!provide]                PROVIDE (end = .)

.noinit_RAM2    0x1fff0000        0x0
                0x1fff0000                . = ALIGN (0x8)
 *(SORT_BY_ALIGNMENT(.noinit.$RAM2))
 *(SORT_BY_ALIGNMENT(.noinit.$SRAM_LOWER))
 *(SORT_BY_ALIGNMENT(.noinit.$RAM2.*))
 *(SORT_BY_ALIGNMENT(.noinit.$SRAM_LOWER.*))
                0x1fff0000                . = ALIGN (0x8)

.noinit_RAM3    0x14000000        0x0
                0x14000000                . = ALIGN (0x8)
 *(SORT_BY_ALIGNMENT(.noinit.$RAM3))
 *(SORT_BY_ALIGNMENT(.noinit.$FLEX_RAM))
 *(SORT_BY_ALIGNMENT(.noinit.$RAM3.*))
 *(SORT_BY_ALIGNMENT(.noinit.$FLEX_RAM.*))
                0x14000000                . = ALIGN (0x8)

.noinit         0x20000138        0x0
                0x20000138                . = ALIGN (0x8)
                0x20000138                _noinit = .
 *(SORT_BY_ALIGNMENT(.noinit*))
                0x20000138                . = ALIGN (0x8)
                0x20000138                _end_noinit = .
                0x00001000                _HeapSize = 0x1000

.heap           0x20000138     0x1000
                0x20000138                _pvHeapStart = .
                0x20001138                . = (. + _HeapSize)
 *fill*         0x20000138     0x1000 
                0x20001138                . = ALIGN (0x8)
                0x20001138                _pvHeapLimit = .
                0x00001000                _StackSize = 0x1000

.heap2stackfill
                0x20001138     0x1000
                0x20002138                . = (. + _StackSize)
 *fill*         0x20001138     0x1000 

.stack          0x2002f000        0x0
                0x2002f000                _vStackBase = .
                0x2002f000                . = ALIGN (0x8)
                0x20030000                _vStackTop = (. + _StackSize)
                0x00000000                _image_start = LOADADDR (.text)
                0x000071a0                _image_end = (LOADADDR (.data) + SIZEOF (.data))
                0x000071a0                _image_size = (_image_end - _image_start)
OUTPUT(MK66FN2M0xxx18_Accelerometer2.axf elf32-littlearm)

.debug_info     0x00000000    0x11785
 .debug_info    0x00000000      0x92c ./utilities/fsl_debug_console.o
 .debug_info    0x0000092c      0xa38 ./startup/startup_mk66f18.o
 .debug_info    0x00001364      0xc9f ./source/MK66FN2M0xxx18_Accelerometer2.o
 .debug_info    0x00002003      0x2f1 ./source/accel.o
 .debug_info    0x000022f4       0x3c ./source/semihost_hardfault.o
 .debug_info    0x00002330     0x2a2c ./drivers/fsl_clock.o
 .debug_info    0x00004d5c      0x6d4 ./drivers/fsl_gpio.o
 .debug_info    0x00005430     0x1f9f ./drivers/fsl_i2c.o
 .debug_info    0x000073cf     0x1af5 ./drivers/fsl_lpuart.o
 .debug_info    0x00008ec4      0xb86 ./drivers/fsl_smc.o
 .debug_info    0x00009a4a     0x1cb0 ./drivers/fsl_uart.o
 .debug_info    0x0000b6fa      0xa95 ./device/system_MK66F18.o
 .debug_info    0x0000c18f      0xac4 ./component/uart/uart_adapter.o
 .debug_info    0x0000cc53      0x765 ./component/serial_manager/serial_manager.o
 .debug_info    0x0000d3b8      0x4fc ./component/serial_manager/serial_port_uart.o
 .debug_info    0x0000d8b4      0xbd6 ./board/boards/board.o
 .debug_info    0x0000e48a     0x16bf ./board/boards/clock_config.o
 .debug_info    0x0000fb49      0x9d5 ./board/boards/peripherals.o
 .debug_info    0x0001051e      0xdd1 ./board/boards/pin_mux.o
 .debug_info    0x000112ef      0x496 ./accel/fsl_fxos.o

.debug_abbrev   0x00000000     0x2961
 .debug_abbrev  0x00000000      0x19a ./utilities/fsl_debug_console.o
 .debug_abbrev  0x0000019a      0x17a ./startup/startup_mk66f18.o
 .debug_abbrev  0x00000314      0x206 ./source/MK66FN2M0xxx18_Accelerometer2.o
 .debug_abbrev  0x0000051a      0x14d ./source/accel.o
 .debug_abbrev  0x00000667       0x31 ./source/semihost_hardfault.o
 .debug_abbrev  0x00000698      0x352 ./drivers/fsl_clock.o
 .debug_abbrev  0x000009ea      0x1b8 ./drivers/fsl_gpio.o
 .debug_abbrev  0x00000ba2      0x382 ./drivers/fsl_i2c.o
 .debug_abbrev  0x00000f24      0x316 ./drivers/fsl_lpuart.o
 .debug_abbrev  0x0000123a      0x333 ./drivers/fsl_smc.o
 .debug_abbrev  0x0000156d      0x345 ./drivers/fsl_uart.o
 .debug_abbrev  0x000018b2      0x170 ./device/system_MK66F18.o
 .debug_abbrev  0x00001a22      0x1e8 ./component/uart/uart_adapter.o
 .debug_abbrev  0x00001c0a      0x17d ./component/serial_manager/serial_manager.o
 .debug_abbrev  0x00001d87      0x160 ./component/serial_manager/serial_port_uart.o
 .debug_abbrev  0x00001ee7      0x1d4 ./board/boards/board.o
 .debug_abbrev  0x000020bb      0x2cc ./board/boards/clock_config.o
 .debug_abbrev  0x00002387      0x1dd ./board/boards/peripherals.o
 .debug_abbrev  0x00002564      0x2aa ./board/boards/pin_mux.o
 .debug_abbrev  0x0000280e      0x153 ./accel/fsl_fxos.o

.debug_aranges  0x00000000      0xf20
 .debug_aranges
                0x00000000       0x50 ./utilities/fsl_debug_console.o
 .debug_aranges
                0x00000050      0x3a0 ./startup/startup_mk66f18.o
 .debug_aranges
                0x000003f0       0x38 ./source/MK66FN2M0xxx18_Accelerometer2.o
 .debug_aranges
                0x00000428       0x28 ./source/accel.o
 .debug_aranges
                0x00000450       0x20 ./source/semihost_hardfault.o
 .debug_aranges
                0x00000470      0x250 ./drivers/fsl_clock.o
 .debug_aranges
                0x000006c0       0x40 ./drivers/fsl_gpio.o
 .debug_aranges
                0x00000700      0x188 ./drivers/fsl_i2c.o
 .debug_aranges
                0x00000888      0x118 ./drivers/fsl_lpuart.o
 .debug_aranges
                0x000009a0       0x98 ./drivers/fsl_smc.o
 .debug_aranges
                0x00000a38      0x160 ./drivers/fsl_uart.o
 .debug_aranges
                0x00000b98       0x30 ./device/system_MK66F18.o
 .debug_aranges
                0x00000bc8       0x40 ./component/uart/uart_adapter.o
 .debug_aranges
                0x00000c08       0x88 ./component/serial_manager/serial_manager.o
 .debug_aranges
                0x00000c90       0x38 ./component/serial_manager/serial_port_uart.o
 .debug_aranges
                0x00000cc8       0x68 ./board/boards/board.o
 .debug_aranges
                0x00000d30       0xd8 ./board/boards/clock_config.o
 .debug_aranges
                0x00000e08       0x48 ./board/boards/peripherals.o
 .debug_aranges
                0x00000e50       0x98 ./board/boards/pin_mux.o
 .debug_aranges
                0x00000ee8       0x38 ./accel/fsl_fxos.o

.debug_ranges   0x00000000      0xde0
 .debug_ranges  0x00000000       0x40 ./utilities/fsl_debug_console.o
 .debug_ranges  0x00000040      0x390 ./startup/startup_mk66f18.o
 .debug_ranges  0x000003d0       0x28 ./source/MK66FN2M0xxx18_Accelerometer2.o
 .debug_ranges  0x000003f8       0x18 ./source/accel.o
 .debug_ranges  0x00000410       0x10 ./source/semihost_hardfault.o
 .debug_ranges  0x00000420      0x240 ./drivers/fsl_clock.o
 .debug_ranges  0x00000660       0x30 ./drivers/fsl_gpio.o
 .debug_ranges  0x00000690      0x178 ./drivers/fsl_i2c.o
 .debug_ranges  0x00000808      0x108 ./drivers/fsl_lpuart.o
 .debug_ranges  0x00000910       0x88 ./drivers/fsl_smc.o
 .debug_ranges  0x00000998      0x150 ./drivers/fsl_uart.o
 .debug_ranges  0x00000ae8       0x20 ./device/system_MK66F18.o
 .debug_ranges  0x00000b08       0x30 ./component/uart/uart_adapter.o
 .debug_ranges  0x00000b38       0x78 ./component/serial_manager/serial_manager.o
 .debug_ranges  0x00000bb0       0x28 ./component/serial_manager/serial_port_uart.o
 .debug_ranges  0x00000bd8       0x58 ./board/boards/board.o
 .debug_ranges  0x00000c30       0xc8 ./board/boards/clock_config.o
 .debug_ranges  0x00000cf8       0x38 ./board/boards/peripherals.o
 .debug_ranges  0x00000d30       0x88 ./board/boards/pin_mux.o
 .debug_ranges  0x00000db8       0x28 ./accel/fsl_fxos.o

.debug_macro    0x00000000    0x1ceb2
 .debug_macro   0x00000000      0x184 ./utilities/fsl_debug_console.o
 .debug_macro   0x00000184      0xad8 ./utilities/fsl_debug_console.o
 .debug_macro   0x00000c5c       0x10 ./utilities/fsl_debug_console.o
 .debug_macro   0x00000c6c       0x16 ./utilities/fsl_debug_console.o
 .debug_macro   0x00000c82       0x10 ./utilities/fsl_debug_console.o
 .debug_macro   0x00000c92      0x12e ./utilities/fsl_debug_console.o
 .debug_macro   0x00000dc0       0x28 ./utilities/fsl_debug_console.o
 .debug_macro   0x00000de8       0x56 ./utilities/fsl_debug_console.o
 .debug_macro   0x00000e3e       0x16 ./utilities/fsl_debug_console.o
 .debug_macro   0x00000e54       0x22 ./utilities/fsl_debug_console.o
 .debug_macro   0x00000e76      0x5b3 ./utilities/fsl_debug_console.o
 .debug_macro   0x00001429       0x10 ./utilities/fsl_debug_console.o
 .debug_macro   0x00001439       0x56 ./utilities/fsl_debug_console.o
 .debug_macro   0x0000148f       0x1c ./utilities/fsl_debug_console.o
 .debug_macro   0x000014ab       0x22 ./utilities/fsl_debug_console.o
 .debug_macro   0x000014cd       0xdf ./utilities/fsl_debug_console.o
 .debug_macro   0x000015ac      0xecf ./utilities/fsl_debug_console.o
 .debug_macro   0x0000247b       0x40 ./utilities/fsl_debug_console.o
 .debug_macro   0x000024bb    0x15ebc ./utilities/fsl_debug_console.o
 .debug_macro   0x00018377     0x1440 ./utilities/fsl_debug_console.o
 .debug_macro   0x000197b7       0xd0 ./utilities/fsl_debug_console.o
 .debug_macro   0x00019887      0x190 ./utilities/fsl_debug_console.o
 .debug_macro   0x00019a17       0x34 ./utilities/fsl_debug_console.o
 .debug_macro   0x00019a4b       0x10 ./utilities/fsl_debug_console.o
 .debug_macro   0x00019a5b       0x32 ./utilities/fsl_debug_console.o
 .debug_macro   0x00019a8d       0x1c ./utilities/fsl_debug_console.o
 .debug_macro   0x00019aa9       0xd2 ./utilities/fsl_debug_console.o
 .debug_macro   0x00019b7b       0x1c ./utilities/fsl_debug_console.o
 .debug_macro   0x00019b97       0x29 ./startup/startup_mk66f18.o
 .debug_macro   0x00019bc0      0x1a8 ./source/MK66FN2M0xxx18_Accelerometer2.o
 .debug_macro   0x00019d68       0xd8 ./source/MK66FN2M0xxx18_Accelerometer2.o
 .debug_macro   0x00019e40       0x22 ./source/MK66FN2M0xxx18_Accelerometer2.o
 .debug_macro   0x00019e62       0x1c ./source/MK66FN2M0xxx18_Accelerometer2.o
 .debug_macro   0x00019e7e       0x10 ./source/MK66FN2M0xxx18_Accelerometer2.o
 .debug_macro   0x00019e8e       0x16 ./source/MK66FN2M0xxx18_Accelerometer2.o
 .debug_macro   0x00019ea4      0x28e ./source/MK66FN2M0xxx18_Accelerometer2.o
 .debug_macro   0x0001a132       0x22 ./source/MK66FN2M0xxx18_Accelerometer2.o
 .debug_macro   0x0001a154       0x2e ./source/MK66FN2M0xxx18_Accelerometer2.o
 .debug_macro   0x0001a182      0x267 ./source/MK66FN2M0xxx18_Accelerometer2.o
 .debug_macro   0x0001a3e9       0x2e ./source/MK66FN2M0xxx18_Accelerometer2.o
 .debug_macro   0x0001a417      0xb93 ./source/MK66FN2M0xxx18_Accelerometer2.o
 .debug_macro   0x0001afaa       0xc4 ./source/MK66FN2M0xxx18_Accelerometer2.o
 .debug_macro   0x0001b06e      0x107 ./source/accel.o
 .debug_macro   0x0001b175       0x1c ./source/accel.o
 .debug_macro   0x0001b191      0xb8d ./source/accel.o
 .debug_macro   0x0001bd1e       0x11 ./source/semihost_hardfault.o
 .debug_macro   0x0001bd2f      0x1c6 ./drivers/fsl_clock.o
 .debug_macro   0x0001bef5      0x104 ./drivers/fsl_gpio.o
 .debug_macro   0x0001bff9      0x103 ./drivers/fsl_i2c.o
 .debug_macro   0x0001c0fc       0x1c ./drivers/fsl_i2c.o
 .debug_macro   0x0001c118      0x104 ./drivers/fsl_lpuart.o
 .debug_macro   0x0001c21c      0x104 ./drivers/fsl_smc.o
 .debug_macro   0x0001c320      0x10a ./drivers/fsl_uart.o
 .debug_macro   0x0001c42a       0x98 ./device/system_MK66F18.o
 .debug_macro   0x0001c4c2      0x100 ./component/uart/uart_adapter.o
 .debug_macro   0x0001c5c2       0x10 ./component/uart/uart_adapter.o
 .debug_macro   0x0001c5d2       0x22 ./component/uart/uart_adapter.o
 .debug_macro   0x0001c5f4      0x127 ./component/serial_manager/serial_manager.o
 .debug_macro   0x0001c71b      0x118 ./component/serial_manager/serial_port_uart.o
 .debug_macro   0x0001c833       0x22 ./component/serial_manager/serial_port_uart.o
 .debug_macro   0x0001c855      0x16b ./board/boards/board.o
 .debug_macro   0x0001c9c0       0x16 ./board/boards/board.o
 .debug_macro   0x0001c9d6      0x1aa ./board/boards/clock_config.o
 .debug_macro   0x0001cb80       0x10 ./board/boards/clock_config.o
 .debug_macro   0x0001cb90      0x118 ./board/boards/peripherals.o
 .debug_macro   0x0001cca8      0x10d ./board/boards/pin_mux.o
 .debug_macro   0x0001cdb5       0xfd ./accel/fsl_fxos.o

.debug_line     0x00000000     0x94e4
 .debug_line    0x00000000      0x50d ./utilities/fsl_debug_console.o
 .debug_line    0x0000050d      0xa5e ./startup/startup_mk66f18.o
 .debug_line    0x00000f6b      0x4d5 ./source/MK66FN2M0xxx18_Accelerometer2.o
 .debug_line    0x00001440      0x34d ./source/accel.o
 .debug_line    0x0000178d       0x5a ./source/semihost_hardfault.o
 .debug_line    0x000017e7     0x17bf ./drivers/fsl_clock.o
 .debug_line    0x00002fa6      0x365 ./drivers/fsl_gpio.o
 .debug_line    0x0000330b     0x1387 ./drivers/fsl_i2c.o
 .debug_line    0x00004692      0xd63 ./drivers/fsl_lpuart.o
 .debug_line    0x000053f5      0x581 ./drivers/fsl_smc.o
 .debug_line    0x00005976     0x10ea ./drivers/fsl_uart.o
 .debug_line    0x00006a60      0x3e7 ./device/system_MK66F18.o
 .debug_line    0x00006e47      0x3d6 ./component/uart/uart_adapter.o
 .debug_line    0x0000721d      0x5b2 ./component/serial_manager/serial_manager.o
 .debug_line    0x000077cf      0x3eb ./component/serial_manager/serial_port_uart.o
 .debug_line    0x00007bba      0x432 ./board/boards/board.o
 .debug_line    0x00007fec      0x6e3 ./board/boards/clock_config.o
 .debug_line    0x000086cf      0x363 ./board/boards/peripherals.o
 .debug_line    0x00008a32      0x64e ./board/boards/pin_mux.o
 .debug_line    0x00009080      0x464 ./accel/fsl_fxos.o

.debug_str      0x00000000    0xc14f2
 .debug_str     0x00000000    0xb5723 ./utilities/fsl_debug_console.o
                              0xb5800 (size before relaxing)
 .debug_str     0x000b5723      0x966 ./startup/startup_mk66f18.o
                               0x38d3 (size before relaxing)
 .debug_str     0x000b6089     0x4905 ./source/MK66FN2M0xxx18_Accelerometer2.o
                              0xb9872 (size before relaxing)
 .debug_str     0x000ba98e       0x3b ./source/accel.o
                              0xb64e5 (size before relaxing)
 .debug_str     0x000ba9c9       0x1f ./source/semihost_hardfault.o
                               0x2edb (size before relaxing)
 .debug_str     0x000ba9e8     0x2208 ./drivers/fsl_clock.o
                              0xb6e31 (size before relaxing)
 .debug_str     0x000bcbf0      0x189 ./drivers/fsl_gpio.o
                              0xb499f (size before relaxing)
 .debug_str     0x000bcd79     0x11e9 ./drivers/fsl_i2c.o
                              0xb5fb3 (size before relaxing)
 .debug_str     0x000bdf62      0xe71 ./drivers/fsl_lpuart.o
                              0xb6170 (size before relaxing)
 .debug_str     0x000bedd3      0x4e2 ./drivers/fsl_smc.o
                              0xb4d33 (size before relaxing)
 .debug_str     0x000bf2b5      0x93e ./drivers/fsl_uart.o
                              0xb60da (size before relaxing)
 .debug_str     0x000bfbf3       0xbd ./device/system_MK66F18.o
                              0xb32ba (size before relaxing)
 .debug_str     0x000bfcb0      0x326 ./component/uart/uart_adapter.o
                              0xb4e6d (size before relaxing)
 .debug_str     0x000bffd6      0x388 ./component/serial_manager/serial_manager.o
                              0xb47f3 (size before relaxing)
 .debug_str     0x000c035e       0xfc ./component/serial_manager/serial_port_uart.o
                              0xb48a1 (size before relaxing)
 .debug_str     0x000c045a      0x14f ./board/boards/board.o
                              0xb60a1 (size before relaxing)
 .debug_str     0x000c05a9      0x6c5 ./board/boards/clock_config.o
                              0xb5b7e (size before relaxing)
 .debug_str     0x000c0c6e       0x69 ./board/boards/peripherals.o
                              0xb533b (size before relaxing)
 .debug_str     0x000c0cd7      0x72e ./board/boards/pin_mux.o
                              0xb55f1 (size before relaxing)
 .debug_str     0x000c1405       0xed ./accel/fsl_fxos.o
                              0xb65ab (size before relaxing)

.comment        0x00000000       0x75
 .comment       0x00000000       0x75 ./utilities/fsl_debug_console.o
                                 0x76 (size before relaxing)
 .comment       0x00000075       0x76 ./startup/startup_mk66f18.o
 .comment       0x00000075       0x76 ./source/MK66FN2M0xxx18_Accelerometer2.o
 .comment       0x00000075       0x76 ./source/accel.o
 .comment       0x00000075       0x76 ./source/semihost_hardfault.o
 .comment       0x00000075       0x76 ./drivers/fsl_clock.o
 .comment       0x00000075       0x76 ./drivers/fsl_gpio.o
 .comment       0x00000075       0x76 ./drivers/fsl_i2c.o
 .comment       0x00000075       0x76 ./drivers/fsl_lpuart.o
 .comment       0x00000075       0x76 ./drivers/fsl_smc.o
 .comment       0x00000075       0x76 ./drivers/fsl_uart.o
 .comment       0x00000075       0x76 ./device/system_MK66F18.o
 .comment       0x00000075       0x76 ./component/uart/uart_adapter.o
 .comment       0x00000075       0x76 ./component/serial_manager/serial_manager.o
 .comment       0x00000075       0x76 ./component/serial_manager/serial_port_uart.o
 .comment       0x00000075       0x76 ./board/boards/board.o
 .comment       0x00000075       0x76 ./board/boards/clock_config.o
 .comment       0x00000075       0x76 ./board/boards/peripherals.o
 .comment       0x00000075       0x76 ./board/boards/pin_mux.o
 .comment       0x00000075       0x76 ./accel/fsl_fxos.o
 .comment       0x00000075       0x76 c:/nxp/mcuxpressoide_11.0.0_2516/ide/plugins/com.nxp.mcuxpresso.tools.win32_11.0.0.201905131304/tools/bin/../lib/gcc/arm-none-eabi/8.2.1/../../../../arm-none-eabi/lib/thumb/v7e-m+fp/hard\libcr_semihost_nf.a(_cr__main.o)
 .comment       0x00000075       0x76 c:/nxp/mcuxpressoide_11.0.0_2516/ide/plugins/com.nxp.mcuxpresso.tools.win32_11.0.0.201905131304/tools/bin/../lib/gcc/arm-none-eabi/8.2.1/../../../../arm-none-eabi/lib/thumb/v7e-m+fp/hard\libcr_semihost_nf.a(_cr_assert.o)
 .comment       0x00000075       0x76 c:/nxp/mcuxpressoide_11.0.0_2516/ide/plugins/com.nxp.mcuxpresso.tools.win32_11.0.0.201905131304/tools/bin/../lib/gcc/arm-none-eabi/8.2.1/../../../../arm-none-eabi/lib/thumb/v7e-m+fp/hard\libcr_semihost_nf.a(__ciob.o)
 .comment       0x00000075       0x76 c:/nxp/mcuxpressoide_11.0.0_2516/ide/plugins/com.nxp.mcuxpresso.tools.win32_11.0.0.201905131304/tools/bin/../lib/gcc/arm-none-eabi/8.2.1/../../../../arm-none-eabi/lib/thumb/v7e-m+fp/hard\libcr_c.a(memset.o)
 .comment       0x00000075       0x76 c:/nxp/mcuxpressoide_11.0.0_2516/ide/plugins/com.nxp.mcuxpresso.tools.win32_11.0.0.201905131304/tools/bin/../lib/gcc/arm-none-eabi/8.2.1/../../../../arm-none-eabi/lib/thumb/v7e-m+fp/hard\libcr_c.a(_deferredlazyseek.o)
 .comment       0x00000075       0x76 c:/nxp/mcuxpressoide_11.0.0_2516/ide/plugins/com.nxp.mcuxpresso.tools.win32_11.0.0.201905131304/tools/bin/../lib/gcc/arm-none-eabi/8.2.1/../../../../arm-none-eabi/lib/thumb/v7e-m+fp/hard\libcr_c.a(_fflush.o)
 .comment       0x00000075       0x76 c:/nxp/mcuxpressoide_11.0.0_2516/ide/plugins/com.nxp.mcuxpresso.tools.win32_11.0.0.201905131304/tools/bin/../lib/gcc/arm-none-eabi/8.2.1/../../../../arm-none-eabi/lib/thumb/v7e-m+fp/hard\libcr_c.a(_writebuf.o)
 .comment       0x00000075       0x76 c:/nxp/mcuxpressoide_11.0.0_2516/ide/plugins/com.nxp.mcuxpresso.tools.win32_11.0.0.201905131304/tools/bin/../lib/gcc/arm-none-eabi/8.2.1/../../../../arm-none-eabi/lib/thumb/v7e-m+fp/hard\libcr_c.a(alloc.o)
 .comment       0x00000075       0x76 c:/nxp/mcuxpressoide_11.0.0_2516/ide/plugins/com.nxp.mcuxpresso.tools.win32_11.0.0.201905131304/tools/bin/../lib/gcc/arm-none-eabi/8.2.1/../../../../arm-none-eabi/lib/thumb/v7e-m+fp/hard\libcr_c.a(floor.o)
 .comment       0x00000075       0x76 c:/nxp/mcuxpressoide_11.0.0_2516/ide/plugins/com.nxp.mcuxpresso.tools.win32_11.0.0.201905131304/tools/bin/../lib/gcc/arm-none-eabi/8.2.1/../../../../arm-none-eabi/lib/thumb/v7e-m+fp/hard\libcr_c.a(fputs.o)
 .comment       0x00000075       0x76 c:/nxp/mcuxpressoide_11.0.0_2516/ide/plugins/com.nxp.mcuxpresso.tools.win32_11.0.0.201905131304/tools/bin/../lib/gcc/arm-none-eabi/8.2.1/../../../../arm-none-eabi/lib/thumb/v7e-m+fp/hard\libcr_c.a(fseek.o)
 .comment       0x00000075       0x76 c:/nxp/mcuxpressoide_11.0.0_2516/ide/plugins/com.nxp.mcuxpresso.tools.win32_11.0.0.201905131304/tools/bin/../lib/gcc/arm-none-eabi/8.2.1/../../../../arm-none-eabi/lib/thumb/v7e-m+fp/hard\libcr_c.a(ftell.o)
 .comment       0x00000075       0x76 c:/nxp/mcuxpressoide_11.0.0_2516/ide/plugins/com.nxp.mcuxpresso.tools.win32_11.0.0.201905131304/tools/bin/../lib/gcc/arm-none-eabi/8.2.1/../../../../arm-none-eabi/lib/thumb/v7e-m+fp/hard\libcr_c.a(initio.o)
 .comment       0x00000075       0x76 c:/nxp/mcuxpressoide_11.0.0_2516/ide/plugins/com.nxp.mcuxpresso.tools.win32_11.0.0.201905131304/tools/bin/../lib/gcc/arm-none-eabi/8.2.1/../../../../arm-none-eabi/lib/thumb/v7e-m+fp/hard\libcr_c.a(printf.o)
 .comment       0x00000075       0x76 c:/nxp/mcuxpressoide_11.0.0_2516/ide/plugins/com.nxp.mcuxpresso.tools.win32_11.0.0.201905131304/tools/bin/../lib/gcc/arm-none-eabi/8.2.1/../../../../arm-none-eabi/lib/thumb/v7e-m+fp/hard\libcr_c.a(setvbuf.o)
 .comment       0x00000075       0x76 c:/nxp/mcuxpressoide_11.0.0_2516/ide/plugins/com.nxp.mcuxpresso.tools.win32_11.0.0.201905131304/tools/bin/../lib/gcc/arm-none-eabi/8.2.1/../../../../arm-none-eabi/lib/thumb/v7e-m+fp/hard\libcr_c.a(strlen.o)
 .comment       0x00000075       0x76 c:/nxp/mcuxpressoide_11.0.0_2516/ide/plugins/com.nxp.mcuxpresso.tools.win32_11.0.0.201905131304/tools/bin/../lib/gcc/arm-none-eabi/8.2.1/../../../../arm-none-eabi/lib/thumb/v7e-m+fp/hard\libcr_c.a(__init_alloc.o)
 .comment       0x00000075       0x76 c:/nxp/mcuxpressoide_11.0.0_2516/ide/plugins/com.nxp.mcuxpresso.tools.win32_11.0.0.201905131304/tools/bin/../lib/gcc/arm-none-eabi/8.2.1/../../../../arm-none-eabi/lib/thumb/v7e-m+fp/hard\libcr_c.a(_cr_sbrk.o)
 .comment       0x00000075       0x76 c:/nxp/mcuxpressoide_11.0.0_2516/ide/plugins/com.nxp.mcuxpresso.tools.win32_11.0.0.201905131304/tools/bin/../lib/gcc/arm-none-eabi/8.2.1/../../../../arm-none-eabi/lib/thumb/v7e-m+fp/hard\libcr_c.a(_fdopen.o)
 .comment       0x00000075       0x76 c:/nxp/mcuxpressoide_11.0.0_2516/ide/plugins/com.nxp.mcuxpresso.tools.win32_11.0.0.201905131304/tools/bin/../lib/gcc/arm-none-eabi/8.2.1/../../../../arm-none-eabi/lib/thumb/v7e-m+fp/hard\libcr_c.a(errno.o)
 .comment       0x00000075       0x76 c:/nxp/mcuxpressoide_11.0.0_2516/ide/plugins/com.nxp.mcuxpresso.tools.win32_11.0.0.201905131304/tools/bin/../lib/gcc/arm-none-eabi/8.2.1/../../../../arm-none-eabi/lib/thumb/v7e-m+fp/hard\libcr_c.a(fclose.o)
 .comment       0x00000075       0x76 c:/nxp/mcuxpressoide_11.0.0_2516/ide/plugins/com.nxp.mcuxpresso.tools.win32_11.0.0.201905131304/tools/bin/../lib/gcc/arm-none-eabi/8.2.1/../../../../arm-none-eabi/lib/thumb/v7e-m+fp/hard\libcr_c.a(fflush.o)
 .comment       0x00000075       0x76 c:/nxp/mcuxpressoide_11.0.0_2516/ide/plugins/com.nxp.mcuxpresso.tools.win32_11.0.0.201905131304/tools/bin/../lib/gcc/arm-none-eabi/8.2.1/../../../../arm-none-eabi/lib/thumb/v7e-m+fp/hard\libcr_c.a(remove.o)
 .comment       0x00000075       0x76 c:/nxp/mcuxpressoide_11.0.0_2516/ide/plugins/com.nxp.mcuxpresso.tools.win32_11.0.0.201905131304/tools/bin/../lib/gcc/arm-none-eabi/8.2.1/../../../../arm-none-eabi/lib/thumb/v7e-m+fp/hard\libcr_c.a(_cr_check_heap.o)
 .comment       0x00000075       0x76 c:/nxp/mcuxpressoide_11.0.0_2516/ide/plugins/com.nxp.mcuxpresso.tools.win32_11.0.0.201905131304/tools/bin/../lib/gcc/arm-none-eabi/8.2.1/../../../../arm-none-eabi/lib/thumb/v7e-m+fp/hard\libcr_c.a(_do_fflush.o)
 .comment       0x00000075       0x76 c:/nxp/mcuxpressoide_11.0.0_2516/ide/plugins/com.nxp.mcuxpresso.tools.win32_11.0.0.201905131304/tools/bin/../lib/gcc/arm-none-eabi/8.2.1/thumb/v7e-m+fp/hard\libcr_eabihelpers.a(double.o)

.ARM.attributes
                0x00000000       0x32
 .ARM.attributes
                0x00000000       0x34 ./utilities/fsl_debug_console.o
 .ARM.attributes
                0x00000034       0x34 ./startup/startup_mk66f18.o
 .ARM.attributes
                0x00000068       0x34 ./source/MK66FN2M0xxx18_Accelerometer2.o
 .ARM.attributes
                0x0000009c       0x34 ./source/accel.o
 .ARM.attributes
                0x000000d0       0x34 ./source/semihost_hardfault.o
 .ARM.attributes
                0x00000104       0x34 ./drivers/fsl_clock.o
 .ARM.attributes
                0x00000138       0x34 ./drivers/fsl_gpio.o
 .ARM.attributes
                0x0000016c       0x34 ./drivers/fsl_i2c.o
 .ARM.attributes
                0x000001a0       0x34 ./drivers/fsl_lpuart.o