Archive member included to satisfy reference by file (symbol)

c:/nxp/mcuxpressoide_11.0.0_2516/ide/plugins/com.nxp.mcuxpresso.tools.win32_11.0.0.201905131304/tools/bin/../lib/gcc/arm-none-eabi/8.2.1/../../../../arm-none-eabi/lib/thumb/v7e-m+fp/hard\libcr_semihost_nf.a(_cr__main.o)
                              ./startup/startup_mk66f18.o (__main)
c:/nxp/mcuxpressoide_11.0.0_2516/ide/plugins/com.nxp.mcuxpresso.tools.win32_11.0.0.201905131304/tools/bin/../lib/gcc/arm-none-eabi/8.2.1/../../../../arm-none-eabi/lib/thumb/v7e-m+fp/hard\libcr_semihost_nf.a(_cr_assert.o)
                              ./utilities/fsl_debug_console.o (__assertion_failed)
c:/nxp/mcuxpressoide_11.0.0_2516/ide/plugins/com.nxp.mcuxpresso.tools.win32_11.0.0.201905131304/tools/bin/../lib/gcc/arm-none-eabi/8.2.1/../../../../arm-none-eabi/lib/thumb/v7e-m+fp/hard\libcr_semihost_nf.a(__ciob.o)
                              c:/nxp/mcuxpressoide_11.0.0_2516/ide/plugins/com.nxp.mcuxpresso.tools.win32_11.0.0.201905131304/tools/bin/../lib/gcc/arm-none-eabi/8.2.1/../../../../arm-none-eabi/lib/thumb/v7e-m+fp/hard\libcr_semihost_nf.a(_cr_assert.o) (__Ciob)
c:/nxp/mcuxpressoide_11.0.0_2516/ide/plugins/com.nxp.mcuxpresso.tools.win32_11.0.0.201905131304/tools/bin/../lib/gcc/arm-none-eabi/8.2.1/../../../../arm-none-eabi/lib/thumb/v7e-m+fp/hard\libcr_semihost_nf.a(__sys_appexit.o)
                              c:/nxp/mcuxpressoide_11.0.0_2516/ide/plugins/com.nxp.mcuxpresso.tools.win32_11.0.0.201905131304/tools/bin/../lib/gcc/arm-none-eabi/8.2.1/../../../../arm-none-eabi/lib/thumb/v7e-m+fp/hard\libcr_semihost_nf.a(_cr_assert.o) (__sys_appexit)
c:/nxp/mcuxpressoide_11.0.0_2516/ide/plugins/com.nxp.mcuxpresso.tools.win32_11.0.0.201905131304/tools/bin/../lib/gcc/arm-none-eabi/8.2.1/../../../../arm-none-eabi/lib/thumb/v7e-m+fp/hard\libcr_c.a(memset.o)
                              ./utilities/fsl_debug_console.o (memset)
c:/nxp/mcuxpressoide_11.0.0_2516/ide/plugins/com.nxp.mcuxpresso.tools.win32_11.0.0.201905131304/tools/bin/../lib/gcc/arm-none-eabi/8.2.1/../../../../arm-none-eabi/lib/thumb/v7e-m+fp/hard\libcr_c.a(_deferredlazyseek.o)
                              c:/nxp/mcuxpressoide_11.0.0_2516/ide/plugins/com.nxp.mcuxpresso.tools.win32_11.0.0.201905131304/tools/bin/../lib/gcc/arm-none-eabi/8.2.1/../../../../arm-none-eabi/lib/thumb/v7e-m+fp/hard\libcr_semihost_nf.a(_cr_assert.o) (__flsbuf)
c:/nxp/mcuxpressoide_11.0.0_2516/ide/plugins/com.nxp.mcuxpresso.tools.win32_11.0.0.201905131304/tools/bin/../lib/gcc/arm-none-eabi/8.2.1/../../../../arm-none-eabi/lib/thumb/v7e-m+fp/hard\libcr_c.a(_fflush.o)
                              c:/nxp/mcuxpressoide_11.0.0_2516/ide/plugins/com.nxp.mcuxpresso.tools.win32_11.0.0.201905131304/tools/bin/../lib/gcc/arm-none-eabi/8.2.1/../../../../arm-none-eabi/lib/thumb/v7e-m+fp/hard\libcr_c.a(_deferredlazyseek.o) (_fflush)
c:/nxp/mcuxpressoide_11.0.0_2516/ide/plugins/com.nxp.mcuxpresso.tools.win32_11.0.0.201905131304/tools/bin/../lib/gcc/arm-none-eabi/8.2.1/../../../../arm-none-eabi/lib/thumb/v7e-m+fp/hard\libcr_c.a(_writebuf.o)
                              c:/nxp/mcuxpressoide_11.0.0_2516/ide/plugins/com.nxp.mcuxpresso.tools.win32_11.0.0.201905131304/tools/bin/../lib/gcc/arm-none-eabi/8.2.1/../../../../arm-none-eabi/lib/thumb/v7e-m+fp/hard\libcr_c.a(_deferredlazyseek.o) (_Cwritebuf)
c:/nxp/mcuxpressoide_11.0.0_2516/ide/plugins/com.nxp.mcuxpresso.tools.win32_11.0.0.201905131304/tools/bin/../lib/gcc/arm-none-eabi/8.2.1/../../../../arm-none-eabi/lib/thumb/v7e-m+fp/hard\libcr_c.a(alloc.o)
                              ./drivers/fsl_common.o (malloc)
c:/nxp/mcuxpressoide_11.0.0_2516/ide/plugins/com.nxp.mcuxpresso.tools.win32_11.0.0.201905131304/tools/bin/../lib/gcc/arm-none-eabi/8.2.1/../../../../arm-none-eabi/lib/thumb/v7e-m+fp/hard\libcr_c.a(fputs.o)
                              c:/nxp/mcuxpressoide_11.0.0_2516/ide/plugins/com.nxp.mcuxpresso.tools.win32_11.0.0.201905131304/tools/bin/../lib/gcc/arm-none-eabi/8.2.1/../../../../arm-none-eabi/lib/thumb/v7e-m+fp/hard\libcr_semihost_nf.a(_cr_assert.o) (fputs)
c:/nxp/mcuxpressoide_11.0.0_2516/ide/plugins/com.nxp.mcuxpresso.tools.win32_11.0.0.201905131304/tools/bin/../lib/gcc/arm-none-eabi/8.2.1/../../../../arm-none-eabi/lib/thumb/v7e-m+fp/hard\libcr_c.a(fseek.o)
                              c:/nxp/mcuxpressoide_11.0.0_2516/ide/plugins/com.nxp.mcuxpresso.tools.win32_11.0.0.201905131304/tools/bin/../lib/gcc/arm-none-eabi/8.2.1/../../../../arm-none-eabi/lib/thumb/v7e-m+fp/hard\libcr_c.a(_deferredlazyseek.o) (fseek)
c:/nxp/mcuxpressoide_11.0.0_2516/ide/plugins/com.nxp.mcuxpresso.tools.win32_11.0.0.201905131304/tools/bin/../lib/gcc/arm-none-eabi/8.2.1/../../../../arm-none-eabi/lib/thumb/v7e-m+fp/hard\libcr_c.a(ftell.o)
                              c:/nxp/mcuxpressoide_11.0.0_2516/ide/plugins/com.nxp.mcuxpresso.tools.win32_11.0.0.201905131304/tools/bin/../lib/gcc/arm-none-eabi/8.2.1/../../../../arm-none-eabi/lib/thumb/v7e-m+fp/hard\libcr_c.a(fseek.o) (ftell)
[...]
Memory Configuration

Name             Origin             Length             Attributes
PROGRAM_FLASH    0x00000000         0x00200000         xr
SRAM_UPPER       0x20000000         0x00030000         xrw
SRAM_LOWER       0x1fff0000         0x00010000         xrw
FLEX_RAM         0x14000000         0x00001000         xrw
*default*        0x00000000         0xffffffff

Linker script and memory map

LOAD ./utilities/fsl_debug_console.o
LOAD ./utilities/fsl_str.o
LOAD ./startup/startup_mk66f18.o
LOAD ./source/MK66FN2M0xxx18_Accelerometer.o
LOAD ./source/semihost_hardfault.o
LOAD ./drivers/fsl_clock.o
LOAD ./drivers/fsl_common.o
LOAD ./drivers/fsl_gpio.o
LOAD ./drivers/fsl_i2c.o
LOAD ./drivers/fsl_lpuart.o
LOAD ./drivers/fsl_rtc.o
LOAD ./drivers/fsl_smc.o
LOAD ./drivers/fsl_uart.o
LOAD ./device/system_MK66F18.o
LOAD ./component/uart/uart_adapter.o
LOAD ./component/serial_manager/serial_manager.o
LOAD ./component/serial_manager/serial_port_uart.o
LOAD ./component/lists/generic_list.o
LOAD ./board/boards/board.o
LOAD ./board/boards/clock_config.o
LOAD ./board/boards/peripherals.o
LOAD ./board/boards/pin_mux.o
LOAD ./accel/fsl_fxos.o
START GROUP
LOAD c:/nxp/mcuxpressoide_11.0.0_2516/ide/plugins/com.nxp.mcuxpresso.tools.win32_11.0.0.201905131304/tools/bin/../lib/gcc/arm-none-eabi/8.2.1/../../../../arm-none-eabi/lib/thumb/v7e-m+fp/hard\libcr_semihost_nf.a
LOAD c:/nxp/mcuxpressoide_11.0.0_2516/ide/plugins/com.nxp.mcuxpresso.tools.win32_11.0.0.201905131304/tools/bin/../lib/gcc/arm-none-eabi/8.2.1/../../../../arm-none-eabi/lib/thumb/v7e-m+fp/hard\libcr_c.a
LOAD c:/nxp/mcuxpressoide_11.0.0_2516/ide/plugins/com.nxp.mcuxpresso.tools.win32_11.0.0.201905131304/tools/bin/../lib/gcc/arm-none-eabi/8.2.1/thumb/v7e-m+fp/hard\libcr_eabihelpers.a
LOAD c:/nxp/mcuxpressoide_11.0.0_2516/ide/plugins/com.nxp.mcuxpresso.tools.win32_11.0.0.201905131304/tools/bin/../lib/gcc/arm-none-eabi/8.2.1/thumb/v7e-m+fp/hard\libgcc.a
END GROUP
                0x00000000                __base_PROGRAM_FLASH = 0x0
                0x00000000                __base_Flash = 0x0
                0x00200000                __top_PROGRAM_FLASH = 0x200000
                0x00200000                __top_Flash = 0x200000
                0x20000000                __base_SRAM_UPPER = 0x20000000
                0x20000000                __base_RAM = 0x20000000
                0x20030000                __top_SRAM_UPPER = 0x20030000
                0x20030000                __top_RAM = 0x20030000
                0x1fff0000                __base_SRAM_LOWER = 0x1fff0000
                0x1fff0000                __base_RAM2 = 0x1fff0000
                0x20000000                __top_SRAM_LOWER = 0x20000000
                0x20000000                __top_RAM2 = 0x20000000
                0x14000000                __base_FLEX_RAM = 0x14000000
                0x14000000                __base_RAM3 = 0x14000000
                0x14001000                __top_FLEX_RAM = 0x14001000
                0x14001000                __top_RAM3 = 0x14001000

.text           0x00000000     0x67d8
 FILL mask 0xff
                0x00000000                __vectors_start__ = ABSOLUTE (.)
 *(SORT_BY_ALIGNMENT(.isr_vector))
 .isr_vector    0x00000000      0x1d0 ./startup/startup_mk66f18.o
                0x00000000                g_pfnVectors
                0x00000000                __Vectors
                0x000001d0                . = ALIGN (0x4)
                0x000001d0                __section_table_start = .
                0x000001d0                __data_section_table = .
                0x000001d0        0x4 LONG 0x67d8 LOADADDR (.data)
                0x000001d4        0x4 LONG 0x20000000 ADDR (.data)
                0x000001d8        0x4 LONG 0x10 SIZEOF (.data)
                0x000001dc        0x4 LONG 0x67d8 LOADADDR (.data_RAM2)
                0x000001e0        0x4 LONG 0x1fff0000 ADDR (.data_RAM2)
                0x000001e4        0x4 LONG 0x0 SIZEOF (.data_RAM2)
                0x000001e8        0x4 LONG 0x67d8 LOADADDR (.data_RAM3)
                0x000001ec        0x4 LONG 0x14000000 ADDR (.data_RAM3)
                0x000001f0        0x4 LONG 0x0 SIZEOF (.data_RAM3)
                0x000001f4                __data_section_table_end = .
                0x000001f4                __bss_section_table = .
                0x000001f4        0x4 LONG 0x20000010 ADDR (.bss)
                0x000001f8        0x4 LONG 0x128 SIZEOF (.bss)
                0x000001fc        0x4 LONG 0x1fff0000 ADDR (.bss_RAM2)
                0x00000200        0x4 LONG 0x0 SIZEOF (.bss_RAM2)
                0x00000204        0x4 LONG 0x14000000 ADDR (.bss_RAM3)
                0x00000208        0x4 LONG 0x0 SIZEOF (.bss_RAM3)
                0x0000020c                __bss_section_table_end = .
                0x0000020c                __section_table_end = .
 *(SORT_BY_ALIGNMENT(.after_vectors*))
 .after_vectors.reset
                0x0000020c       0x4c ./startup/startup_mk66f18.o
                0x0000020c                ResetISR
 .after_vectors.init_data
                0x00000258       0x1e ./startup/startup_mk66f18.o
                0x00000258                data_init
 .after_vectors.init_bss
                0x00000276       0x12 ./startup/startup_mk66f18.o
                0x00000276                bss_init
 .after_vectors
                0x00000288       0x14 ./startup/startup_mk66f18.o
                0x00000288                NMI_Handler
                0x0000028c                MemManage_Handler
                0x0000028e                BusFault_Handler
                0x00000290                UsageFault_Handler
                0x00000292                SVC_Handler
                0x00000294                DebugMon_Handler
                0x00000296                PendSV_Handler
                0x00000298                SysTick_Handler
                0x0000029a                DMA_Error_DriverIRQHandler
                0x0000029a                FTM1_DriverIRQHandler
                0x0000029a                FTM2_DriverIRQHandler
                0x0000029a                PIT2_DriverIRQHandler
                0x0000029a                TPM2_DriverIRQHandler
                0x0000029a                SDHC_DriverIRQHandler
                0x0000029a                DMA7_DMA23_DriverIRQHandler
                0x0000029a                I2S0_Tx_DriverIRQHandler
                0x0000029a                TSI0_DriverIRQHandler
                0x0000029a                RTC_Seconds_DriverIRQHandler
                0x0000029a                CMP3_DriverIRQHandler
                0x0000029a                LLWU_DriverIRQHandler
                0x0000029a                MCM_DriverIRQHandler
                0x0000029a                DMA14_DMA30_DriverIRQHandler
                0x0000029a                MCG_DriverIRQHandler
                0x0000029a                ENET_1588_Timer_DriverIRQHandler
                0x0000029a                DAC1_DriverIRQHandler
                0x0000029a                LPTMR0_DriverIRQHandler
                0x0000029a                CMP1_DriverIRQHandler
                0x0000029a                USBHSDCD_DriverIRQHandler
                0x0000029a                DMA0_DMA16_DriverIRQHandler
                0x0000029a                FTM0_DriverIRQHandler
                0x0000029a                IntDefaultHandler
                0x0000029a                USB0_DriverIRQHandler
                0x0000029a                PORTC_DriverIRQHandler
                0x0000029a                DMA2_DMA18_DriverIRQHandler
                0x0000029a                DAC0_DriverIRQHandler
                0x0000029a                CMP2_DriverIRQHandler
                0x0000029a                UART2_ERR_DriverIRQHandler
                0x0000029a                SPI2_DriverIRQHandler
                0x0000029a                LVD_LVW_DriverIRQHandler
                0x0000029a                Reserved84_DriverIRQHandler
                0x0000029a                SPI1_DriverIRQHandler
                0x0000029a                RNG_DriverIRQHandler
                0x0000029a                USBDCD_DriverIRQHandler
                0x0000029a                UART3_ERR_DriverIRQHandler
                0x0000029a                DMA12_DMA28_DriverIRQHandler
                0x0000029a                DMA10_DMA26_DriverIRQHandler
                0x0000029a                UART0_ERR_DriverIRQHandler
                0x0000029a                CMT_DriverIRQHandler
                0x0000029a                Reserved71_DriverIRQHandler
                0x0000029a                ADC1_DriverIRQHandler
                0x0000029a                PORTA_DriverIRQHandler
                0x0000029a                DMA1_DMA17_DriverIRQHandler
                0x0000029a                PIT3_DriverIRQHandler
                0x0000029a                PIT1_DriverIRQHandler
                0x0000029a                TPM1_DriverIRQHandler
                0x0000029a                WDOG_EWM_DriverIRQHandler
                0x0000029a                PDB0_DriverIRQHandler
                0x0000029a                DMA8_DMA24_DriverIRQHandler
                0x0000029a                DMA6_DMA22_DriverIRQHandler
                0x0000029a                RTC_DriverIRQHandler
                0x0000029a                I2S0_Rx_DriverIRQHandler
                0x0000029a                Read_Collision_DriverIRQHandler
                0x0000029a                SWI_DriverIRQHandler
                0x0000029a                UART4_ERR_DriverIRQHandler
                0x0000029a                PORTB_DriverIRQHandler
                0x0000029a                DMA13_DMA29_DriverIRQHandler
                0x0000029a                DMA11_DMA27_DriverIRQHandler
                0x0000029a                DMA4_DMA20_DriverIRQHandler
                0x0000029a                DMA9_DMA25_DriverIRQHandler
                0x0000029a                ENET_Receive_DriverIRQHandler
                0x0000029a                DMA3_DMA19_DriverIRQHandler
                0x0000029a                ENET_Error_DriverIRQHandler
                0x0000029a                Reserved85_DriverIRQHandler
                0x0000029a                SPI0_DriverIRQHandler
                0x0000029a                ADC0_DriverIRQHandler
                0x0000029a                USBHS_DriverIRQHandler
                0x0000029a                CMP0_DriverIRQHandler
                0x0000029a                CAN0_DriverIRQHandler
                0x0000029a                FTM3_DriverIRQHandler
                0x0000029a                DMA5_DMA21_DriverIRQHandler
                0x0000029a                PIT0_DriverIRQHandler
                0x0000029a                DMA15_DMA31_DriverIRQHandler
                0x0000029a                UART1_ERR_DriverIRQHandler
                0x0000029a                ENET_Transmit_DriverIRQHandler
                0x0000029a                PORTD_DriverIRQHandler
                0x0000029a                Reserved46_DriverIRQHandler
                0x0000029a                PORTE_DriverIRQHandler
                0x0000029a                FTFE_DriverIRQHandler
                0x0000029a                CAN1_DriverIRQHandler
                0x00000400                . = 0x400
 *fill*         0x0000029c      0x164 ff
                0x00000400                PROVIDE (__FLASH_CONFIG_START__ = .)
 *(SORT_BY_ALIGNMENT(.FlashConfig))
 .FlashConfig   0x00000400       0x10 ./startup/startup_mk66f18.o
                0x00000400                Flash_Config
                0x00000410                PROVIDE (__FLASH_CONFIG_END__ = .)
                0x00000001                ASSERT (! ((__FLASH_CONFIG_START__ == __FLASH_CONFIG_END__)), Linker Flash Config Support Enabled, but no .FlashConfig section provided within application)
 *(SORT_BY_ALIGNMENT(.text*))
 .text.DbgConsole_Init
                0x00000410      0x104 ./utilities/fsl_debug_console.o
                0x00000410                DbgConsole_Init
 .text.initializeAccel
                0x00000514       0xf0 ./source/MK66FN2M0xxx18_Accelerometer.o
                0x00000514                initializeAccel
 .text.main     0x00000604       0xf4 ./source/MK66FN2M0xxx18_Accelerometer.o
                0x00000604                main
 .text.CLOCK_SetEr32kClock
                0x000006f8       0x30 ./drivers/fsl_clock.o
 .text.CLOCK_SetPllFllSelClock
                0x00000728       0x58 ./drivers/fsl_clock.o
 .text.CLOCK_GetMcgExtClkFreq
                0x00000780       0x78 ./drivers/fsl_clock.o
 .text.CLOCK_GetFllExtRefClkFreq
                0x000007f8       0xd0 ./drivers/fsl_clock.o
 .text.CLOCK_GetInternalRefClkSelectFreq
                0x000008c8       0x44 ./drivers/fsl_clock.o
 .text.CLOCK_GetFllRefClkFreq
                0x0000090c       0x2c ./drivers/fsl_clock.o
 .text.CLOCK_GetOscRangeFromFreq
                0x00000938       0x3c ./drivers/fsl_clock.o
 .text.CLOCK_GetOsc0ErClkUndivFreq
                0x00000974       0x38 ./drivers/fsl_clock.o
                0x00000974                CLOCK_GetOsc0ErClkUndivFreq
 .text.CLOCK_GetOsc0ErClkDivFreq
                0x000009ac       0x48 ./drivers/fsl_clock.o
                0x000009ac                CLOCK_GetOsc0ErClkDivFreq
 .text.CLOCK_GetEr32kClkFreq
                0x000009f4       0x70 ./drivers/fsl_clock.o
                0x000009f4                CLOCK_GetEr32kClkFreq
 .text.CLOCK_GetPllFllSelClkFreq
                0x00000a64       0x90 ./drivers/fsl_clock.o
                0x00000a64                CLOCK_GetPllFllSelClkFreq
 .text.CLOCK_GetCoreSysClkFreq
                0x00000af4       0x28 ./drivers/fsl_clock.o
                0x00000af4                CLOCK_GetCoreSysClkFreq
 .text.CLOCK_GetFreq
                0x00000b1c      0x150 ./drivers/fsl_clock.o
                0x00000b1c                CLOCK_GetFreq
 .text.CLOCK_SetSimConfig
                0x00000c6c       0x44 ./drivers/fsl_clock.o
                0x00000c6c                CLOCK_SetSimConfig
 .text.CLOCK_EnableUsbfs0Clock
                0x00000cb0      0x11c ./drivers/fsl_clock.o
                0x00000cb0                CLOCK_EnableUsbfs0Clock
 .text.CLOCK_GetOutClkFreq
                0x00000dcc       0x90 ./drivers/fsl_clock.o
                0x00000dcc                CLOCK_GetOutClkFreq
 .text.CLOCK_GetFllFreq
                0x00000e5c       0x7c ./drivers/fsl_clock.o
                0x00000e5c                CLOCK_GetFllFreq
 .text.CLOCK_GetInternalRefClkFreq
                0x00000ed8       0x24 ./drivers/fsl_clock.o
                0x00000ed8                CLOCK_GetInternalRefClkFreq
 .text.CLOCK_GetPll0Freq
                0x00000efc       0x6c ./drivers/fsl_clock.o
                0x00000efc                CLOCK_GetPll0Freq
 .text.CLOCK_GetExtPllFreq
                0x00000f68       0x18 ./drivers/fsl_clock.o
                0x00000f68                CLOCK_GetExtPllFreq
 .text.CLOCK_SetExtPllFreq
                0x00000f80       0x20 ./drivers/fsl_clock.o
                0x00000f80                CLOCK_SetExtPllFreq
 .text.CLOCK_SetExternalRefClkConfig
                0x00000fa0       0x6c ./drivers/fsl_clock.o
                0x00000fa0                CLOCK_SetExternalRefClkConfig
 .text.CLOCK_SetInternalRefClkConfig
                0x0000100c      0x104 ./drivers/fsl_clock.o
                0x0000100c                CLOCK_SetInternalRefClkConfig
 .text.CLOCK_EnablePll0
                0x00001110       0x84 ./drivers/fsl_clock.o
                0x00001110                CLOCK_EnablePll0
 .text.CLOCK_InitOsc0
                0x00001194       0x8c ./drivers/fsl_clock.o
                0x00001194                CLOCK_InitOsc0
 .text.CLOCK_SetPbeMode
                0x00001220       0xe8 ./drivers/fsl_clock.o
                0x00001220                CLOCK_SetPbeMode
 .text.CLOCK_BootToPeeMode
                0x00001308       0x68 ./drivers/fsl_clock.o
                0x00001308                CLOCK_BootToPeeMode
 .text.GPIO_PinInit
                0x00001370       0x68 ./drivers/fsl_gpio.o
                0x00001370                GPIO_PinInit
 .text.I2C_GetInstance
                0x000013d8       0x4c ./drivers/fsl_i2c.o
                0x000013d8                I2C_GetInstance
 .text.I2C_TransferCommonIRQHandler
                0x00001424       0x54 ./drivers/fsl_i2c.o
 .text.I2C_MasterInit
                0x00001478       0xe4 ./drivers/fsl_i2c.o
                0x00001478                I2C_MasterInit
 .text.I2C_MasterSetBaudRate
                0x0000155c       0xe4 ./drivers/fsl_i2c.o
                0x0000155c                I2C_MasterSetBaudRate
 .text.I2C_MasterTransferBlocking
                0x00001640      0x24c ./drivers/fsl_i2c.o
                0x00001640                I2C_MasterTransferBlocking
 .text.I2C0_DriverIRQHandler
                0x0000188c       0x1c ./drivers/fsl_i2c.o
                0x0000188c                I2C0_DriverIRQHandler
 .text.I2C1_DriverIRQHandler
                0x000018a8       0x1c ./drivers/fsl_i2c.o
                0x000018a8                I2C1_DriverIRQHandler
 .text.I2C2_DriverIRQHandler
                0x000018c4       0x1c ./drivers/fsl_i2c.o
                0x000018c4                I2C2_DriverIRQHandler
 .text.I2C3_DriverIRQHandler
                0x000018e0       0x1c ./drivers/fsl_i2c.o
                0x000018e0                I2C3_DriverIRQHandler
 .text.LPUART0_DriverIRQHandler
                0x000018fc       0x28 ./drivers/fsl_lpuart.o
                0x000018fc                LPUART0_DriverIRQHandler
 .text.UART_GetInstance
                0x00001924       0x54 ./drivers/fsl_uart.o
                0x00001924                UART_GetInstance
 .text.UART_Init
                0x00001978      0x2d8 ./drivers/fsl_uart.o
                0x00001978                UART_Init
 .text.UART_GetDefaultConfig
                0x00001c50       0x68 ./drivers/fsl_uart.o
                0x00001c50                UART_GetDefaultConfig
 .text.UART0_DriverIRQHandler
                0x00001cb8       0x28 ./drivers/fsl_uart.o
                0x00001cb8                UART0_DriverIRQHandler
 .text.UART1_DriverIRQHandler
                0x00001ce0       0x28 ./drivers/fsl_uart.o
                0x00001ce0                UART1_DriverIRQHandler
 .text.UART2_DriverIRQHandler
                0x00001d08       0x28 ./drivers/fsl_uart.o
                0x00001d08                UART2_DriverIRQHandler
 .text.UART3_DriverIRQHandler
                0x00001d30       0x28 ./drivers/fsl_uart.o
                0x00001d30                UART3_DriverIRQHandler
 .text.UART4_DriverIRQHandler
                0x00001d58       0x28 ./drivers/fsl_uart.o
                0x00001d58                UART4_DriverIRQHandler
 .text.SystemInit
                0x00001d80       0x3c ./device/system_MK66F18.o
                0x00001d80                SystemInit
 .text.HAL_UartInit
                0x00001dbc      0x108 ./component/uart/uart_adapter.o
                0x00001dbc                HAL_UartInit
 .text.SerialManager_Init
                0x00001ec4       0x74 ./component/serial_manager/serial_manager.o
                0x00001ec4                SerialManager_Init
 .text.SerialManager_OpenWriteHandle
                0x00001f38       0x58 ./component/serial_manager/serial_manager.o
                0x00001f38                SerialManager_OpenWriteHandle
 .text.SerialManager_OpenReadHandle
                0x00001f90       0x60 ./component/serial_manager/serial_manager.o
                0x00001f90                SerialManager_OpenReadHandle
 .text.Serial_UartInit
                0x00001ff0       0x80 ./component/serial_manager/serial_port_uart.o
                0x00001ff0                Serial_UartInit
 .text.BOARD_Accel_I2C_Send
                0x00002070       0x40 ./board/boards/board.o
                0x00002070                BOARD_Accel_I2C_Send
 .text.BOARD_Accel_I2C_Receive
                0x000020b0       0x38 ./board/boards/board.o
                0x000020b0                BOARD_Accel_I2C_Receive
 .text.CLOCK_SetSdhc0Clock
                0x000020e8       0x3c ./board/boards/clock_config.o
 .text.CLOCK_SetEnetTime0Clock
                0x00002124       0x3c ./board/boards/clock_config.o
 .text.CLOCK_SetRmii0Clock
                0x00002160       0x3c ./board/boards/clock_config.o
 .text.CLOCK_SetLpuartClock
                0x0000219c       0x3c ./board/boards/clock_config.o
 .text.CLOCK_SetTpmClock
                0x000021d8       0x3c ./board/boards/clock_config.o
 .text.CLOCK_SetTraceClock
                0x00002214       0x58 ./board/boards/clock_config.o
 .text.CLOCK_SetClkOutClock
                0x0000226c       0x38 ./board/boards/clock_config.o
 .text.CLOCK_SetRtcClkOutClock
                0x000022a4       0x3c ./board/boards/clock_config.o
 .text.CLOCK_SetSimSafeDivs
                0x000022e0       0x24 ./board/boards/clock_config.o
 .text.CLOCK_SetXtal0Freq
                0x00002304       0x20 ./board/boards/clock_config.o
 .text.CLOCK_SetXtal32Freq
                0x00002324       0x20 ./board/boards/clock_config.o
 .text.CLOCK_CONFIG_SetRtcClock
                0x00002344       0x84 ./board/boards/clock_config.o
 .text.CLOCK_CONFIG_EnableUsbhs0PhyPllClock
                0x000023c8       0xfc ./board/boards/clock_config.o
 .text.CLOCK_CONFIG_EnableUsbhs0PfdClock
                0x000024c4       0xb4 ./board/boards/clock_config.o
 .text.CLOCK_CONFIG_SetUsbSlowClock
                0x00002578       0x3c ./board/boards/clock_config.o
 .text.CLOCK_CONFIG_SetFllExtRefDiv
                0x000025b4       0x3c ./board/boards/clock_config.o
 .text.BOARD_BootClockHSRUN
                0x000025f0       0xe0 ./board/boards/clock_config.o
                0x000025f0                BOARD_BootClockHSRUN
 .text.ACCEL_init
                0x000026d0       0x24 ./board/boards/peripherals.o
                0x000026d0                ACCEL_init
 .text.PORT_SetPinConfig
                0x000026f4       0x38 ./board/boards/pin_mux.o
 .text.BOARD_InitPins
                0x0000272c       0x30 ./board/boards/pin_mux.o
                0x0000272c                BOARD_InitPins
 .text.BOARD_InitACCEL_I2CPins
                0x0000275c      0x104 ./board/boards/pin_mux.o
                0x0000275c                BOARD_InitACCEL_I2CPins
 .text.BOARD_InitDEBUG_UARTPins
                0x00002860       0x6c ./board/boards/pin_mux.o
                0x00002860                BOARD_InitDEBUG_UARTPins
 .text.FXOS_Init
                0x000028cc      0x190 ./accel/fsl_fxos.o
                0x000028cc                FXOS_Init
 .text.FXOS_ReadReg
                0x00002a5c       0x60 ./accel/fsl_fxos.o
                0x00002a5c                FXOS_ReadReg
 .text.FXOS_WriteReg
                0x00002abc       0x48 ./accel/fsl_fxos.o
                0x00002abc                FXOS_WriteReg
 .text.__assertion_failed
                0x00002b04       0x4c c:/nxp/mcuxpressoide_11.0.0_2516/ide/plugins/com.nxp.mcuxpresso.tools.win32_11.0.0.201905131304/tools/bin/../lib/gcc/arm-none-eabi/8.2.1/../../../../arm-none-eabi/lib/thumb/v7e-m+fp/hard\libcr_semihost_nf.a(_cr_assert.o)
                0x00002b04                __assertion_failed
 .text.__sys_appexit
                0x00002b50        0xc c:/nxp/mcuxpressoide_11.0.0_2516/ide/plugins/com.nxp.mcuxpresso.tools.win32_11.0.0.201905131304/tools/bin/../lib/gcc/arm-none-eabi/8.2.1/../../../../arm-none-eabi/lib/thumb/v7e-m+fp/hard\libcr_semihost_nf.a(__sys_appexit.o)
                0x00002b50                __sys_appexit
                0x00002b50                __exit
 .text._Cwritebuf
                0x00002b5c       0x6c c:/nxp/mcuxpressoide_11.0.0_2516/ide/plugins/com.nxp.mcuxpresso.tools.win32_11.0.0.201905131304/tools/bin/../lib/gcc/arm-none-eabi/8.2.1/../../../../arm-none-eabi/lib/thumb/v7e-m+fp/hard\libcr_c.a(_writebuf.o)
                0x00002b5c                _Cwritebuf
 .text.malloc   0x00002bc8       0xc8 c:/nxp/mcuxpressoide_11.0.0_2516/ide/plugins/com.nxp.mcuxpresso.tools.win32_11.0.0.201905131304/tools/bin/../lib/gcc/arm-none-eabi/8.2.1/../../../../arm-none-eabi/lib/thumb/v7e-m+fp/hard\libcr_c.a(alloc.o)
                0x00002bc8                malloc
 .text._Csys_alloc
                0x00002c90       0x20 c:/nxp/mcuxpressoide_11.0.0_2516/ide/plugins/com.nxp.mcuxpresso.tools.win32_11.0.0.201905131304/tools/bin/../lib/gcc/arm-none-eabi/8.2.1/../../../../arm-none-eabi/lib/thumb/v7e-m+fp/hard\libcr_c.a(alloc.o)
                0x00002c90                _Csys_alloc
 .text.fseek    0x00002cb0      0x100 c:/nxp/mcuxpressoide_11.0.0_2516/ide/plugins/com.nxp.mcuxpresso.tools.win32_11.0.0.201905131304/tools/bin/../lib/gcc/arm-none-eabi/8.2.1/../../../../arm-none-eabi/lib/thumb/v7e-m+fp/hard\libcr_c.a(fseek.o)
                0x00002cb0                fseek
 .text.ftell    0x00002db0       0x48 c:/nxp/mcuxpressoide_11.0.0_2516/ide/plugins/com.nxp.mcuxpresso.tools.win32_11.0.0.201905131304/tools/bin/../lib/gcc/arm-none-eabi/8.2.1/../../../../arm-none-eabi/lib/thumb/v7e-m+fp/hard\libcr_c.a(ftell.o)
                0x00002db0                ftell
 .text._initio  0x00002df8       0x78 c:/nxp/mcuxpressoide_11.0.0_2516/ide/plugins/com.nxp.mcuxpresso.tools.win32_11.0.0.201905131304/tools/bin/../lib/gcc/arm-none-eabi/8.2.1/../../../../arm-none-eabi/lib/thumb/v7e-m+fp/hard\libcr_c.a(initio.o)
                0x00002df8                _initio
 .text.__vfprintf
                0x00002e70      0xbe0 c:/nxp/mcuxpressoide_11.0.0_2516/ide/plugins/com.nxp.mcuxpresso.tools.win32_11.0.0.201905131304/tools/bin/../lib/gcc/arm-none-eabi/8.2.1/../../../../arm-none-eabi/lib/thumb/v7e-m+fp/hard\libcr_c.a(printf.o)
                0x00002e70                __vfprintf
 .text._vsnprintf
                0x00003a50       0x68 c:/nxp/mcuxpressoide_11.0.0_2516/ide/plugins/com.nxp.mcuxpresso.tools.win32_11.0.0.201905131304/tools/bin/../lib/gcc/arm-none-eabi/8.2.1/../../../../arm-none-eabi/lib/thumb/v7e-m+fp/hard\libcr_c.a(printf.o)
                0x00003a50                _vsnprintf
 .text._printf  0x00003ab8       0x54 c:/nxp/mcuxpressoide_11.0.0_2516/ide/plugins/com.nxp.mcuxpresso.tools.win32_11.0.0.201905131304/tools/bin/../lib/gcc/arm-none-eabi/8.2.1/../../../../arm-none-eabi/lib/thumb/v7e-m+fp/hard\libcr_c.a(printf.o)
                0x00003ab8                _printf
 .text.setvbuf  0x00003b0c       0x40 c:/nxp/mcuxpressoide_11.0.0_2516/ide/plugins/com.nxp.mcuxpresso.tools.win32_11.0.0.201905131304/tools/bin/../lib/gcc/arm-none-eabi/8.2.1/../../../../arm-none-eabi/lib/thumb/v7e-m+fp/hard\libcr_c.a(setvbuf.o)
                0x00003b0c                setvbuf
 .text._sbrk    0x00003b4c       0x3c c:/nxp/mcuxpressoide_11.0.0_2516/ide/plugins/com.nxp.mcuxpresso.tools.win32_11.0.0.201905131304/tools/bin/../lib/gcc/arm-none-eabi/8.2.1/../../../../arm-none-eabi/lib/thumb/v7e-m+fp/hard\libcr_c.a(_cr_sbrk.o)
                0x00003b4c                _sbrk
 .text.fflush   0x00003b88       0x44 c:/nxp/mcuxpressoide_11.0.0_2516/ide/plugins/com.nxp.mcuxpresso.tools.win32_11.0.0.201905131304/tools/bin/../lib/gcc/arm-none-eabi/8.2.1/../../../../arm-none-eabi/lib/thumb/v7e-m+fp/hard\libcr_c.a(fflush.o)
                0x00003b88                fflush
 .text.__check_heap_overflow
                0x00003bcc       0x18 c:/nxp/mcuxpressoide_11.0.0_2516/ide/plugins/com.nxp.mcuxpresso.tools.win32_11.0.0.201905131304/tools/bin/../lib/gcc/arm-none-eabi/8.2.1/../../../../arm-none-eabi/lib/thumb/v7e-m+fp/hard\libcr_c.a(_cr_check_heap.o)
                0x00003bcc                __check_heap_overflow
 .text.DMA0_DMA16_IRQHandler
                0x00003be4        0x8 ./startup/startup_mk66f18.o
                0x00003be4                DMA0_DMA16_IRQHandler
 .text.DMA1_DMA17_IRQHandler
                0x00003bec        0x8 ./startup/startup_mk66f18.o
                0x00003bec                DMA1_DMA17_IRQHandler
 .text.DMA2_DMA18_IRQHandler
                0x00003bf4        0x8 ./startup/startup_mk66f18.o
                0x00003bf4                DMA2_DMA18_IRQHandler
 .text.DMA3_DMA19_IRQHandler
                0x00003bfc        0x8 ./startup/startup_mk66f18.o
                0x00003bfc                DMA3_DMA19_IRQHandler
 .text.DMA4_DMA20_IRQHandler
                0x00003c04        0x8 ./startup/startup_mk66f18.o
                0x00003c04                DMA4_DMA20_IRQHandler
 .text.DMA5_DMA21_IRQHandler
                0x00003c0c        0x8 ./startup/startup_mk66f18.o
                0x00003c0c                DMA5_DMA21_IRQHandler
 .text.DMA6_DMA22_IRQHandler
                0x00003c14        0x8 ./startup/startup_mk66f18.o
                0x00003c14                DMA6_DMA22_IRQHandler
 .text.DMA7_DMA23_IRQHandler
                0x00003c1c        0x8 ./startup/startup_mk66f18.o
                0x00003c1c                DMA7_DMA23_IRQHandler
 .text.DMA8_DMA24_IRQHandler
                0x00003c24        0x8 ./startup/startup_mk66f18.o
                0x00003c24                DMA8_DMA24_IRQHandler
 .text.DMA9_DMA25_IRQHandler
                0x00003c2c        0x8 ./startup/startup_mk66f18.o
                0x00003c2c                DMA9_DMA25_IRQHandler
 .text.DMA10_DMA26_IRQHandler
                0x00003c34        0x8 ./startup/startup_mk66f18.o
                0x00003c34                DMA10_DMA26_IRQHandler
 .text.DMA11_DMA27_IRQHandler
                0x00003c3c        0x8 ./startup/startup_mk66f18.o
                0x00003c3c                DMA11_DMA27_IRQHandler
 .text.DMA12_DMA28_IRQHandler
                0x00003c44        0x8 ./startup/startup_mk66f18.o
                0x00003c44                DMA12_DMA28_IRQHandler
 .text.DMA13_DMA29_IRQHandler
                0x00003c4c        0x8 ./startup/startup_mk66f18.o
                0x00003c4c                DMA13_DMA29_IRQHandler
 .text.DMA14_DMA30_IRQHandler
                0x00003c54        0x8 ./startup/startup_mk66f18.o
                0x00003c54                DMA14_DMA30_IRQHandler
 .text.DMA15_DMA31_IRQHandler
                0x00003c5c        0x8 ./startup/startup_mk66f18.o
                0x00003c5c                DMA15_DMA31_IRQHandler
 .text.DMA_Error_IRQHandler
                0x00003c64        0x8 ./startup/startup_mk66f18.o
                0x00003c64                DMA_Error_IRQHandler
 .text.MCM_IRQHandler
                0x00003c6c        0x8 ./startup/startup_mk66f18.o
                0x00003c6c                MCM_IRQHandler
 .text.FTFE_IRQHandler
                0x00003c74        0x8 ./startup/startup_mk66f18.o
                0x00003c74                FTFE_IRQHandler
 .text.Read_Collision_IRQHandler
                0x00003c7c        0x8 ./startup/startup_mk66f18.o
                0x00003c7c                Read_Collision_IRQHandler
 .text.LVD_LVW_IRQHandler
                0x00003c84        0x8 ./startup/startup_mk66f18.o
                0x00003c84                LVD_LVW_IRQHandler
 .text.LLWU_IRQHandler
                0x00003c8c        0x8 ./startup/startup_mk66f18.o
                0x00003c8c                LLWU_IRQHandler
 .text.WDOG_EWM_IRQHandler
                0x00003c94        0x8 ./startup/startup_mk66f18.o
                0x00003c94                WDOG_EWM_IRQHandler
 .text.RNG_IRQHandler
                0x00003c9c        0x8 ./startup/startup_mk66f18.o
                0x00003c9c                RNG_IRQHandler
 .text.I2C0_IRQHandler
                0x00003ca4        0x8 ./startup/startup_mk66f18.o
                0x00003ca4                I2C0_IRQHandler
 .text.I2C1_IRQHandler
                0x00003cac        0x8 ./startup/startup_mk66f18.o
                0x00003cac                I2C1_IRQHandler
 .text.SPI0_IRQHandler
                0x00003cb4        0x8 ./startup/startup_mk66f18.o
                0x00003cb4                SPI0_IRQHandler
 .text.SPI1_IRQHandler
                0x00003cbc        0x8 ./startup/startup_mk66f18.o
                0x00003cbc                SPI1_IRQHandler
 .text.I2S0_Tx_IRQHandler
                0x00003cc4        0x8 ./startup/startup_mk66f18.o
                0x00003cc4                I2S0_Tx_IRQHandler
 .text.I2S0_Rx_IRQHandler
                0x00003ccc        0x8 ./startup/startup_mk66f18.o
                0x00003ccc                I2S0_Rx_IRQHandler
 .text.Reserved46_IRQHandler
                0x00003cd4        0x8 ./startup/startup_mk66f18.o
                0x00003cd4                Reserved46_IRQHandler
 .text.UART0_RX_TX_IRQHandler
                0x00003cdc        0x8 ./startup/startup_mk66f18.o
                0x00003cdc                UART0_RX_TX_IRQHandler
 .text.UART0_ERR_IRQHandler
                0x00003ce4        0x8 ./startup/startup_mk66f18.o
                0x00003ce4                UART0_ERR_IRQHandler
 .text.UART1_RX_TX_IRQHandler
                0x00003cec        0x8 ./startup/startup_mk66f18.o
                0x00003cec                UART1_RX_TX_IRQHandler
 .text.UART1_ERR_IRQHandler
                0x00003cf4        0x8 ./startup/startup_mk66f18.o
                0x00003cf4                UART1_ERR_IRQHandler
 .text.UART2_RX_TX_IRQHandler
                0x00003cfc        0x8 ./startup/startup_mk66f18.o
                0x00003cfc                UART2_RX_TX_IRQHandler
 .text.UART2_ERR_IRQHandler
                0x00003d04        0x8 ./startup/startup_mk66f18.o
                0x00003d04                UART2_ERR_IRQHandler
 .text.UART3_RX_TX_IRQHandler
                0x00003d0c        0x8 ./startup/startup_mk66f18.o
                0x00003d0c                UART3_RX_TX_IRQHandler
 .text.UART3_ERR_IRQHandler
                0x00003d14        0x8 ./startup/startup_mk66f18.o
                0x00003d14                UART3_ERR_IRQHandler
 .text.ADC0_IRQHandler
                0x00003d1c        0x8 ./startup/startup_mk66f18.o
                0x00003d1c                ADC0_IRQHandler
 .text.CMP0_IRQHandler
                0x00003d24        0x8 ./startup/startup_mk66f18.o
                0x00003d24                CMP0_IRQHandler
 .text.CMP1_IRQHandler
                0x00003d2c        0x8 ./startup/startup_mk66f18.o
                0x00003d2c                CMP1_IRQHandler
 .text.FTM0_IRQHandler
                0x00003d34        0x8 ./startup/startup_mk66f18.o
                0x00003d34                FTM0_IRQHandler
 .text.FTM1_IRQHandler
                0x00003d3c        0x8 ./startup/startup_mk66f18.o
                0x00003d3c                FTM1_IRQHandler
 .text.FTM2_IRQHandler
                0x00003d44        0x8 ./startup/startup_mk66f18.o
                0x00003d44                FTM2_IRQHandler
 .text.CMT_IRQHandler
                0x00003d4c        0x8 ./startup/startup_mk66f18.o
                0x00003d4c                CMT_IRQHandler
 .text.RTC_IRQHandler
                0x00003d54        0x8 ./startup/startup_mk66f18.o
                0x00003d54                RTC_IRQHandler
 .text.RTC_Seconds_IRQHandler
                0x00003d5c        0x8 ./startup/startup_mk66f18.o
                0x00003d5c                RTC_Seconds_IRQHandler
 .text.PIT0_IRQHandler
                0x00003d64        0x8 ./startup/startup_mk66f18.o
                0x00003d64                PIT0_IRQHandler
 .text.PIT1_IRQHandler
                0x00003d6c        0x8 ./startup/startup_mk66f18.o
                0x00003d6c                PIT1_IRQHandler
 .text.PIT2_IRQHandler
                0x00003d74        0x8 ./startup/startup_mk66f18.o
                0x00003d74                PIT2_IRQHandler
 .text.PIT3_IRQHandler
                0x00003d7c        0x8 ./startup/startup_mk66f18.o
                0x00003d7c                PIT3_IRQHandler
 .text.PDB0_IRQHandler
                0x00003d84        0x8 ./startup/startup_mk66f18.o
                0x00003d84                PDB0_IRQHandler
 .text.USB0_IRQHandler
                0x00003d8c        0x8 ./startup/startup_mk66f18.o
                0x00003d8c                USB0_IRQHandler
 .text.USBDCD_IRQHandler
                0x00003d94        0x8 ./startup/startup_mk66f18.o
                0x00003d94                USBDCD_IRQHandler
 .text.Reserved71_IRQHandler
                0x00003d9c        0x8 ./startup/startup_mk66f18.o
                0x00003d9c                Reserved71_IRQHandler
 .text.DAC0_IRQHandler
                0x00003da4        0x8 ./startup/startup_mk66f18.o
                0x00003da4                DAC0_IRQHandler
 .text.MCG_IRQHandler
                0x00003dac        0x8 ./startup/startup_mk66f18.o
                0x00003dac                MCG_IRQHandler
 .text.LPTMR0_IRQHandler
                0x00003db4        0x8 ./startup/startup_mk66f18.o
                0x00003db4                LPTMR0_IRQHandler
 .text.PORTA_IRQHandler
                0x00003dbc        0x8 ./startup/startup_mk66f18.o
                0x00003dbc                PORTA_IRQHandler
 .text.PORTB_IRQHandler
                0x00003dc4        0x8 ./startup/startup_mk66f18.o
                0x00003dc4                PORTB_IRQHandler
 .text.PORTC_IRQHandler
                0x00003dcc        0x8 ./startup/startup_mk66f18.o
                0x00003dcc                PORTC_IRQHandler
 .text.PORTD_IRQHandler
                0x00003dd4        0x8 ./startup/startup_mk66f18.o
                0x00003dd4                PORTD_IRQHandler
 .text.PORTE_IRQHandler
                0x00003ddc        0x8 ./startup/startup_mk66f18.o
                0x00003ddc                PORTE_IRQHandler
 .text.SWI_IRQHandler
                0x00003de4        0x8 ./startup/startup_mk66f18.o
                0x00003de4                SWI_IRQHandler
 .text.SPI2_IRQHandler
                0x00003dec        0x8 ./startup/startup_mk66f18.o
                0x00003dec                SPI2_IRQHandler
 .text.UART4_RX_TX_IRQHandler
                0x00003df4        0x8 ./startup/startup_mk66f18.o
                0x00003df4                UART4_RX_TX_IRQHandler
 .text.UART4_ERR_IRQHandler
                0x00003dfc        0x8 ./startup/startup_mk66f18.o
                0x00003dfc                UART4_ERR_IRQHandler
 .text.Reserved84_IRQHandler
                0x00003e04        0x8 ./startup/startup_mk66f18.o
                0x00003e04                Reserved84_IRQHandler
 .text.Reserved85_IRQHandler
                0x00003e0c        0x8 ./startup/startup_mk66f18.o
                0x00003e0c                Reserved85_IRQHandler
 .text.CMP2_IRQHandler
                0x00003e14        0x8 ./startup/startup_mk66f18.o
                0x00003e14                CMP2_IRQHandler
 .text.FTM3_IRQHandler
                0x00003e1c        0x8 ./startup/startup_mk66f18.o
                0x00003e1c                FTM3_IRQHandler
 .text.DAC1_IRQHandler
                0x00003e24        0x8 ./startup/startup_mk66f18.o
                0x00003e24                DAC1_IRQHandler
 .text.ADC1_IRQHandler
                0x00003e2c        0x8 ./startup/startup_mk66f18.o
                0x00003e2c                ADC1_IRQHandler
 .text.I2C2_IRQHandler
                0x00003e34        0x8 ./startup/startup_mk66f18.o
                0x00003e34                I2C2_IRQHandler
 .text.CAN0_ORed_Message_buffer_IRQHandler
                0x00003e3c        0x8 ./startup/startup_mk66f18.o
                0x00003e3c                CAN0_ORed_Message_buffer_IRQHandler
 .text.CAN0_Bus_Off_IRQHandler
                0x00003e44        0x8 ./startup/startup_mk66f18.o
                0x00003e44                CAN0_Bus_Off_IRQHandler
 .text.CAN0_Error_IRQHandler
                0x00003e4c        0x8 ./startup/startup_mk66f18.o
                0x00003e4c                CAN0_Error_IRQHandler
 .text.CAN0_Tx_Warning_IRQHandler
                0x00003e54        0x8 ./startup/startup_mk66f18.o
                0x00003e54                CAN0_Tx_Warning_IRQHandler
 .text.CAN0_Rx_Warning_IRQHandler
                0x00003e5c        0x8 ./startup/startup_mk66f18.o
                0x00003e5c                CAN0_Rx_Warning_IRQHandler
 .text.CAN0_Wake_Up_IRQHandler
                0x00003e64        0x8 ./startup/startup_mk66f18.o
                0x00003e64                CAN0_Wake_Up_IRQHandler
 .text.SDHC_IRQHandler
                0x00003e6c        0x8 ./startup/startup_mk66f18.o
                0x00003e6c                SDHC_IRQHandler
 .text.ENET_1588_Timer_IRQHandler
                0x00003e74        0x8 ./startup/startup_mk66f18.o
                0x00003e74                ENET_1588_Timer_IRQHandler
 .text.ENET_Transmit_IRQHandler
                0x00003e7c        0x8 ./startup/startup_mk66f18.o
                0x00003e7c                ENET_Transmit_IRQHandler
 .text.ENET_Receive_IRQHandler
                0x00003e84        0x8 ./startup/startup_mk66f18.o
                0x00003e84                ENET_Receive_IRQHandler
 .text.ENET_Error_IRQHandler
                0x00003e8c        0x8 ./startup/startup_mk66f18.o
                0x00003e8c                ENET_Error_IRQHandler
 .text.LPUART0_IRQHandler
                0x00003e94        0x8 ./startup/startup_mk66f18.o
                0x00003e94                LPUART0_IRQHandler
 .text.TSI0_IRQHandler
                0x00003e9c        0x8 ./startup/startup_mk66f18.o
                0x00003e9c                TSI0_IRQHandler
 .text.TPM1_IRQHandler
                0x00003ea4        0x8 ./startup/startup_mk66f18.o
                0x00003ea4                TPM1_IRQHandler
 .text.TPM2_IRQHandler
                0x00003eac        0x8 ./startup/startup_mk66f18.o
                0x00003eac                TPM2_IRQHandler
 .text.USBHSDCD_IRQHandler
                0x00003eb4        0x8 ./startup/startup_mk66f18.o
                0x00003eb4                USBHSDCD_IRQHandler
 .text.I2C3_IRQHandler
                0x00003ebc        0x8 ./startup/startup_mk66f18.o
                0x00003ebc                I2C3_IRQHandler
 .text.CMP3_IRQHandler
                0x00003ec4        0x8 ./startup/startup_mk66f18.o
                0x00003ec4                CMP3_IRQHandler
 .text.USBHS_IRQHandler
                0x00003ecc        0x8 ./startup/startup_mk66f18.o
                0x00003ecc                USBHS_IRQHandler
 .text.CAN1_ORed_Message_buffer_IRQHandler
                0x00003ed4        0x8 ./startup/startup_mk66f18.o
                0x00003ed4                CAN1_ORed_Message_buffer_IRQHandler
 .text.CAN1_Bus_Off_IRQHandler
                0x00003edc        0x8 ./startup/startup_mk66f18.o
                0x00003edc                CAN1_Bus_Off_IRQHandler
 .text.CAN1_Error_IRQHandler
                0x00003ee4        0x8 ./startup/startup_mk66f18.o
                0x00003ee4                CAN1_Error_IRQHandler
 .text.CAN1_Tx_Warning_IRQHandler
                0x00003eec        0x8 ./startup/startup_mk66f18.o
                0x00003eec                CAN1_Tx_Warning_IRQHandler
 .text.CAN1_Rx_Warning_IRQHandler
                0x00003ef4        0x8 ./startup/startup_mk66f18.o
                0x00003ef4                CAN1_Rx_Warning_IRQHandler
 .text.CAN1_Wake_Up_IRQHandler
                0x00003efc        0x8 ./startup/startup_mk66f18.o
                0x00003efc                CAN1_Wake_Up_IRQHandler
 .text.HardFault_Handler
                0x00003f04       0x2c ./source/semihost_hardfault.o
                0x00003f04                HardFault_Handler
 .text.CLOCK_EnableClock
                0x00003f30       0x34 ./drivers/fsl_clock.o
 .text.CLOCK_DisableClock
                0x00003f64       0x38 ./drivers/fsl_clock.o
 .text.OSC_SetExtRefClkConfig
                0x00003f9c       0x40 ./drivers/fsl_clock.o
 .text.OSC_SetCapLoad
                0x00003fdc       0x34 ./drivers/fsl_clock.o
 .text.CLOCK_GetPll0RefFreq
                0x00004010        0xe ./drivers/fsl_clock.o
 .text.CLOCK_GetFixedFreqClkFreq
                0x0000401e       0x2e ./drivers/fsl_clock.o
                0x0000401e                CLOCK_GetFixedFreqClkFreq
 .text.GPIO_PinWrite
                0x0000404c       0x3a ./drivers/fsl_gpio.o
 .text.CLOCK_EnableClock
                0x00004086       0x34 ./drivers/fsl_i2c.o
 .text.I2C_MasterClearStatusFlags
                0x000040ba       0x5a ./drivers/fsl_i2c.o
 .text.I2C_CheckAndClearError
                0x00004114       0x44 ./drivers/fsl_i2c.o
 .text.I2C_MasterStart
                0x00004158       0x62 ./drivers/fsl_i2c.o
                0x00004158                I2C_MasterStart
 .text.I2C_MasterRepeatedStart
                0x000041ba       0x9a ./drivers/fsl_i2c.o
                0x000041ba                I2C_MasterRepeatedStart
 .text.I2C_MasterStop
                0x00004254       0x3a ./drivers/fsl_i2c.o
                0x00004254                I2C_MasterStop
 .text.I2C_MasterGetStatusFlags
                0x0000428e       0x4a ./drivers/fsl_i2c.o
                0x0000428e                I2C_MasterGetStatusFlags
 .text.I2C_MasterWriteBlocking
                0x000042d8       0xdc ./drivers/fsl_i2c.o
                0x000042d8                I2C_MasterWriteBlocking
 .text.I2C_MasterReadBlocking
                0x000043b4       0xdc ./drivers/fsl_i2c.o
                0x000043b4                I2C_MasterReadBlocking
 .text.SMC_SetPowerModeHsrun
                0x00004490       0x32 ./drivers/fsl_smc.o
                0x00004490                SMC_SetPowerModeHsrun
 .text.CLOCK_EnableClock
                0x000044c2       0x34 ./drivers/fsl_uart.o
 .text.UART0_RX_TX_DriverIRQHandler
                0x000044f6       0x10 ./drivers/fsl_uart.o
                0x000044f6                UART0_RX_TX_DriverIRQHandler
 .text.UART1_RX_TX_DriverIRQHandler
                0x00004506       0x10 ./drivers/fsl_uart.o
                0x00004506                UART1_RX_TX_DriverIRQHandler
 .text.UART2_RX_TX_DriverIRQHandler
                0x00004516       0x10 ./drivers/fsl_uart.o
                0x00004516                UART2_RX_TX_DriverIRQHandler
 .text.UART3_RX_TX_DriverIRQHandler
                0x00004526       0x10 ./drivers/fsl_uart.o
                0x00004526                UART3_RX_TX_DriverIRQHandler
 .text.UART4_RX_TX_DriverIRQHandler
                0x00004536       0x10 ./drivers/fsl_uart.o
                0x00004536                UART4_RX_TX_DriverIRQHandler
 .text.SystemInitHook
                0x00004546        0xe ./device/system_MK66F18.o
                0x00004546                SystemInitHook
 .text.HAL_UartGetStatus
                0x00004554       0x22 ./component/uart/uart_adapter.o
 .text.BOARD_InitDebugConsole
                0x00004576       0x22 ./board/boards/board.o
                0x00004576                BOARD_InitDebugConsole
 .text.BOARD_I2C_Send
                0x00004598       0x48 ./board/boards/board.o
                0x00004598                BOARD_I2C_Send
 .text.BOARD_I2C_Receive
                0x000045e0       0x48 ./board/boards/board.o
                0x000045e0                BOARD_I2C_Receive
 .text.CLOCK_EnableClock
                0x00004628       0x34 ./board/boards/clock_config.o
 .text.CLOCK_DisableClock
                0x0000465c       0x38 ./board/boards/clock_config.o
 .text.SMC_SetPowerModeProtection
                0x00004694       0x1e ./board/boards/clock_config.o
 .text.SMC_GetPowerModeState
                0x000046b2       0x1a ./board/boards/clock_config.o
 .text.RTC_SetOscCapLoad
                0x000046cc       0x32 ./board/boards/clock_config.o
 .text.BOARD_InitBootClocks
                0x000046fe        0xc ./board/boards/clock_config.o
                0x000046fe                BOARD_InitBootClocks
 .text.BOARD_InitPeripherals
                0x0000470a        0xc ./board/boards/peripherals.o
                0x0000470a                BOARD_InitPeripherals
 .text.BOARD_InitBootPeripherals
                0x00004716        0xc ./board/boards/peripherals.o
                0x00004716                BOARD_InitBootPeripherals
 .text.CLOCK_EnableClock
                0x00004722       0x34 ./board/boards/pin_mux.o
 .text.PORT_SetPinMux
                0x00004756       0x3a ./board/boards/pin_mux.o
 .text.PORT_EnablePinsDigitalFilter
                0x00004790       0x44 ./board/boards/pin_mux.o
 .text.BOARD_InitBootPins
                0x000047d4       0x14 ./board/boards/pin_mux.o
                0x000047d4                BOARD_InitBootPins
 .text.__main   0x000047e8        0xe c:/nxp/mcuxpressoide_11.0.0_2516/ide/plugins/com.nxp.mcuxpresso.tools.win32_11.0.0.201905131304/tools/bin/../lib/gcc/arm-none-eabi/8.2.1/../../../../arm-none-eabi/lib/thumb/v7e-m+fp/hard\libcr_semihost_nf.a(_cr__main.o)
                0x000047e8                __CR_SEMIHOST
                0x000047e8                __main
 .text.memset   0x000047f6        0x4 c:/nxp/mcuxpressoide_11.0.0_2516/ide/plugins/com.nxp.mcuxpresso.tools.win32_11.0.0.201905131304/tools/bin/../lib/gcc/arm-none-eabi/8.2.1/../../../../arm-none-eabi/lib/thumb/v7e-m+fp/hard\libcr_c.a(memset.o)
                0x000047f6                memset
 .text._deferredlazyseek
                0x000047fa       0x40 c:/nxp/mcuxpressoide_11.0.0_2516/ide/plugins/com.nxp.mcuxpresso.tools.win32_11.0.0.201905131304/tools/bin/../lib/gcc/arm-none-eabi/8.2.1/../../../../arm-none-eabi/lib/thumb/v7e-m+fp/hard\libcr_c.a(_deferredlazyseek.o)
                0x000047fa                _deferredlazyseek
 .text.__flsbuf
                0x0000483a      0x140 c:/nxp/mcuxpressoide_11.0.0_2516/ide/plugins/com.nxp.mcuxpresso.tools.win32_11.0.0.201905131304/tools/bin/../lib/gcc/arm-none-eabi/8.2.1/../../../../arm-none-eabi/lib/thumb/v7e-m+fp/hard\libcr_c.a(_deferredlazyseek.o)
                0x0000483a                __flsbuf
 .text._fflush  0x0000497a       0x52 c:/nxp/mcuxpressoide_11.0.0_2516/ide/plugins/com.nxp.mcuxpresso.tools.win32_11.0.0.201905131304/tools/bin/../lib/gcc/arm-none-eabi/8.2.1/../../../../arm-none-eabi/lib/thumb/v7e-m+fp/hard\libcr_c.a(_fflush.o)
                0x0000497a                _fflush
 .text.free     0x000049cc       0x30 c:/nxp/mcuxpressoide_11.0.0_2516/ide/plugins/com.nxp.mcuxpresso.tools.win32_11.0.0.201905131304/tools/bin/../lib/gcc/arm-none-eabi/8.2.1/../../../../arm-none-eabi/lib/thumb/v7e-m+fp/hard\libcr_c.a(alloc.o)
                0x000049cc                free
 .text.fputs    0x000049fc       0x2c c:/nxp/mcuxpressoide_11.0.0_2516/ide/plugins/com.nxp.mcuxpresso.tools.win32_11.0.0.201905131304/tools/bin/../lib/gcc/arm-none-eabi/8.2.1/../../../../arm-none-eabi/lib/thumb/v7e-m+fp/hard\libcr_c.a(fputs.o)
                0x000049fc                fputs
 .text.no_fp_display
                0x00004a28        0x4 c:/nxp/mcuxpressoide_11.0.0_2516/ide/plugins/com.nxp.mcuxpresso.tools.win32_11.0.0.201905131304/tools/bin/../lib/gcc/arm-none-eabi/8.2.1/../../../../arm-none-eabi/lib/thumb/v7e-m+fp/hard\libcr_c.a(printf.o)
 .text.strlen   0x00004a2c       0x4c c:/nxp/mcuxpressoide_11.0.0_2516/ide/plugins/com.nxp.mcuxpresso.tools.win32_11.0.0.201905131304/tools/bin/../lib/gcc/arm-none-eabi/8.2.1/../../../../arm-none-eabi/lib/thumb/v7e-m+fp/hard\libcr_c.a(strlen.o)
                0x00004a2c                strlen
 .text._fdopen  0x00004a78       0x68 c:/nxp/mcuxpressoide_11.0.0_2516/ide/plugins/com.nxp.mcuxpresso.tools.win32_11.0.0.201905131304/tools/bin/../lib/gcc/arm-none-eabi/8.2.1/../../../../arm-none-eabi/lib/thumb/v7e-m+fp/hard\libcr_c.a(_fdopen.o)
                0x00004a78                _fdopen
 .text.fclose   0x00004ae0       0x58 c:/nxp/mcuxpressoide_11.0.0_2516/ide/plugins/com.nxp.mcuxpresso.tools.win32_11.0.0.201905131304/tools/bin/../lib/gcc/arm-none-eabi/8.2.1/../../../../arm-none-eabi/lib/thumb/v7e-m+fp/hard\libcr_c.a(fclose.o)
                0x00004ae0                fclose
 .text.remove   0x00004b38       0x14 c:/nxp/mcuxpressoide_11.0.0_2516/ide/plugins/com.nxp.mcuxpresso.tools.win32_11.0.0.201905131304/tools/bin/../lib/gcc/arm-none-eabi/8.2.1/../../../../arm-none-eabi/lib/thumb/v7e-m+fp/hard\libcr_c.a(remove.o)
                0x00004b38                remove
 .text._do_fflush
                0x00004b4c       0x40 c:/nxp/mcuxpressoide_11.0.0_2516/ide/plugins/com.nxp.mcuxpresso.tools.win32_11.0.0.201905131304/tools/bin/../lib/gcc/arm-none-eabi/8.2.1/../../../../arm-none-eabi/lib/thumb/v7e-m+fp/hard\libcr_c.a(_do_fflush.o)
                0x00004b4c                _do_fflush
 .text.__aeabi_memset_lowlevel
                0x00004b8c       0x32 c:/nxp/mcuxpressoide_11.0.0_2516/ide/plugins/com.nxp.mcuxpresso.tools.win32_11.0.0.201905131304/tools/bin/../lib/gcc/arm-none-eabi/8.2.1/thumb/v7e-m+fp/hard\libcr_eabihelpers.a(memcpy.o)
                0x00004b8c                __aeabi_lowlevel_memset
 .text.__sys_close
                0x00004bbe        0xc c:/nxp/mcuxpressoide_11.0.0_2516/ide/plugins/com.nxp.mcuxpresso.tools.win32_11.0.0.201905131304/tools/bin/../lib/gcc/arm-none-eabi/8.2.1/../../../../arm-none-eabi/lib/thumb/v7e-m+fp/hard\libcr_semihost_nf.a(__sys_close.o)
                0x00004bbe                __sys_close
 .text.__sys_flen
                0x00004bca        0xc c:/nxp/mcuxpressoide_11.0.0_2516/ide/plugins/com.nxp.mcuxpresso.tools.win32_11.0.0.201905131304/tools/bin/../lib/gcc/arm-none-eabi/8.2.1/../../../../arm-none-eabi/lib/thumb/v7e-m+fp/hard\libcr_semihost_nf.a(__sys_flen.o)
                0x00004bca                __sys_flen
 .text.__sys_istty
                0x00004bd6        0xc c:/nxp/mcuxpressoide_11.0.0_2516/ide/plugins/com.nxp.mcuxpresso.tools.win32_11.0.0.201905131304/tools/bin/../lib/gcc/arm-none-eabi/8.2.1/../../../../arm-none-eabi/lib/thumb/v7e-m+fp/hard\libcr_semihost_nf.a(__sys_istty.o)
                0x00004bd6                __sys_istty
 .text.__sys_remove
                0x00004be2        0xc c:/nxp/mcuxpressoide_11.0.0_2516/ide/plugins/com.nxp.mcuxpresso.tools.win32_11.0.0.201905131304/tools/bin/../lib/gcc/arm-none-eabi/8.2.1/../../../../arm-none-eabi/lib/thumb/v7e-m+fp/hard\libcr_semihost_nf.a(__sys_remove.o)
                0x00004be2                __sys_remove
 .text.__sys_seek
                0x00004bee        0xc c:/nxp/mcuxpressoide_11.0.0_2516/ide/plugins/com.nxp.mcuxpresso.tools.win32_11.0.0.201905131304/tools/bin/../lib/gcc/arm-none-eabi/8.2.1/../../../../arm-none-eabi/lib/thumb/v7e-m+fp/hard\libcr_semihost_nf.a(__sys_seek.o)
                0x00004bee                __sys_seek
 .text.__sys_tmpnam
                0x00004bfa        0xc c:/nxp/mcuxpressoide_11.0.0_2516/ide/plugins/com.nxp.mcuxpresso.tools.win32_11.0.0.201905131304/tools/bin/../lib/gcc/arm-none-eabi/8.2.1/../../../../arm-none-eabi/lib/thumb/v7e-m+fp/hard\libcr_semihost_nf.a(__sys_tmpnam.o)
                0x00004bfa                __sys_tmpnam
 .text.__sys_write
                0x00004c06        0xc c:/nxp/mcuxpressoide_11.0.0_2516/ide/plugins/com.nxp.mcuxpresso.tools.win32_11.0.0.201905131304/tools/bin/../lib/gcc/arm-none-eabi/8.2.1/../../../../arm-none-eabi/lib/thumb/v7e-m+fp/hard\libcr_semihost_nf.a(__sys_write.o)
                0x00004c06                __sys_write
 *(SORT_BY_ALIGNMENT(.rodata) SORT_BY_ALIGNMENT(.rodata.*) SORT_BY_ALIGNMENT(.constdata) SORT_BY_ALIGNMENT(.constdata.*))
 *fill*         0x00004c12        0x2 ff
 .rodata        0x00004c14      0x21f ./utilities/fsl_debug_console.o
 *fill*         0x00004e33        0x1 ff
 .rodata.g_accel_address
                0x00004e34        0x4 ./source/MK66FN2M0xxx18_Accelerometer.o
                0x00004e34                g_accel_address
 .rodata        0x00004e38       0xbd ./source/MK66FN2M0xxx18_Accelerometer.o
 *fill*         0x00004ef5        0x3 ff
 .rodata        0x00004ef8      0x337 ./drivers/fsl_clock.o
 *fill*         0x0000522f        0x1 ff
 .rodata.fllFactorTable.8261
                0x00005230       0x10 ./drivers/fsl_clock.o
 .rodata        0x00005240       0x6b ./drivers/fsl_gpio.o
 *fill*         0x000052ab        0x1 ff
 .rodata.s_i2cDividerTable
                0x000052ac       0x80 ./drivers/fsl_i2c.o
 .rodata.s_i2cClocks
                0x0000532c       0x10 ./drivers/fsl_i2c.o
 .rodata.s_i2cBases
                0x0000533c       0x10 ./drivers/fsl_i2c.o
 .rodata        0x0000534c      0x39a ./drivers/fsl_i2c.o
 *fill*         0x000056e6        0x2 ff
 .rodata.s_uartBases
                0x000056e8       0x14 ./drivers/fsl_uart.o
 .rodata.s_uartClock
                0x000056fc       0x14 ./drivers/fsl_uart.o
 .rodata        0x00005710      0x514 ./drivers/fsl_uart.o
 .rodata.s_UartAdapterBase
                0x00005c24       0x14 ./component/uart/uart_adapter.o
 .rodata        0x00005c38      0x25e ./component/uart/uart_adapter.o
 *fill*         0x00005e96        0x2 ff
 .rodata        0x00005e98      0x525 ./component/serial_manager/serial_manager.o
 *fill*         0x000063bd        0x3 ff
 .rodata        0x000063c0      0x244 ./component/serial_manager/serial_port_uart.o
 .rodata.mcgConfig_BOARD_BootClockHSRUN
                0x00006604        0xc ./board/boards/clock_config.o
                0x00006604                mcgConfig_BOARD_BootClockHSRUN
 .rodata.simConfig_BOARD_BootClockHSRUN
                0x00006610        0x8 ./board/boards/clock_config.o
                0x00006610                simConfig_BOARD_BootClockHSRUN
 .rodata.oscConfig_BOARD_BootClockHSRUN
                0x00006618        0x8 ./board/boards/clock_config.o
                0x00006618                oscConfig_BOARD_BootClockHSRUN
 .rodata.ACCEL_config
                0x00006620        0xc ./board/boards/peripherals.o
                0x00006620                ACCEL_config
 .rodata        0x0000662c       0x26 ./board/boards/pin_mux.o
 *fill*         0x00006652        0x2 ff
 .rodata        0x00006654      0x111 ./accel/fsl_fxos.o
 *fill*         0x00006765        0x3 ff
 .rodata.__num_Ciob_streams
                0x00006768        0x4 c:/nxp/mcuxpressoide_11.0.0_2516/ide/plugins/com.nxp.mcuxpresso.tools.win32_11.0.0.201905131304/tools/bin/../lib/gcc/arm-none-eabi/8.2.1/../../../../arm-none-eabi/lib/thumb/v7e-m+fp/hard\libcr_semihost_nf.a(__ciob.o)
                0x00006768                __num_Ciob_streams
 .rodata.__assertion_failed.str1.1
                0x0000676c       0x15 c:/nxp/mcuxpressoide_11.0.0_2516/ide/plugins/com.nxp.mcuxpresso.tools.win32_11.0.0.201905131304/tools/bin/../lib/gcc/arm-none-eabi/8.2.1/../../../../arm-none-eabi/lib/thumb/v7e-m+fp/hard\libcr_semihost_nf.a(_cr_assert.o)
 .rodata._Csys_alloc.str1.1
                0x00006781       0x18 c:/nxp/mcuxpressoide_11.0.0_2516/ide/plugins/com.nxp.mcuxpresso.tools.win32_11.0.0.201905131304/tools/bin/../lib/gcc/arm-none-eabi/8.2.1/../../../../arm-none-eabi/lib/thumb/v7e-m+fp/hard\libcr_c.a(alloc.o)
 .rodata._initio.str1.1
                0x00006799        0x4 c:/nxp/mcuxpressoide_11.0.0_2516/ide/plugins/com.nxp.mcuxpresso.tools.win32_11.0.0.201905131304/tools/bin/../lib/gcc/arm-none-eabi/8.2.1/../../../../arm-none-eabi/lib/thumb/v7e-m+fp/hard\libcr_c.a(initio.o)
 .rodata.__vfprintf.str1.1
                0x0000679d       0x35 c:/nxp/mcuxpressoide_11.0.0_2516/ide/plugins/com.nxp.mcuxpresso.tools.win32_11.0.0.201905131304/tools/bin/../lib/gcc/arm-none-eabi/8.2.1/../../../../arm-none-eabi/lib/thumb/v7e-m+fp/hard\libcr_c.a(printf.o)
                                 0x38 (size before relaxing)
                0x000067d8                . = ALIGN (0x8)
 *fill*         0x000067d2        0x6 ff

.glue_7         0x000067d8        0x0
 .glue_7        0x000067d8        0x0 linker stubs

.glue_7t        0x000067d8        0x0
 .glue_7t       0x000067d8        0x0 linker stubs

.vfp11_veneer   0x000067d8        0x0
 .vfp11_veneer  0x000067d8        0x0 linker stubs

.v4_bx          0x000067d8        0x0
 .v4_bx         0x000067d8        0x0 linker stubs

.iplt           0x000067d8        0x0
 .iplt          0x000067d8        0x0 ./utilities/fsl_debug_console.o

.rel.dyn        0x000067d8        0x0
 .rel.iplt      0x000067d8        0x0 ./utilities/fsl_debug_console.o

.ARM.extab
 *(SORT_BY_ALIGNMENT(.ARM.extab*) SORT_BY_ALIGNMENT(.gnu.linkonce.armextab.*))
                0x000067d8                __exidx_start = .

.ARM.exidx
 *(SORT_BY_ALIGNMENT(.ARM.exidx*) SORT_BY_ALIGNMENT(.gnu.linkonce.armexidx.*))
                0x000067d8                __exidx_end = .
                0x000067d8                _etext = .

.m_usb_data
 *(SORT_BY_ALIGNMENT(m_usb_bdt))

.data_RAM2      0x1fff0000        0x0 load address 0x000067d8
 FILL mask 0xff
                [!provide]                PROVIDE (__start_data_RAM2 = .)
 *(SORT_BY_ALIGNMENT(.ramfunc.$RAM2))
 *(SORT_BY_ALIGNMENT(.ramfunc.$SRAM_LOWER))
 *(SORT_BY_ALIGNMENT(.data.$RAM2))
 *(SORT_BY_ALIGNMENT(.data.$SRAM_LOWER))
 *(SORT_BY_ALIGNMENT(.data.$RAM2.*))
 *(SORT_BY_ALIGNMENT(.data.$SRAM_LOWER.*))
                0x1fff0000                . = ALIGN (0x8)
                [!provide]                PROVIDE (__end_data_RAM2 = .)

.data_RAM3      0x14000000        0x0 load address 0x000067d8
 FILL mask 0xff
                [!provide]                PROVIDE (__start_data_RAM3 = .)
 *(SORT_BY_ALIGNMENT(.ramfunc.$RAM3))
 *(SORT_BY_ALIGNMENT(.ramfunc.$FLEX_RAM))
 *(SORT_BY_ALIGNMENT(.data.$RAM3))
 *(SORT_BY_ALIGNMENT(.data.$FLEX_RAM))
 *(SORT_BY_ALIGNMENT(.data.$RAM3.*))
 *(SORT_BY_ALIGNMENT(.data.$FLEX_RAM.*))
                0x14000000                . = ALIGN (0x8)
                [!provide]                PROVIDE (__end_data_RAM3 = .)

.uninit_RESERVED
                0x20000000        0x0
                0x20000000                . = ALIGN (0x8)
 *(SORT_BY_ALIGNMENT(.bss.$RESERVED*))
                0x20000000                . = ALIGN (0x8)
                0x20000000                _end_uninit_RESERVED = .

.data           0x20000000       0x10 load address 0x000067d8
 FILL mask 0xff
                0x20000000                _data = .
 *(SORT_BY_ALIGNMENT(vtable))
 *(SORT_BY_ALIGNMENT(.ramfunc*))
 *(SORT_BY_ALIGNMENT(.data*))
 .data.s_slowIrcFreq
                0x20000000        0x4 ./drivers/fsl_clock.o
 .data.s_fastIrcFreq
                0x20000004        0x4 ./drivers/fsl_clock.o
 .data.SystemCoreClock
                0x20000008        0x4 ./device/system_MK66F18.o
                0x20000008                SystemCoreClock
                0x20000010                . = ALIGN (0x8)
 *fill*         0x2000000c        0x4 ff
                0x20000010                _edata = .

.igot.plt       0x20000010        0x0 load address 0x000067e8
 .igot.plt      0x20000010        0x0 ./utilities/fsl_debug_console.o

.bss_RAM2       0x1fff0000        0x0
                0x1fff0000                . = ALIGN (0x8)
                [!provide]                PROVIDE (__start_bss_RAM2 = .)
 *(SORT_BY_ALIGNMENT(.bss.$RAM2))
 *(SORT_BY_ALIGNMENT(.bss.$SRAM_LOWER))
 *(SORT_BY_ALIGNMENT(.bss.$RAM2.*))
 *(SORT_BY_ALIGNMENT(.bss.$SRAM_LOWER.*))
                0x1fff0000                . = ALIGN ((. != 0x0)?0x8:0x1)
                [!provide]                PROVIDE (__end_bss_RAM2 = .)

.bss_RAM3       0x14000000        0x0
                0x14000000                . = ALIGN (0x8)
                [!provide]                PROVIDE (__start_bss_RAM3 = .)
 *(SORT_BY_ALIGNMENT(.bss.$RAM3))
 *(SORT_BY_ALIGNMENT(.bss.$FLEX_RAM))
 *(SORT_BY_ALIGNMENT(.bss.$RAM3.*))
 *(SORT_BY_ALIGNMENT(.bss.$FLEX_RAM.*))
                0x14000000                . = ALIGN ((. != 0x0)?0x8:0x1)
                [!provide]                PROVIDE (__end_bss_RAM3 = .)

.bss            0x20000010      0x128
                0x20000010                . = ALIGN (0x8)
                0x20000010                _bss = .
 *(SORT_BY_ALIGNMENT(.bss*))
 .bss.s_debugConsoleState
                0x20000010       0x1c ./utilities/fsl_debug_console.o
 .bss.g_serialHandle
                0x2000002c        0x4 ./utilities/fsl_debug_console.o
                0x2000002c                g_serialHandle
 .bss.s_extPllFreq
                0x20000030        0x4 ./drivers/fsl_clock.o
 .bss.g_xtal0Freq
                0x20000034        0x4 ./drivers/fsl_clock.o
                0x20000034                g_xtal0Freq
 .bss.g_xtal32Freq
                0x20000038        0x4 ./drivers/fsl_clock.o
                0x20000038                g_xtal32Freq
 .bss.s_i2cHandle
                0x2000003c       0x10 ./drivers/fsl_i2c.o
 .bss.s_i2cMasterIsr
                0x2000004c        0x4 ./drivers/fsl_i2c.o
 .bss.s_i2cSlaveIsr
                0x20000050        0x4 ./drivers/fsl_i2c.o
 .bss.s_lpuartHandle
                0x20000054        0x4 ./drivers/fsl_lpuart.o
 .bss.s_lpuartIsr
                0x20000058        0x4 ./drivers/fsl_lpuart.o
 .bss.s_uartHandle
                0x2000005c       0x14 ./drivers/fsl_uart.o
 .bss.s_uartIsr
                0x20000070        0x4 ./drivers/fsl_uart.o
 .bss.__Ciob    0x20000074       0xb4 c:/nxp/mcuxpressoide_11.0.0_2516/ide/plugins/com.nxp.mcuxpresso.tools.win32_11.0.0.201905131304/tools/bin/../lib/gcc/arm-none-eabi/8.2.1/../../../../arm-none-eabi/lib/thumb/v7e-m+fp/hard\libcr_semihost_nf.a(__ciob.o)
                0x20000074                __Ciob
 .bss.__end_of_heap
                0x20000128        0x4 c:/nxp/mcuxpressoide_11.0.0_2516/ide/plugins/com.nxp.mcuxpresso.tools.win32_11.0.0.201905131304/tools/bin/../lib/gcc/arm-none-eabi/8.2.1/../../../../arm-none-eabi/lib/thumb/v7e-m+fp/hard\libcr_c.a(__init_alloc.o)
                0x20000128                __end_of_heap
 .bss.__heaps   0x2000012c        0x4 c:/nxp/mcuxpressoide_11.0.0_2516/ide/plugins/com.nxp.mcuxpresso.tools.win32_11.0.0.201905131304/tools/bin/../lib/gcc/arm-none-eabi/8.2.1/../../../../arm-none-eabi/lib/thumb/v7e-m+fp/hard\libcr_c.a(__init_alloc.o)
                0x2000012c                __heaps
 .bss.errno     0x20000130        0x4 c:/nxp/mcuxpressoide_11.0.0_2516/ide/plugins/com.nxp.mcuxpresso.tools.win32_11.0.0.201905131304/tools/bin/../lib/gcc/arm-none-eabi/8.2.1/../../../../arm-none-eabi/lib/thumb/v7e-m+fp/hard\libcr_c.a(errno.o)
                0x20000130                errno
 .bss.xAngle    0x20000134        0x2 ./source/MK66FN2M0xxx18_Accelerometer.o
                0x20000134                xAngle
 .bss.yAngle    0x20000136        0x2 ./source/MK66FN2M0xxx18_Accelerometer.o
                0x20000136                yAngle
 *(SORT_BY_ALIGNMENT(COMMON))
                0x20000138                . = ALIGN (0x8)
                0x20000138                _ebss = .
                [!provide]                PROVIDE (end = .)

.noinit_RAM2    0x1fff0000        0x0
                0x1fff0000                . = ALIGN (0x8)
 *(SORT_BY_ALIGNMENT(.noinit.$RAM2))
 *(SORT_BY_ALIGNMENT(.noinit.$SRAM_LOWER))
 *(SORT_BY_ALIGNMENT(.noinit.$RAM2.*))
 *(SORT_BY_ALIGNMENT(.noinit.$SRAM_LOWER.*))
                0x1fff0000                . = ALIGN (0x8)

.noinit_RAM3    0x14000000        0x0
                0x14000000                . = ALIGN (0x8)
 *(SORT_BY_ALIGNMENT(.noinit.$RAM3))
 *(SORT_BY_ALIGNMENT(.noinit.$FLEX_RAM))
 *(SORT_BY_ALIGNMENT(.noinit.$RAM3.*))
 *(SORT_BY_ALIGNMENT(.noinit.$FLEX_RAM.*))
                0x14000000                . = ALIGN (0x8)

.noinit         0x20000138        0x0
                0x20000138                . = ALIGN (0x8)
                0x20000138                _noinit = .
 *(SORT_BY_ALIGNMENT(.noinit*))
                0x20000138                . = ALIGN (0x8)
                0x20000138                _end_noinit = .
                0x00001000                _HeapSize = 0x1000

.heap           0x20000138     0x1000
                0x20000138                _pvHeapStart = .
                0x20001138                . = (. + _HeapSize)
 *fill*         0x20000138     0x1000 
                0x20001138                . = ALIGN (0x8)
                0x20001138                _pvHeapLimit = .
                0x00001000                _StackSize = 0x1000

.heap2stackfill
                0x20001138     0x1000
                0x20002138                . = (. + _StackSize)
 *fill*         0x20001138     0x1000 

.stack          0x2002f000        0x0
                0x2002f000                _vStackBase = .
                0x2002f000                . = ALIGN (0x8)
                0x20030000                _vStackTop = (. + _StackSize)
                0x00000000                _image_start = LOADADDR (.text)
                0x000067e8                _image_end = (LOADADDR (.data) + SIZEOF (.data))
                0x000067e8                _image_size = (_image_end - _image_start)
OUTPUT(MK66FN2M0xxx18_Accelerometer.axf elf32-littlearm)

.debug_info     0x00000000    0x11067
 .debug_info    0x00000000      0x92c ./utilities/fsl_debug_console.o
 .debug_info    0x0000092c      0xa38 ./startup/startup_mk66f18.o
 .debug_info    0x00001364      0xce3 ./source/MK66FN2M0xxx18_Accelerometer.o
 .debug_info    0x00002047       0x3c ./source/semihost_hardfault.o
 .debug_info    0x00002083     0x2a2c ./drivers/fsl_clock.o
 .debug_info    0x00004aaf      0x6d4 ./drivers/fsl_gpio.o
 .debug_info    0x00005183     0x1f9f ./drivers/fsl_i2c.o
 .debug_info    0x00007122     0x1af5 ./drivers/fsl_lpuart.o
 .debug_info    0x00008c17      0xb86 ./drivers/fsl_smc.o
 .debug_info    0x0000979d     0x1cb0 ./drivers/fsl_uart.o
 .debug_info    0x0000b44d      0xa95 ./device/system_MK66F18.o
 .debug_info    0x0000bee2      0xac4 ./component/uart/uart_adapter.o
 .debug_info    0x0000c9a6      0x765 ./component/serial_manager/serial_manager.o
 .debug_info    0x0000d10b      0x4fc ./component/serial_manager/serial_port_uart.o
 .debug_info    0x0000d607      0xbd6 ./board/boards/board.o
 .debug_info    0x0000e1dd     0x16bf ./board/boards/clock_config.o
 .debug_info    0x0000f89c      0x544 ./board/boards/peripherals.o
 .debug_info    0x0000fde0      0xdf1 ./board/boards/pin_mux.o
 .debug_info    0x00010bd1      0x496 ./accel/fsl_fxos.o

.debug_abbrev   0x00000000     0x2749
 .debug_abbrev  0x00000000      0x19a ./utilities/fsl_debug_console.o
 .debug_abbrev  0x0000019a      0x17a ./startup/startup_mk66f18.o
 .debug_abbrev  0x00000314      0x1cc ./source/MK66FN2M0xxx18_Accelerometer.o
 .debug_abbrev  0x000004e0       0x31 ./source/semihost_hardfault.o
 .debug_abbrev  0x00000511      0x352 ./drivers/fsl_clock.o
 .debug_abbrev  0x00000863      0x1b8 ./drivers/fsl_gpio.o
 .debug_abbrev  0x00000a1b      0x382 ./drivers/fsl_i2c.o
 .debug_abbrev  0x00000d9d      0x316 ./drivers/fsl_lpuart.o
 .debug_abbrev  0x000010b3      0x333 ./drivers/fsl_smc.o
 .debug_abbrev  0x000013e6      0x345 ./drivers/fsl_uart.o
 .debug_abbrev  0x0000172b      0x170 ./device/system_MK66F18.o
 .debug_abbrev  0x0000189b      0x1e8 ./component/uart/uart_adapter.o
 .debug_abbrev  0x00001a83      0x17d ./component/serial_manager/serial_manager.o
 .debug_abbrev  0x00001c00      0x160 ./component/serial_manager/serial_port_uart.o
 .debug_abbrev  0x00001d60      0x1d4 ./board/boards/board.o
 .debug_abbrev  0x00001f34      0x2cc ./board/boards/clock_config.o
 .debug_abbrev  0x00002200      0x14c ./board/boards/peripherals.o
 .debug_abbrev  0x0000234c      0x2aa ./board/boards/pin_mux.o
 .debug_abbrev  0x000025f6      0x153 ./accel/fsl_fxos.o

.debug_aranges  0x00000000      0xed0
 .debug_aranges
                0x00000000       0x50 ./utilities/fsl_debug_console.o
 .debug_aranges
                0x00000050      0x3a0 ./startup/startup_mk66f18.o
 .debug_aranges
                0x000003f0       0x28 ./source/MK66FN2M0xxx18_Accelerometer.o
 .debug_aranges
                0x00000418       0x20 ./source/semihost_hardfault.o
 .debug_aranges
                0x00000438      0x250 ./drivers/fsl_clock.o
 .debug_aranges
                0x00000688       0x40 ./drivers/fsl_gpio.o
 .debug_aranges
                0x000006c8      0x188 ./drivers/fsl_i2c.o
 .debug_aranges
                0x00000850      0x118 ./drivers/fsl_lpuart.o
 .debug_aranges
                0x00000968       0x98 ./drivers/fsl_smc.o
 .debug_aranges
                0x00000a00      0x160 ./drivers/fsl_uart.o
 .debug_aranges
                0x00000b60       0x30 ./device/system_MK66F18.o
 .debug_aranges
                0x00000b90       0x40 ./component/uart/uart_adapter.o
 .debug_aranges
                0x00000bd0       0x88 ./component/serial_manager/serial_manager.o
 .debug_aranges
                0x00000c58       0x38 ./component/serial_manager/serial_port_uart.o
 .debug_aranges
                0x00000c90       0x68 ./board/boards/board.o
 .debug_aranges
                0x00000cf8       0xd8 ./board/boards/clock_config.o
 .debug_aranges
                0x00000dd0       0x30 ./board/boards/peripherals.o
 .debug_aranges
                0x00000e00       0x98 ./board/boards/pin_mux.o
 .debug_aranges
                0x00000e98       0x38 ./accel/fsl_fxos.o

.debug_ranges   0x00000000      0xda0
 .debug_ranges  0x00000000       0x40 ./utilities/fsl_debug_console.o
 .debug_ranges  0x00000040      0x390 ./startup/startup_mk66f18.o
 .debug_ranges  0x000003d0       0x18 ./source/MK66FN2M0xxx18_Accelerometer.o
 .debug_ranges  0x000003e8       0x10 ./source/semihost_hardfault.o
 .debug_ranges  0x000003f8      0x240 ./drivers/fsl_clock.o
 .debug_ranges  0x00000638       0x30 ./drivers/fsl_gpio.o
 .debug_ranges  0x00000668      0x178 ./drivers/fsl_i2c.o
 .debug_ranges  0x000007e0      0x108 ./drivers/fsl_lpuart.o
 .debug_ranges  0x000008e8       0x88 ./drivers/fsl_smc.o
 .debug_ranges  0x00000970      0x150 ./drivers/fsl_uart.o
 .debug_ranges  0x00000ac0       0x20 ./device/system_MK66F18.o
 .debug_ranges  0x00000ae0       0x30 ./component/uart/uart_adapter.o
 .debug_ranges  0x00000b10       0x78 ./component/serial_manager/serial_manager.o
 .debug_ranges  0x00000b88       0x28 ./component/serial_manager/serial_port_uart.o
 .debug_ranges  0x00000bb0       0x58 ./board/boards/board.o
 .debug_ranges  0x00000c08       0xc8 ./board/boards/clock_config.o
 .debug_ranges  0x00000cd0       0x20 ./board/boards/peripherals.o
 .debug_ranges  0x00000cf0       0x88 ./board/boards/pin_mux.o
 .debug_ranges  0x00000d78       0x28 ./accel/fsl_fxos.o

.debug_macro    0x00000000    0x1cd71
 .debug_macro   0x00000000      0x184 ./utilities/fsl_debug_console.o
 .debug_macro   0x00000184      0xad8 ./utilities/fsl_debug_console.o
 .debug_macro   0x00000c5c       0x10 ./utilities/fsl_debug_console.o
 .debug_macro   0x00000c6c       0x16 ./utilities/fsl_debug_console.o
 .debug_macro   0x00000c82       0x10 ./utilities/fsl_debug_console.o
 .debug_macro   0x00000c92      0x12e ./utilities/fsl_debug_console.o
 .debug_macro   0x00000dc0       0x28 ./utilities/fsl_debug_console.o
 .debug_macro   0x00000de8       0x56 ./utilities/fsl_debug_console.o
 .debug_macro   0x00000e3e       0x16 ./utilities/fsl_debug_console.o
 .debug_macro   0x00000e54       0x22 ./utilities/fsl_debug_console.o
 .debug_macro   0x00000e76      0x5b3 ./utilities/fsl_debug_console.o
 .debug_macro   0x00001429       0x10 ./utilities/fsl_debug_console.o
 .debug_macro   0x00001439       0x56 ./utilities/fsl_debug_console.o
 .debug_macro   0x0000148f       0x1c ./utilities/fsl_debug_console.o
 .debug_macro   0x000014ab       0x22 ./utilities/fsl_debug_console.o
 .debug_macro   0x000014cd       0xdf ./utilities/fsl_debug_console.o
 .debug_macro   0x000015ac      0xecf ./utilities/fsl_debug_console.o
 .debug_macro   0x0000247b       0x40 ./utilities/fsl_debug_console.o
 .debug_macro   0x000024bb    0x15ebc ./utilities/fsl_debug_console.o
 .debug_macro   0x00018377     0x1440 ./utilities/fsl_debug_console.o
 .debug_macro   0x000197b7       0xd0 ./utilities/fsl_debug_console.o
 .debug_macro   0x00019887      0x190 ./utilities/fsl_debug_console.o
 .debug_macro   0x00019a17       0x34 ./utilities/fsl_debug_console.o
 .debug_macro   0x00019a4b       0x10 ./utilities/fsl_debug_console.o
 .debug_macro   0x00019a5b       0x32 ./utilities/fsl_debug_console.o
 .debug_macro   0x00019a8d       0x1c ./utilities/fsl_debug_console.o
 .debug_macro   0x00019aa9       0xd2 ./utilities/fsl_debug_console.o
 .debug_macro   0x00019b7b       0x1c ./utilities/fsl_debug_console.o
 .debug_macro   0x00019b97       0x29 ./startup/startup_mk66f18.o
 .debug_macro   0x00019bc0      0x198 ./source/MK66FN2M0xxx18_Accelerometer.o
 .debug_macro   0x00019d58       0xd8 ./source/MK66FN2M0xxx18_Accelerometer.o
 .debug_macro   0x00019e30       0x22 ./source/MK66FN2M0xxx18_Accelerometer.o
 .debug_macro   0x00019e52       0x1c ./source/MK66FN2M0xxx18_Accelerometer.o
 .debug_macro   0x00019e6e       0x10 ./source/MK66FN2M0xxx18_Accelerometer.o
 .debug_macro   0x00019e7e       0x16 ./source/MK66FN2M0xxx18_Accelerometer.o
 .debug_macro   0x00019e94      0x28e ./source/MK66FN2M0xxx18_Accelerometer.o
 .debug_macro   0x0001a122       0x22 ./source/MK66FN2M0xxx18_Accelerometer.o
 .debug_macro   0x0001a144       0x16 ./source/MK66FN2M0xxx18_Accelerometer.o
 .debug_macro   0x0001a15a      0x267 ./source/MK66FN2M0xxx18_Accelerometer.o
 .debug_macro   0x0001a3c1       0x2e ./source/MK66FN2M0xxx18_Accelerometer.o
 .debug_macro   0x0001a3ef      0xb93 ./source/MK66FN2M0xxx18_Accelerometer.o
 .debug_macro   0x0001af82       0xc4 ./source/MK66FN2M0xxx18_Accelerometer.o
 .debug_macro   0x0001b046       0x11 ./source/semihost_hardfault.o
 .debug_macro   0x0001b057      0x1c6 ./drivers/fsl_clock.o
 .debug_macro   0x0001b21d       0x1c ./drivers/fsl_clock.o
 .debug_macro   0x0001b239      0x104 ./drivers/fsl_gpio.o
 .debug_macro   0x0001b33d      0x103 ./drivers/fsl_i2c.o
 .debug_macro   0x0001b440       0x1c ./drivers/fsl_i2c.o
 .debug_macro   0x0001b45c      0x104 ./drivers/fsl_lpuart.o
 .debug_macro   0x0001b560      0x104 ./drivers/fsl_smc.o
 .debug_macro   0x0001b664      0x10a ./drivers/fsl_uart.o
 .debug_macro   0x0001b76e       0x98 ./device/system_MK66F18.o
 .debug_macro   0x0001b806      0x100 ./component/uart/uart_adapter.o
 .debug_macro   0x0001b906       0x10 ./component/uart/uart_adapter.o
 .debug_macro   0x0001b916       0x22 ./component/uart/uart_adapter.o
 .debug_macro   0x0001b938      0x127 ./component/serial_manager/serial_manager.o
 .debug_macro   0x0001ba5f      0x118 ./component/serial_manager/serial_port_uart.o
 .debug_macro   0x0001bb77       0x22 ./component/serial_manager/serial_port_uart.o
 .debug_macro   0x0001bb99      0x16b ./board/boards/board.o
 .debug_macro   0x0001bd04       0x16 ./board/boards/board.o
 .debug_macro   0x0001bd1a      0x1aa ./board/boards/clock_config.o
 .debug_macro   0x0001bec4       0x10 ./board/boards/clock_config.o
 .debug_macro   0x0001bed4      0x106 ./board/boards/peripherals.o
 .debug_macro   0x0001bfda      0x10d ./board/boards/pin_mux.o
 .debug_macro   0x0001c0e7       0xfd ./accel/fsl_fxos.o
 .debug_macro   0x0001c1e4      0xb8d ./accel/fsl_fxos.o

.debug_line     0x00000000     0x905c
 .debug_line    0x00000000      0x50d ./utilities/fsl_debug_console.o
 .debug_line    0x0000050d      0xa5e ./startup/startup_mk66f18.o
 .debug_line    0x00000f6b      0x46b ./source/MK66FN2M0xxx18_Accelerometer.o
 .debug_line    0x000013d6       0x5a ./source/semihost_hardfault.o
 .debug_line    0x00001430     0x17bf ./drivers/fsl_clock.o
 .debug_line    0x00002bef      0x365 ./drivers/fsl_gpio.o
 .debug_line    0x00002f54     0x1387 ./drivers/fsl_i2c.o
 .debug_line    0x000042db      0xd63 ./drivers/fsl_lpuart.o
 .debug_line    0x0000503e      0x581 ./drivers/fsl_smc.o
 .debug_line    0x000055bf     0x10ea ./drivers/fsl_uart.o
 .debug_line    0x000066a9      0x3e7 ./device/system_MK66F18.o
 .debug_line    0x00006a90      0x3d6 ./component/uart/uart_adapter.o
 .debug_line    0x00006e66      0x5b2 ./component/serial_manager/serial_manager.o
 .debug_line    0x00007418      0x3eb ./component/serial_manager/serial_port_uart.o
 .debug_line    0x00007803      0x432 ./board/boards/board.o
 .debug_line    0x00007c35      0x6e3 ./board/boards/clock_config.o
 .debug_line    0x00008318      0x2d7 ./board/boards/peripherals.o
 .debug_line    0x000085ef      0x624 ./board/boards/pin_mux.o
 .debug_line    0x00008c13      0x449 ./accel/fsl_fxos.o

.debug_str      0x00000000    0xc143e
 .debug_str     0x00000000    0xb571d ./utilities/fsl_debug_console.o
                              0xb57ff (size before relaxing)
 .debug_str     0x000b571d      0x977 ./startup/startup_mk66f18.o
                               0x38d2 (size before relaxing)
 .debug_str     0x000b6094     0x48d3 ./source/MK66FN2M0xxx18_Accelerometer.o
                              0xb9822 (size before relaxing)
 .debug_str     0x000ba967       0x1f ./source/semihost_hardfault.o
                               0x2eda (size before relaxing)
 .debug_str     0x000ba986     0x2211 ./drivers/fsl_clock.o
                              0xb6e30 (size before relaxing)
 .debug_str     0x000bcb97      0x1b1 ./drivers/fsl_gpio.o
                              0xb499e (size before relaxing)
 .debug_str     0x000bcd48     0x11f4 ./drivers/fsl_i2c.o
                              0xb5fb2 (size before relaxing)
 .debug_str     0x000bdf3c      0xe71 ./drivers/fsl_lpuart.o
                              0xb616f (size before relaxing)
 .debug_str     0x000bedad      0x4e2 ./drivers/fsl_smc.o
                              0xb4d32 (size before relaxing)
 .debug_str     0x000bf28f      0x93e ./drivers/fsl_uart.o
                              0xb60d9 (size before relaxing)
 .debug_str     0x000bfbcd       0xbd ./device/system_MK66F18.o
                              0xb32b9 (size before relaxing)
 .debug_str     0x000bfc8a      0x326 ./component/uart/uart_adapter.o
                              0xb4e6c (size before relaxing)
 .debug_str     0x000bffb0      0x388 ./component/serial_manager/serial_manager.o
                              0xb47f2 (size before relaxing)
 .debug_str     0x000c0338       0xfc ./component/serial_manager/serial_port_uart.o
                              0xb48a0 (size before relaxing)
 .debug_str     0x000c0434      0x14f ./board/boards/board.o
                              0xb60a0 (size before relaxing)
 .debug_str     0x000c0583      0x6c5 ./board/boards/clock_config.o
                              0xb5b7d (size before relaxing)
 .debug_str     0x000c0c48       0x59 ./board/boards/peripherals.o
                              0xb4ad5 (size before relaxing)
 .debug_str     0x000c0ca1      0x744 ./board/boards/pin_mux.o
                              0xb5606 (size before relaxing)
 .debug_str     0x000c13e5       0x59 ./accel/fsl_fxos.o
                              0xb65aa (size before relaxing)

.comment        0x00000000       0x75
 .comment       0x00000000       0x75 ./utilities/fsl_debug_console.o
                                 0x76 (size before relaxing)
 .comment       0x00000075       0x76 ./startup/startup_mk66f18.o
 .comment       0x00000075       0x76 ./source/MK66FN2M0xxx18_Accelerometer.o
 .comment       0x00000075       0x76 ./source/semihost_hardfault.o
 .comment       0x00000075       0x76 ./drivers/fsl_clock.o
 .comment       0x00000075       0x76 ./drivers/fsl_gpio.o
 .comment       0x00000075       0x76 ./drivers/fsl_i2c.o
 .comment       0x00000075       0x76 ./drivers/fsl_lpuart.o
 .comment       0x00000075       0x76 ./drivers/fsl_smc.o
 .comment       0x00000075       0x76 ./drivers/fsl_uart.o
 .comment       0x00000075       0x76 ./device/system_MK66F18.o
 .comment       0x00000075       0x76 ./component/uart/uart_adapter.o
 .comment       0x00000075       0x76 ./component/serial_manager/serial_manager.o
 .comment       0x00000075       0x76 ./component/serial_manager/serial_port_uart.o
 .comment       0x00000075       0x76 ./board/boards/board.o
 .comment       0x00000075       0x76 ./board/boards/clock_config.o
 .comment       0x00000075       0x76 ./board/boards/peripherals.o
 .comment       0x00000075       0x76 ./board/boards/pin_mux.o
 .comment       0x00000075       0x76 ./accel/fsl_fxos.o
 .comment       0x00000075       0x76 c:/nxp/mcuxpressoide_11.0.0_2516/ide/plugins/com.nxp.mcuxpresso.tools.win32_11.0.0.201905131304/tools/bin/../lib/gcc/arm-none-eabi/8.2.1/../../../../arm-none-eabi/lib/thumb/v7e-m+fp/hard\libcr_semihost_nf.a(_cr__main.o)
 .comment       0x00000075       0x76 c:/nxp/mcuxpressoide_11.0.0_2516/ide/plugins/com.nxp.mcuxpresso.tools.win32_11.0.0.201905131304/tools/bin/../lib/gcc/arm-none-eabi/8.2.1/../../../../arm-none-eabi/lib/thumb/v7e-m+fp/hard\libcr_semihost_nf.a(_cr_assert.o)
 .comment       0x00000075       0x76 c:/nxp/mcuxpressoide_11.0.0_2516/ide/plugins/com.nxp.mcuxpresso.tools.win32_11.0.0.201905131304/tools/bin/../lib/gcc/arm-none-eabi/8.2.1/../../../../arm-none-eabi/lib/thumb/v7e-m+fp/hard\libcr_semihost_nf.a(__ciob.o)
 .comment       0x00000075       0x76 c:/nxp/mcuxpressoide_11.0.0_2516/ide/plugins/com.nxp.mcuxpresso.tools.win32_11.0.0.201905131304/tools/bin/../lib/gcc/arm-none-eabi/8.2.1/../../../../arm-none-eabi/lib/thumb/v7e-m+fp/hard\libcr_c.a(memset.o)
 .comment       0x00000075       0x76 c:/nxp/mcuxpressoide_11.0.0_2516/ide/plugins/com.nxp.mcuxpresso.tools.win32_11.0.0.201905131304/tools/bin/../lib/gcc/arm-none-eabi/8.2.1/../../../../arm-none-eabi/lib/thumb/v7e-m+fp/hard\libcr_c.a(_deferredlazyseek.o)
 .comment       0x00000075       0x76 c:/nxp/mcuxpressoide_11.0.0_2516/ide/plugins/com.nxp.mcuxpresso.tools.win32_11.0.0.201905131304/tools/bin/../lib/gcc/arm-none-eabi/8.2.1/../../../../arm-none-eabi/lib/thumb/v7e-m+fp/hard\libcr_c.a(_fflush.o)
 .comment       0x00000075       0x76 c:/nxp/mcuxpressoide_11.0.0_2516/ide/plugins/com.nxp.mcuxpresso.tools.win32_11.0.0.201905131304/tools/bin/../lib/gcc/arm-none-eabi/8.2.1/../../../../arm-none-eabi/lib/thumb/v7e-m+fp/hard\libcr_c.a(_writebuf.o)
 .comment       0x00000075       0x76 c:/nxp/mcuxpressoide_11.0.0_2516/ide/plugins/com.nxp.mcuxpresso.tools.win32_11.0.0.201905131304/tools/bin/../lib/gcc/arm-none-eabi/8.2.1/../../../../arm-none-eabi/lib/thumb/v7e-m+fp/hard\libcr_c.a(alloc.o)
 .comment       0x00000075       0x76 c:/nxp/mcuxpressoide_11.0.0_2516/ide/plugins/com.nxp.mcuxpresso.tools.win32_11.0.0.201905131304/tools/bin/../lib/gcc/arm-none-eabi/8.2.1/../../../../arm-none-eabi/lib/thumb/v7e-m+fp/hard\libcr_c.a(fputs.o)
 .comment       0x00000075       0x76 c:/nxp/mcuxpressoide_11.0.0_2516/ide/plugins/com.nxp.mcuxpresso.tools.win32_11.0.0.201905131304/tools/bin/../lib/gcc/arm-none-eabi/8.2.1/../../../../arm-none-eabi/lib/thumb/v7e-m+fp/hard\libcr_c.a(fseek.o)
 .comment       0x00000075       0x76 c:/nxp/mcuxpressoide_11.0.0_2516/ide/plugins/com.nxp.mcuxpresso.tools.win32_11.0.0.201905131304/tools/bin/../lib/gcc/arm-none-eabi/8.2.1/../../../../arm-none-eabi/lib/thumb/v7e-m+fp/hard\libcr_c.a(ftell.o)
 .comment       0x00000075       0x76 c:/nxp/mcuxpressoide_11.0.0_2516/ide/plugins/com.nxp.mcuxpresso.tools.win32_11.0.0.201905131304/tools/bin/../lib/gcc/arm-none-eabi/8.2.1/../../../../arm-none-eabi/lib/thumb/v7e-m+fp/hard\libcr_c.a(initio.o)
 .comment       0x00000075       0x76 c:/nxp/mcuxpressoide_11.0.0_2516/ide/plugins/com.nxp.mcuxpresso.tools.win32_11.0.0.201905131304/tools/bin/../lib/gcc/arm-none-eabi/8.2.1/../../../../arm-none-eabi/lib/thumb/v7e-m+fp/hard\libcr_c.a(printf.o)
 .comment       0x00000075       0x76 c:/nxp/mcuxpressoide_11.0.0_2516/ide/plugins/com.nxp.mcuxpresso.tools.win32_11.0.0.201905131304/tools/bin/../lib/gcc/arm-none-eabi/8.2.1/../../../../arm-none-eabi/lib/thumb/v7e-m+fp/hard\libcr_c.a(setvbuf.o)
 .comment       0x00000075       0x76 c:/nxp/mcuxpressoide_11.0.0_2516/ide/plugins/com.nxp.mcuxpresso.tools.win32_11.0.0.201905131304/tools/bin/../lib/gcc/arm-none-eabi/8.2.1/../../../../arm-none-eabi/lib/thumb/v7e-m+fp/hard\libcr_c.a(strlen.o)
 .comment       0x00000075       0x76 c:/nxp/mcuxpressoide_11.0.0_2516/ide/plugins/com.nxp.mcuxpresso.tools.win32_11.0.0.201905131304/tools/bin/../lib/gcc/arm-none-eabi/8.2.1/../../../../arm-none-eabi/lib/thumb/v7e-m+fp/hard\libcr_c.a(__init_alloc.o)
 .comment       0x00000075       0x76 c:/nxp/mcuxpressoide_11.0.0_2516/ide/plugins/com.nxp.mcuxpresso.tools.win32_11.0.0.201905131304/tools/bin/../lib/gcc/arm-none-eabi/8.2.1/../../../../arm-none-eabi/lib/thumb/v7e-m+fp/hard\libcr_c.a(_cr_sbrk.o)
 .comment       0x00000075       0x76 c:/nxp/mcuxpressoide_11.0.0_2516/ide/plugins/com.nxp.mcuxpresso.tools.win32_11.0.0.201905131304/tools/bin/../lib/gcc/arm-none-eabi/8.2.1/../../../../arm-none-eabi/lib/thumb/v7e-m+fp/hard\libcr_c.a(_fdopen.o)
 .comment       0x00000075       0x76 c:/nxp/mcuxpressoide_11.0.0_2516/ide/plugins/com.nxp.mcuxpresso.tools.win32_11.0.0.201905131304/tools/bin/../lib/gcc/arm-none-eabi/8.2.1/../../../../arm-none-eabi/lib/thumb/v7e-m+fp/hard\libcr_c.a(errno.o)
 .comment       0x00000075       0x76 c:/nxp/mcuxpressoide_11.0.0_2516/ide/plugins/com.nxp.mcuxpresso.tools.win32_11.0.0.201905131304/tools/bin/../lib/gcc/arm-none-eabi/8.2.1/../../../../arm-none-eabi/lib/thumb/v7e-m+fp/hard\libcr_c.a(fclose.o)
 .comment       0x00000075       0x76 c:/nxp/mcuxpressoide_11.0.0_2516/ide/plugins/com.nxp.mcuxpresso.tools.win32_11.0.0.201905131304/tools/bin/../lib/gcc/arm-none-eabi/8.2.1/../../../../arm-none-eabi/lib/thumb/v7e-m+fp/hard\libcr_c.a(fflush.o)
 .comment       0x00000075       0x76 c:/nxp/mcuxpressoide_11.0.0_2516/ide/plugins/com.nxp.mcuxpresso.tools.win32_11.0.0.201905131304/tools/bin/../lib/gcc/arm-none-eabi/8.2.1/../../../../arm-none-eabi/lib/thumb/v7e-m+fp/hard\libcr_c.a(remove.o)
 .comment       0x00000075       0x76 c:/nxp/mcuxpressoide_11.0.0_2516/ide/plugins/com.nxp.mcuxpresso.tools.win32_11.0.0.201905131304/tools/bin/../lib/gcc/arm-none-eabi/8.2.1/../../../../arm-none-eabi/lib/thumb/v7e-m+fp/hard\libcr_c.a(_cr_check_heap.o)
 .comment       0x00000075       0x76 c:/nxp/mcuxpressoide_11.0.0_2516/ide/plugins/com.nxp.mcuxpresso.tools.win32_11.0.0.201905131304/tools/bin/../lib/gcc/arm-none-eabi/8.2.1/../../../../arm-none-eabi/lib/thumb/v7e-m+fp/hard\libcr_c.a(_do_fflush.o)

.ARM.attributes
                0x00000000       0x32
 .ARM.attributes
                0x00000000       0x34 ./utilities/fsl_debug_console.o
 .ARM.attributes
                0x00000034       0x34 ./startup/startup_mk66f18.o
 .ARM.attributes
                0x00000068       0x34 ./source/MK66FN2M0xxx18_Accelerometer.o
 .ARM.attributes
                0x0000009c       0x34 ./source/semihost_hardfault.o
 .ARM.attributes
                0x000000d0       0x34 ./drivers/fsl_clock.o
 .ARM.attributes
                0x00000104       0x34 ./drivers/fsl_gpio.o
 .ARM.attributes
                0x00000138       0x34 ./drivers/fsl_i2c.o
 .ARM.attributes
                0x0000016c       0x34 ./drivers/fsl_lpuart.o
 .ARM.attributes
                0x000001a0       0x34 ./drivers/fsl_smc.o
 .ARM.attributes
                0x000001d4       0x34 ./drivers/fsl_uart.o
 .ARM.attributes
                0x00000208       0x34 ./device/system_MK66F18.o
 .ARM.attributes
                0x0000023c       0x34 ./component/uart/uart_adapter.o
 .ARM.attributes
                0x00000270       0x34 ./component/serial_manager/serial_manager.o
 .ARM.attributes
                0x000002a4       0x34 ./component/serial_manager/serial_port_uart.o
 .ARM.attributes
                0x000002d8       0x34 ./board/boards/board.o
 .ARM.attributes
                0x0000030c       0x34 ./board/boards/clock_config.o
 .ARM.attributes
                0x00000340       0x34 ./board/boards/peripherals.o
 .ARM.attributes
                0x00000374       0x34 ./board/boards/pin_mux.o
 .ARM.attributes
                0x000003a8       0x34 ./accel/fsl_fxos.o
 .ARM.attributes
                0x000003dc       0x34 c:/nxp/mcuxpressoide_11.0.0_2516/ide/plugins/com.nxp.mcuxpresso.tools.win32_11.0.0.201905131304/tools/bin/../lib/gcc/arm-none-eabi/8.2.1/../../../../arm-none-eabi/lib/thumb/v7e-m+fp/hard\libcr_semihost_nf.a(_cr__main.o)
 .ARM.attributes
                0x00000410       0x34 c:/nxp/mcuxpressoide_11.0.0_2516/ide/plugins/com.nxp.mcuxpresso.tools.win32_11.0.0.201905131304/tools/bin/../lib/gcc/arm-none-eabi/8.2.1/../../../../arm-none-eabi/lib/thumb/v7e-m+fp/hard\libcr_semihost_nf.a(_cr_assert.o)
 .ARM.attributes
                0x00000444       0x39 c:/nxp/mcuxpressoide_11.0.0_2516/ide/plugins/com.nxp.mcuxpresso.tools.win32_11.0.0.201905131304/tools/bin/../lib/gcc/arm-none-eabi/8.2.1/../../../../arm-none-eabi/lib/thumb/v7e-m+fp/hard\libcr_semihost_nf.a(__ciob.o)
 .ARM.attributes
                0x0000047d       0x20 c:/nxp/mcuxpressoide_11.0.0_2516/ide/plugins/com.nxp.mcuxpresso.tools.win32_11.0.0.201905131304/tools/bin/../lib/gcc/arm-none-eabi/8.2.1/../../../../arm-none-eabi/lib/thumb/v7e-m+fp/hard\libcr_semihost_nf.a(__sys_appexit.o)
 .ARM.attributes
                0x0000049d       0x34 c:/nxp/mcuxpressoide_11.0.0_2516/ide/plugins/com.nxp.mcuxpresso.tools.win32_11.0.0.201905131304/tools/bin/../lib/gcc/arm-none-eabi/8.2.1/../../../../arm-none-eabi/lib/thumb/v7e-m+fp/hard\libcr_c.a(memset.o)
 .ARM.attributes
                0x000004d1       0x34 c:/nxp/mcuxpressoide_11.0.0_2516/ide/plugins/com.nxp.mcuxpresso.tools.win32_11.0.0.201905131304/tools/bin/../lib/gcc/arm-none-eabi/8.2.1/../../../../arm-none-eabi/lib/thumb/v7e-m+fp/hard\libcr_c.a(_deferredlazyseek.o)
 .ARM.attributes
                0x00000505       0x34 c:/nxp/mcuxpressoide_11.0.0_2516/ide/plugins/com.nxp.mcuxpresso.tools.win32_11.0.0.201905131304/tools/bin/../lib/gcc/arm-none-eabi/8.2.1/../../../../arm-none-eabi/lib/thumb/v7e-m+fp/hard\libcr_c.a(_fflush.o)
 .ARM.attributes
                0x00000539       0x34 c:/nxp/mcuxpressoide_11.0.0_2516/ide/plugins/com.nxp.mcuxpresso.tools.win32_11.0.0.201905131304/tools/bin/../lib/gcc/arm-none-eabi/8.2.1/../../../../arm-none-eabi/lib/thumb/v7e-m+fp/hard\libcr_c.a(_writebuf.o)
 .ARM.attributes
                0x0000056d       0x34 c:/nxp/mcuxpressoide_11.0.0_2516/ide/plugins/com.nxp.mcuxpresso.tools.win32_11.0.0.201905131304/tools/bin/../lib/gcc/arm-none-eabi/8.2.1/../../../../arm-none-eabi/lib/thumb/v7e-m+fp/hard\libcr_c.a(alloc.o)
 .ARM.attributes
                0x000005a1       0x34 c:/nxp/mcuxpressoide_11.0.0_2516/ide/plugins/com.nxp.mcuxpresso.tools.win32_11.0.0.201905131304/tools/bin/../lib/gcc/arm-none-eabi/8.2.1/../../../../arm-none-eabi/lib/thumb/v7e-m+fp/hard\libcr_c.a(fputs.o)
 .ARM.attributes
                0x000005d5       0x34 c:/nxp/mcuxpressoide_11.0.0_2516/ide/plugins/com.nxp.mcuxpresso.tools.win32_11.0.0.201905131304/tools/bin/../lib/gcc/arm-none-eabi/8.2.1/../../../../arm-none-eabi/lib/thumb/v7e-m+fp/hard\libcr_c.a(fseek.o)
 .ARM.attributes
                0x00000609       0x34 c:/nxp/mcuxpressoide_11.0.0_2516/ide/plugins/com.nxp.mcuxpresso.tools.win32_11.0.0.201905131304/tools/bin/../lib/gcc/arm-none-eabi/8.2.1/../../../../arm-none-eabi/lib/thumb/v7e-m+fp/hard\libcr_c.a(ftell.o)
 .ARM.attributes
                0x0000063d       0x34 c:/nxp/mcuxpressoide_11.0.0_2516/ide/plugins/com.nxp.mcuxpresso.tools.win32_11.0.0.201905131304/tools/bin/../lib/gcc/arm-none-eabi/8.2.1/../../../../arm-none-eabi/lib/thumb/v7e-m+fp/hard\libcr_c.a(initio.o)
 .ARM.attributes
                0x00000671       0x34 c:/nxp/mcuxpressoide_11.0.0_2516/ide/plugins/com.nxp.mcuxpresso.tools.win32_11.0.0.201905131304/tools/bin/../lib/gcc/arm-none-eabi/8.2.1/../../../../arm-none-eabi/lib/thumb/v7e-m+fp/hard\libcr_c.a(printf.o)
 .ARM.attributes