Archive member included to satisfy reference by file (symbol)

c:/nxp/mcuxpressoide_11.0.0_2516/ide/plugins/com.nxp.mcuxpresso.tools.win32_11.0.0.201905131304/tools/bin/../lib/gcc/arm-none-eabi/8.2.1/../../../../arm-none-eabi/lib/thumb/v7e-m+fp/hard\libcr_semihost_nf.a(_cr__main.o)
                              ./startup/startup_mk66f18.o (__main)
c:/nxp/mcuxpressoide_11.0.0_2516/ide/plugins/com.nxp.mcuxpresso.tools.win32_11.0.0.201905131304/tools/bin/../lib/gcc/arm-none-eabi/8.2.1/../../../../arm-none-eabi/lib/thumb/v7e-m+fp/hard\libcr_semihost_nf.a(_cr_assert.o)
                              ./utilities/fsl_debug_console.o (__assertion_failed)
c:/nxp/mcuxpressoide_11.0.0_2516/ide/plugins/com.nxp.mcuxpresso.tools.win32_11.0.0.201905131304/tools/bin/../lib/gcc/arm-none-eabi/8.2.1/../../../../arm-none-eabi/lib/thumb/v7e-m+fp/hard\libcr_semihost_nf.a(__ciob.o)
                              c:/nxp/mcuxpressoide_11.0.0_2516/ide/plugins/com.nxp.mcuxpresso.tools.win32_11.0.0.201905131304/tools/bin/../lib/gcc/arm-none-eabi/8.2.1/../../../../arm-none-eabi/lib/thumb/v7e-m+fp/hard\libcr_semihost_nf.a(_cr_assert.o) (__Ciob)
c:/nxp/mcuxpressoide_11.0.0_2516/ide/plugins/com.nxp.mcuxpresso.tools.win32_11.0.0.201905131304/tools/bin/../lib/gcc/arm-none-eabi/8.2.1/../../../../arm-none-eabi/lib/thumb/v7e-m+fp/hard\libcr_semihost_nf.a(__sys_appexit.o)
                              c:/nxp/mcuxpressoide_11.0.0_2516/ide/plugins/com.nxp.mcuxpresso.tools.win32_11.0.0.201905131304/tools/bin/../lib/gcc/arm-none-eabi/8.2.1/../../../../arm-none-eabi/lib/thumb/v7e-m+fp/hard\libcr_semihost_nf.a(_cr_assert.o) (__sys_appexit)
c:/nxp/mcuxpressoide_11.0.0_2516/ide/plugins/com.nxp.mcuxpresso.tools.win32_11.0.0.201905131304/tools/bin/../lib/gcc/arm-none-eabi/8.2.1/../../../../arm-none-eabi/lib/thumb/v7e-m+fp/hard\libcr_c.a(memcpy.o)
                              ./drivers/fsl_ftfx_cache.o (memcpy)
c:/nxp/mcuxpressoide_11.0.0_2516/ide/plugins/com.nxp.mcuxpresso.tools.win32_11.0.0.201905131304/tools/bin/../lib/gcc/arm-none-eabi/8.2.1/../../../../arm-none-eabi/lib/thumb/v7e-m+fp/hard\libcr_c.a(memset.o)
                              ./utilities/fsl_debug_console.o (memset)
c:/nxp/mcuxpressoide_11.0.0_2516/ide/plugins/com.nxp.mcuxpresso.tools.win32_11.0.0.201905131304/tools/bin/../lib/gcc/arm-none-eabi/8.2.1/../../../../arm-none-eabi/lib/thumb/v7e-m+fp/hard\libcr_c.a(_deferredlazyseek.o)
                              c:/nxp/mcuxpressoide_11.0.0_2516/ide/plugins/com.nxp.mcuxpresso.tools.win32_11.0.0.201905131304/tools/bin/../lib/gcc/arm-none-eabi/8.2.1/../../../../arm-none-eabi/lib/thumb/v7e-m+fp/hard\libcr_semihost_nf.a(_cr_assert.o) (__flsbuf)
c:/nxp/mcuxpressoide_11.0.0_2516/ide/plugins/com.nxp.mcuxpresso.tools.win32_11.0.0.201905131304/tools/bin/../lib/gcc/arm-none-eabi/8.2.1/../../../../arm-none-eabi/lib/thumb/v7e-m+fp/hard\libcr_c.a(_fflush.o)
                              c:/nxp/mcuxpressoide_11.0.0_2516/ide/plugins/com.nxp.mcuxpresso.tools.win32_11.0.0.201905131304/tools/bin/../lib/gcc/arm-none-eabi/8.2.1/../../../../arm-none-eabi/lib/thumb/v7e-m+fp/hard\libcr_c.a(_deferredlazyseek.o) (_fflush)
c:/nxp/mcuxpressoide_11.0.0_2516/ide/plugins/com.nxp.mcuxpresso.tools.win32_11.0.0.201905131304/tools/bin/../lib/gcc/arm-none-eabi/8.2.1/../../../../arm-none-eabi/lib/thumb/v7e-m+fp/hard\libcr_c.a(_writebuf.o)
                              c:/nxp/mcuxpressoide_11.0.0_2516/ide/plugins/com.nxp.mcuxpresso.tools.win32_11.0.0.201905131304/tools/bin/../lib/gcc/arm-none-eabi/8.2.1/../../../../arm-none-eabi/lib/thumb/v7e-m+fp/hard\libcr_c.a(_deferredlazyseek.o) (_Cwritebuf)
c:/nxp/mcuxpressoide_11.0.0_2516/ide/plugins/com.nxp.mcuxpresso.tools.win32_11.0.0.201905131304/tools/bin/../lib/gcc/arm-none-eabi/8.2.1/../../../../arm-none-eabi/lib/thumb/v7e-m+fp/hard\libcr_c.a(alloc.o)
                              ./drivers/fsl_common.o (malloc)
c:/nxp/mcuxpressoide_11.0.0_2516/ide/plugins/com.nxp.mcuxpresso.tools.win32_11.0.0.201905131304/tools/bin/../lib/gcc/arm-none-eabi/8.2.1/../../../../arm-none-eabi/lib/thumb/v7e-m+fp/hard\libcr_c.a(fputs.o)
                              c:/nxp/mcuxpressoide_11.0.0_2516/ide/plugins/com.nxp.mcuxpresso.tools.win32_11.0.0.201905131304/tools/bin/../lib/gcc/arm-none-eabi/8.2.1/../../../../arm-none-eabi/lib/thumb/v7e-m+fp/hard\libcr_semihost_nf.a(_cr_assert.o) (fputs)
c:/nxp/mcuxpressoide_11.0.0_2516/ide/plugins/com.nxp.mcuxpresso.tools.win32_11.0.0.201905131304/tools/bin/../lib/gcc/arm-none-eabi/8.2.1/../../../../arm-none-eabi/lib/thumb/v7e-m+fp/hard\libcr_c.a(fseek.o)
                              c:/nxp/mcuxpressoide_11.0.0_2516/ide/plugins/com.nxp.mcuxpresso.tools.win32_11.0.0.201905131304/tools/bin/../lib/gcc/arm-none-eabi/8.2.1/../../../../arm-none-eabi/lib/thumb/v7e-m+fp/hard\libcr_c.a(_deferredlazyseek.o) (fseek)
c:/nxp/mcuxpressoide_11.0.0_2516/ide/plugins/com.nxp.mcuxpresso.tools.win32_11.0.0.201905131304/tools/bin/../lib/gcc/arm-none-eabi/8.2.1/../../../../arm-none-eabi/lib/thumb/v7e-m+fp/hard\libcr_c.a(ftell.o)
[...]
Memory Configuration

Name             Origin             Length             Attributes
PROGRAM_FLASH    0x00000000         0x00200000         xr
SRAM_UPPER       0x20000000         0x00030000         xrw
SRAM_LOWER       0x1fff0000         0x00010000         xrw
FLEX_RAM         0x14000000         0x00001000         xrw
*default*        0x00000000         0xffffffff

Linker script and memory map

LOAD ./utilities/fsl_assert.o
LOAD ./utilities/fsl_debug_console.o
LOAD ./utilities/fsl_str.o
LOAD ./startup/startup_mk66f18.o
LOAD ./source/lcd_demo.o
LOAD ./source/semihost_hardfault.o
LOAD ./drivers/fsl_clock.o
LOAD ./drivers/fsl_common.o
LOAD ./drivers/fsl_dac.o
LOAD ./drivers/fsl_ftfx_cache.o
LOAD ./drivers/fsl_ftfx_controller.o
LOAD ./drivers/fsl_ftfx_flash.o
LOAD ./drivers/fsl_ftfx_flexnvm.o
LOAD ./drivers/fsl_gpio.o
LOAD ./drivers/fsl_lpuart.o
LOAD ./drivers/fsl_rtc.o
LOAD ./drivers/fsl_smc.o
LOAD ./drivers/fsl_uart.o
LOAD ./drivers/lcd.o
LOAD ./device/system_MK66F18.o
LOAD ./component/uart/uart_adapter.o
LOAD ./component/serial_manager/serial_manager.o
LOAD ./component/serial_manager/serial_port_uart.o
LOAD ./component/lists/generic_list.o
LOAD ./board/board.o
LOAD ./board/clock_config.o
LOAD ./board/peripherals.o
LOAD ./board/pin_mux.o
START GROUP
LOAD c:/nxp/mcuxpressoide_11.0.0_2516/ide/plugins/com.nxp.mcuxpresso.tools.win32_11.0.0.201905131304/tools/bin/../lib/gcc/arm-none-eabi/8.2.1/../../../../arm-none-eabi/lib/thumb/v7e-m+fp/hard\libcr_semihost_nf.a
LOAD c:/nxp/mcuxpressoide_11.0.0_2516/ide/plugins/com.nxp.mcuxpresso.tools.win32_11.0.0.201905131304/tools/bin/../lib/gcc/arm-none-eabi/8.2.1/../../../../arm-none-eabi/lib/thumb/v7e-m+fp/hard\libcr_c.a
LOAD c:/nxp/mcuxpressoide_11.0.0_2516/ide/plugins/com.nxp.mcuxpresso.tools.win32_11.0.0.201905131304/tools/bin/../lib/gcc/arm-none-eabi/8.2.1/thumb/v7e-m+fp/hard\libcr_eabihelpers.a
LOAD c:/nxp/mcuxpressoide_11.0.0_2516/ide/plugins/com.nxp.mcuxpresso.tools.win32_11.0.0.201905131304/tools/bin/../lib/gcc/arm-none-eabi/8.2.1/thumb/v7e-m+fp/hard\libgcc.a
END GROUP
                0x00000000                __base_PROGRAM_FLASH = 0x0
                0x00000000                __base_Flash = 0x0
                0x00200000                __top_PROGRAM_FLASH = 0x200000
                0x00200000                __top_Flash = 0x200000
                0x20000000                __base_SRAM_UPPER = 0x20000000
                0x20000000                __base_RAM = 0x20000000
                0x20030000                __top_SRAM_UPPER = 0x20030000
                0x20030000                __top_RAM = 0x20030000
                0x1fff0000                __base_SRAM_LOWER = 0x1fff0000
                0x1fff0000                __base_RAM2 = 0x1fff0000
                0x20000000                __top_SRAM_LOWER = 0x20000000
                0x20000000                __top_RAM2 = 0x20000000
                0x14000000                __base_FLEX_RAM = 0x14000000
                0x14000000                __base_RAM3 = 0x14000000
                0x14001000                __top_FLEX_RAM = 0x14001000
                0x14001000                __top_RAM3 = 0x14001000

.text           0x00000000     0x4da0
 FILL mask 0xff
                0x00000000                __vectors_start__ = ABSOLUTE (.)
 *(SORT_BY_ALIGNMENT(.isr_vector))
 .isr_vector    0x00000000      0x1d0 ./startup/startup_mk66f18.o
                0x00000000                g_pfnVectors
                0x00000000                __Vectors
                0x000001d0                . = ALIGN (0x4)
                0x000001d0                __section_table_start = .
                0x000001d0                __data_section_table = .
                0x000001d0        0x4 LONG 0x4da0 LOADADDR (.data)
                0x000001d4        0x4 LONG 0x20000000 ADDR (.data)
                0x000001d8        0x4 LONG 0x18 SIZEOF (.data)
                0x000001dc        0x4 LONG 0x4da0 LOADADDR (.data_RAM2)
                0x000001e0        0x4 LONG 0x1fff0000 ADDR (.data_RAM2)
                0x000001e4        0x4 LONG 0x0 SIZEOF (.data_RAM2)
                0x000001e8        0x4 LONG 0x4da0 LOADADDR (.data_RAM3)
                0x000001ec        0x4 LONG 0x14000000 ADDR (.data_RAM3)
                0x000001f0        0x4 LONG 0x0 SIZEOF (.data_RAM3)
                0x000001f4                __data_section_table_end = .
                0x000001f4                __bss_section_table = .
                0x000001f4        0x4 LONG 0x20000018 ADDR (.bss)
                0x000001f8        0x4 LONG 0x110 SIZEOF (.bss)
                0x000001fc        0x4 LONG 0x1fff0000 ADDR (.bss_RAM2)
                0x00000200        0x4 LONG 0x0 SIZEOF (.bss_RAM2)
                0x00000204        0x4 LONG 0x14000000 ADDR (.bss_RAM3)
                0x00000208        0x4 LONG 0x0 SIZEOF (.bss_RAM3)
                0x0000020c                __bss_section_table_end = .
                0x0000020c                __section_table_end = .
 *(SORT_BY_ALIGNMENT(.after_vectors*))
 .after_vectors.reset
                0x0000020c       0x4c ./startup/startup_mk66f18.o
                0x0000020c                ResetISR
 .after_vectors.init_data
                0x00000258       0x1e ./startup/startup_mk66f18.o
                0x00000258                data_init
 .after_vectors.init_bss
                0x00000276       0x12 ./startup/startup_mk66f18.o
                0x00000276                bss_init
 .after_vectors
                0x00000288       0x14 ./startup/startup_mk66f18.o
                0x00000288                NMI_Handler
                0x0000028c                MemManage_Handler
                0x0000028e                BusFault_Handler
                0x00000290                UsageFault_Handler
                0x00000292                SVC_Handler
                0x00000294                DebugMon_Handler
                0x00000296                PendSV_Handler
                0x00000298                SysTick_Handler
                0x0000029a                DMA_Error_DriverIRQHandler
                0x0000029a                FTM1_DriverIRQHandler
                0x0000029a                FTM2_DriverIRQHandler
                0x0000029a                PIT2_DriverIRQHandler
                0x0000029a                TPM2_DriverIRQHandler
                0x0000029a                SDHC_DriverIRQHandler
                0x0000029a                DMA7_DMA23_DriverIRQHandler
                0x0000029a                I2C3_DriverIRQHandler
                0x0000029a                I2S0_Tx_DriverIRQHandler
                0x0000029a                TSI0_DriverIRQHandler
                0x0000029a                RTC_Seconds_DriverIRQHandler
                0x0000029a                CMP3_DriverIRQHandler
                0x0000029a                LLWU_DriverIRQHandler
                0x0000029a                MCM_DriverIRQHandler
                0x0000029a                DMA14_DMA30_DriverIRQHandler
                0x0000029a                MCG_DriverIRQHandler
                0x0000029a                ENET_1588_Timer_DriverIRQHandler
                0x0000029a                I2C2_DriverIRQHandler
                0x0000029a                DAC1_DriverIRQHandler
                0x0000029a                LPTMR0_DriverIRQHandler
                0x0000029a                CMP1_DriverIRQHandler
                0x0000029a                USBHSDCD_DriverIRQHandler
                0x0000029a                DMA0_DMA16_DriverIRQHandler
                0x0000029a                FTM0_DriverIRQHandler
                0x0000029a                IntDefaultHandler
                0x0000029a                USB0_DriverIRQHandler
                0x0000029a                PORTC_DriverIRQHandler
                0x0000029a                DMA2_DMA18_DriverIRQHandler
                0x0000029a                DAC0_DriverIRQHandler
                0x0000029a                CMP2_DriverIRQHandler
                0x0000029a                UART2_ERR_DriverIRQHandler
                0x0000029a                SPI2_DriverIRQHandler
                0x0000029a                LVD_LVW_DriverIRQHandler
                0x0000029a                Reserved84_DriverIRQHandler
                0x0000029a                SPI1_DriverIRQHandler
                0x0000029a                RNG_DriverIRQHandler
                0x0000029a                USBDCD_DriverIRQHandler
                0x0000029a                UART3_ERR_DriverIRQHandler
                0x0000029a                DMA12_DMA28_DriverIRQHandler
                0x0000029a                DMA10_DMA26_DriverIRQHandler
                0x0000029a                UART0_ERR_DriverIRQHandler
                0x0000029a                CMT_DriverIRQHandler
                0x0000029a                Reserved71_DriverIRQHandler
                0x0000029a                ADC1_DriverIRQHandler
                0x0000029a                PORTA_DriverIRQHandler
                0x0000029a                DMA1_DMA17_DriverIRQHandler
                0x0000029a                PIT3_DriverIRQHandler
                0x0000029a                PIT1_DriverIRQHandler
                0x0000029a                TPM1_DriverIRQHandler
                0x0000029a                WDOG_EWM_DriverIRQHandler
                0x0000029a                PDB0_DriverIRQHandler
                0x0000029a                DMA8_DMA24_DriverIRQHandler
                0x0000029a                DMA6_DMA22_DriverIRQHandler
                0x0000029a                RTC_DriverIRQHandler
                0x0000029a                I2S0_Rx_DriverIRQHandler
                0x0000029a                Read_Collision_DriverIRQHandler
                0x0000029a                SWI_DriverIRQHandler
                0x0000029a                UART4_ERR_DriverIRQHandler
                0x0000029a                PORTB_DriverIRQHandler
                0x0000029a                DMA13_DMA29_DriverIRQHandler
                0x0000029a                DMA11_DMA27_DriverIRQHandler
                0x0000029a                DMA4_DMA20_DriverIRQHandler
                0x0000029a                DMA9_DMA25_DriverIRQHandler
                0x0000029a                I2C1_DriverIRQHandler
                0x0000029a                ENET_Receive_DriverIRQHandler
                0x0000029a                DMA3_DMA19_DriverIRQHandler
                0x0000029a                ENET_Error_DriverIRQHandler
                0x0000029a                Reserved85_DriverIRQHandler
                0x0000029a                SPI0_DriverIRQHandler
                0x0000029a                ADC0_DriverIRQHandler
                0x0000029a                USBHS_DriverIRQHandler
                0x0000029a                CMP0_DriverIRQHandler
                0x0000029a                CAN0_DriverIRQHandler
                0x0000029a                FTM3_DriverIRQHandler
                0x0000029a                DMA5_DMA21_DriverIRQHandler
                0x0000029a                PIT0_DriverIRQHandler
                0x0000029a                DMA15_DMA31_DriverIRQHandler
                0x0000029a                UART1_ERR_DriverIRQHandler
                0x0000029a                ENET_Transmit_DriverIRQHandler
                0x0000029a                PORTD_DriverIRQHandler
                0x0000029a                Reserved46_DriverIRQHandler
                0x0000029a                PORTE_DriverIRQHandler
                0x0000029a                FTFE_DriverIRQHandler
                0x0000029a                I2C0_DriverIRQHandler
                0x0000029a                CAN1_DriverIRQHandler
                0x00000400                . = 0x400
 *fill*         0x0000029c      0x164 ff
                0x00000400                PROVIDE (__FLASH_CONFIG_START__ = .)
 *(SORT_BY_ALIGNMENT(.FlashConfig))
 .FlashConfig   0x00000400       0x10 ./startup/startup_mk66f18.o
                0x00000400                Flash_Config
                0x00000410                PROVIDE (__FLASH_CONFIG_END__ = .)
                0x00000001                ASSERT (! ((__FLASH_CONFIG_START__ == __FLASH_CONFIG_END__)), Linker Flash Config Support Enabled, but no .FlashConfig section provided within application)
 *(SORT_BY_ALIGNMENT(.text*))
 .text.DbgConsole_Init
                0x00000410      0x104 ./utilities/fsl_debug_console.o
                0x00000410                DbgConsole_Init
 .text.RTC_Seconds_IRQHandler
                0x00000514       0x18 ./source/lcd_demo.o
                0x00000514                RTC_Seconds_IRQHandler
 .text.main     0x0000052c      0x208 ./source/lcd_demo.o
                0x0000052c                main
 .text.CLOCK_SetEr32kClock
                0x00000734       0x30 ./drivers/fsl_clock.o
 .text.CLOCK_SetPllFllSelClock
                0x00000764       0x58 ./drivers/fsl_clock.o
 .text.CLOCK_GetMcgExtClkFreq
                0x000007bc       0x78 ./drivers/fsl_clock.o
 .text.CLOCK_GetFllExtRefClkFreq
                0x00000834       0xd0 ./drivers/fsl_clock.o
 .text.CLOCK_GetInternalRefClkSelectFreq
                0x00000904       0x44 ./drivers/fsl_clock.o
 .text.CLOCK_GetFllRefClkFreq
                0x00000948       0x2c ./drivers/fsl_clock.o
 .text.CLOCK_GetOscRangeFromFreq
                0x00000974       0x3c ./drivers/fsl_clock.o
 .text.CLOCK_GetCoreSysClkFreq
                0x000009b0       0x28 ./drivers/fsl_clock.o
                0x000009b0                CLOCK_GetCoreSysClkFreq
 .text.CLOCK_SetSimConfig
                0x000009d8       0x44 ./drivers/fsl_clock.o
                0x000009d8                CLOCK_SetSimConfig
 .text.CLOCK_GetOutClkFreq
                0x00000a1c       0x90 ./drivers/fsl_clock.o
                0x00000a1c                CLOCK_GetOutClkFreq
 .text.CLOCK_GetFllFreq
                0x00000aac       0x7c ./drivers/fsl_clock.o
                0x00000aac                CLOCK_GetFllFreq
 .text.CLOCK_GetPll0Freq
                0x00000b28       0x6c ./drivers/fsl_clock.o
                0x00000b28                CLOCK_GetPll0Freq
 .text.CLOCK_GetExtPllFreq
                0x00000b94       0x18 ./drivers/fsl_clock.o
                0x00000b94                CLOCK_GetExtPllFreq
 .text.CLOCK_SetExternalRefClkConfig
                0x00000bac       0x6c ./drivers/fsl_clock.o
                0x00000bac                CLOCK_SetExternalRefClkConfig
 .text.CLOCK_SetInternalRefClkConfig
                0x00000c18      0x104 ./drivers/fsl_clock.o
                0x00000c18                CLOCK_SetInternalRefClkConfig
 .text.CLOCK_EnablePll0
                0x00000d1c       0x84 ./drivers/fsl_clock.o
                0x00000d1c                CLOCK_EnablePll0
 .text.CLOCK_InitOsc0
                0x00000da0       0x8c ./drivers/fsl_clock.o
                0x00000da0                CLOCK_InitOsc0
 .text.CLOCK_SetPbeMode
                0x00000e2c       0xe8 ./drivers/fsl_clock.o
                0x00000e2c                CLOCK_SetPbeMode
 .text.CLOCK_BootToPeeMode
                0x00000f14       0x68 ./drivers/fsl_clock.o
                0x00000f14                CLOCK_BootToPeeMode
 .text.DAC_GetInstance
                0x00000f7c       0x4c ./drivers/fsl_dac.o
 .text.DAC_Init
                0x00000fc8       0x70 ./drivers/fsl_dac.o
                0x00000fc8                DAC_Init
 .text.DAC_SetBufferValue
                0x00001038       0x50 ./drivers/fsl_dac.o
                0x00001038                DAC_SetBufferValue
 .text.DAC_SetBufferReadPointer
                0x00001088       0x48 ./drivers/fsl_dac.o
                0x00001088                DAC_SetBufferReadPointer
 .text.GPIO_PinInit
                0x000010d0       0x68 ./drivers/fsl_gpio.o
                0x000010d0                GPIO_PinInit
 .text.LPUART0_DriverIRQHandler
                0x00001138       0x28 ./drivers/fsl_lpuart.o
                0x00001138                LPUART0_DriverIRQHandler
 .text.RTC_CheckDatetimeFormat
                0x00001160       0xe4 ./drivers/fsl_rtc.o
 .text.RTC_ConvertDatetimeToSeconds
                0x00001244       0xdc ./drivers/fsl_rtc.o
 .text.RTC_ConvertSecondsToDatetime
                0x00001320      0x158 ./drivers/fsl_rtc.o
 .text.RTC_Init
                0x00001478       0xa4 ./drivers/fsl_rtc.o
                0x00001478                RTC_Init
 .text.RTC_SetDatetime
                0x0000151c       0x48 ./drivers/fsl_rtc.o
                0x0000151c                RTC_SetDatetime
 .text.RTC_GetDatetime
                0x00001564       0x34 ./drivers/fsl_rtc.o
                0x00001564                RTC_GetDatetime
 .text.UART_GetInstance
                0x00001598       0x54 ./drivers/fsl_uart.o
                0x00001598                UART_GetInstance
 .text.UART_Init
                0x000015ec      0x2d8 ./drivers/fsl_uart.o
                0x000015ec                UART_Init
 .text.UART_GetDefaultConfig
                0x000018c4       0x68 ./drivers/fsl_uart.o
                0x000018c4                UART_GetDefaultConfig
 .text.UART0_DriverIRQHandler
                0x0000192c       0x28 ./drivers/fsl_uart.o
                0x0000192c                UART0_DriverIRQHandler
 .text.UART1_DriverIRQHandler
                0x00001954       0x28 ./drivers/fsl_uart.o
                0x00001954                UART1_DriverIRQHandler
 .text.UART2_DriverIRQHandler
                0x0000197c       0x28 ./drivers/fsl_uart.o
                0x0000197c                UART2_DriverIRQHandler
 .text.UART3_DriverIRQHandler
                0x000019a4       0x28 ./drivers/fsl_uart.o
                0x000019a4                UART3_DriverIRQHandler
 .text.UART4_DriverIRQHandler
                0x000019cc       0x28 ./drivers/fsl_uart.o
                0x000019cc                UART4_DriverIRQHandler
 .text.__NVIC_SetPriority
                0x000019f4       0x54 ./drivers/lcd.o
 .text.LCD_SetDelay
                0x00001a48       0x4c ./drivers/lcd.o
 .text.LCD_Delay
                0x00001a94       0x2c ./drivers/lcd.o
 .text.LCD_4BitsInit
                0x00001ac0       0x7c ./drivers/lcd.o
                0x00001ac0                LCD_4BitsInit
 .text.LCD_SendData
                0x00001b3c      0x124 ./drivers/lcd.o
                0x00001b3c                LCD_SendData
 .text.SystemInit
                0x00001c60       0x3c ./device/system_MK66F18.o
                0x00001c60                SystemInit
 .text.HAL_UartInit
                0x00001c9c      0x108 ./component/uart/uart_adapter.o
                0x00001c9c                HAL_UartInit
 .text.SerialManager_Init
                0x00001da4       0x74 ./component/serial_manager/serial_manager.o
                0x00001da4                SerialManager_Init
 .text.SerialManager_OpenWriteHandle
                0x00001e18       0x58 ./component/serial_manager/serial_manager.o
                0x00001e18                SerialManager_OpenWriteHandle
 .text.SerialManager_OpenReadHandle
                0x00001e70       0x60 ./component/serial_manager/serial_manager.o
                0x00001e70                SerialManager_OpenReadHandle
 .text.Serial_UartInit
                0x00001ed0       0x80 ./component/serial_manager/serial_port_uart.o
                0x00001ed0                Serial_UartInit
 .text.CLOCK_SetSimSafeDivs
                0x00001f50       0x24 ./board/clock_config.o
 .text.CLOCK_SetXtal0Freq
                0x00001f74       0x20 ./board/clock_config.o
 .text.CLOCK_SetXtal32Freq
                0x00001f94       0x20 ./board/clock_config.o
 .text.CLOCK_CONFIG_SetRtcClock
                0x00001fb4       0x84 ./board/clock_config.o
 .text.CLOCK_CONFIG_SetFllExtRefDiv
                0x00002038       0x3c ./board/clock_config.o
 .text.BOARD_BootClockRUN
                0x00002074       0x68 ./board/clock_config.o
                0x00002074                BOARD_BootClockRUN
 .text.__NVIC_EnableIRQ
                0x000020dc       0x3c ./board/peripherals.o
 .text.__NVIC_SetPriority
                0x00002118       0x54 ./board/peripherals.o
 .text.RTC_1_init
                0x0000216c       0x48 ./board/peripherals.o
                0x0000216c                RTC_1_init
 .text.DAC_1_init
                0x000021b4       0x34 ./board/peripherals.o
                0x000021b4                DAC_1_init
 .text.BOARD_InitPins
                0x000021e8      0x13c ./board/pin_mux.o
                0x000021e8                BOARD_InitPins
 .text.__assertion_failed
                0x00002324       0x4c c:/nxp/mcuxpressoide_11.0.0_2516/ide/plugins/com.nxp.mcuxpresso.tools.win32_11.0.0.201905131304/tools/bin/../lib/gcc/arm-none-eabi/8.2.1/../../../../arm-none-eabi/lib/thumb/v7e-m+fp/hard\libcr_semihost_nf.a(_cr_assert.o)
                0x00002324                __assertion_failed
 .text.__sys_appexit
                0x00002370        0xc c:/nxp/mcuxpressoide_11.0.0_2516/ide/plugins/com.nxp.mcuxpresso.tools.win32_11.0.0.201905131304/tools/bin/../lib/gcc/arm-none-eabi/8.2.1/../../../../arm-none-eabi/lib/thumb/v7e-m+fp/hard\libcr_semihost_nf.a(__sys_appexit.o)
                0x00002370                __sys_appexit
                0x00002370                __exit
 .text._Cwritebuf
                0x0000237c       0x6c c:/nxp/mcuxpressoide_11.0.0_2516/ide/plugins/com.nxp.mcuxpresso.tools.win32_11.0.0.201905131304/tools/bin/../lib/gcc/arm-none-eabi/8.2.1/../../../../arm-none-eabi/lib/thumb/v7e-m+fp/hard\libcr_c.a(_writebuf.o)
                0x0000237c                _Cwritebuf
 .text.malloc   0x000023e8       0xc8 c:/nxp/mcuxpressoide_11.0.0_2516/ide/plugins/com.nxp.mcuxpresso.tools.win32_11.0.0.201905131304/tools/bin/../lib/gcc/arm-none-eabi/8.2.1/../../../../arm-none-eabi/lib/thumb/v7e-m+fp/hard\libcr_c.a(alloc.o)
                0x000023e8                malloc
 .text._Csys_alloc
                0x000024b0       0x20 c:/nxp/mcuxpressoide_11.0.0_2516/ide/plugins/com.nxp.mcuxpresso.tools.win32_11.0.0.201905131304/tools/bin/../lib/gcc/arm-none-eabi/8.2.1/../../../../arm-none-eabi/lib/thumb/v7e-m+fp/hard\libcr_c.a(alloc.o)
                0x000024b0                _Csys_alloc
 .text.fseek    0x000024d0      0x100 c:/nxp/mcuxpressoide_11.0.0_2516/ide/plugins/com.nxp.mcuxpresso.tools.win32_11.0.0.201905131304/tools/bin/../lib/gcc/arm-none-eabi/8.2.1/../../../../arm-none-eabi/lib/thumb/v7e-m+fp/hard\libcr_c.a(fseek.o)
                0x000024d0                fseek
 .text.ftell    0x000025d0       0x48 c:/nxp/mcuxpressoide_11.0.0_2516/ide/plugins/com.nxp.mcuxpresso.tools.win32_11.0.0.201905131304/tools/bin/../lib/gcc/arm-none-eabi/8.2.1/../../../../arm-none-eabi/lib/thumb/v7e-m+fp/hard\libcr_c.a(ftell.o)
                0x000025d0                ftell
 .text._initio  0x00002618       0x78 c:/nxp/mcuxpressoide_11.0.0_2516/ide/plugins/com.nxp.mcuxpresso.tools.win32_11.0.0.201905131304/tools/bin/../lib/gcc/arm-none-eabi/8.2.1/../../../../arm-none-eabi/lib/thumb/v7e-m+fp/hard\libcr_c.a(initio.o)
                0x00002618                _initio
 .text.setvbuf  0x00002690       0x40 c:/nxp/mcuxpressoide_11.0.0_2516/ide/plugins/com.nxp.mcuxpresso.tools.win32_11.0.0.201905131304/tools/bin/../lib/gcc/arm-none-eabi/8.2.1/../../../../arm-none-eabi/lib/thumb/v7e-m+fp/hard\libcr_c.a(setvbuf.o)
                0x00002690                setvbuf
 .text._sbrk    0x000026d0       0x3c c:/nxp/mcuxpressoide_11.0.0_2516/ide/plugins/com.nxp.mcuxpresso.tools.win32_11.0.0.201905131304/tools/bin/../lib/gcc/arm-none-eabi/8.2.1/../../../../arm-none-eabi/lib/thumb/v7e-m+fp/hard\libcr_c.a(_cr_sbrk.o)
                0x000026d0                _sbrk
 .text.fflush   0x0000270c       0x44 c:/nxp/mcuxpressoide_11.0.0_2516/ide/plugins/com.nxp.mcuxpresso.tools.win32_11.0.0.201905131304/tools/bin/../lib/gcc/arm-none-eabi/8.2.1/../../../../arm-none-eabi/lib/thumb/v7e-m+fp/hard\libcr_c.a(fflush.o)
                0x0000270c                fflush
 .text.__check_heap_overflow
                0x00002750       0x18 c:/nxp/mcuxpressoide_11.0.0_2516/ide/plugins/com.nxp.mcuxpresso.tools.win32_11.0.0.201905131304/tools/bin/../lib/gcc/arm-none-eabi/8.2.1/../../../../arm-none-eabi/lib/thumb/v7e-m+fp/hard\libcr_c.a(_cr_check_heap.o)
                0x00002750                __check_heap_overflow
 .text.DMA0_DMA16_IRQHandler
                0x00002768        0x8 ./startup/startup_mk66f18.o
                0x00002768                DMA0_DMA16_IRQHandler
 .text.DMA1_DMA17_IRQHandler
                0x00002770        0x8 ./startup/startup_mk66f18.o
                0x00002770                DMA1_DMA17_IRQHandler
 .text.DMA2_DMA18_IRQHandler
                0x00002778        0x8 ./startup/startup_mk66f18.o
                0x00002778                DMA2_DMA18_IRQHandler
 .text.DMA3_DMA19_IRQHandler
                0x00002780        0x8 ./startup/startup_mk66f18.o
                0x00002780                DMA3_DMA19_IRQHandler
 .text.DMA4_DMA20_IRQHandler
                0x00002788        0x8 ./startup/startup_mk66f18.o
                0x00002788                DMA4_DMA20_IRQHandler
 .text.DMA5_DMA21_IRQHandler
                0x00002790        0x8 ./startup/startup_mk66f18.o
                0x00002790                DMA5_DMA21_IRQHandler
 .text.DMA6_DMA22_IRQHandler
                0x00002798        0x8 ./startup/startup_mk66f18.o
                0x00002798                DMA6_DMA22_IRQHandler
 .text.DMA7_DMA23_IRQHandler
                0x000027a0        0x8 ./startup/startup_mk66f18.o
                0x000027a0                DMA7_DMA23_IRQHandler
 .text.DMA8_DMA24_IRQHandler
                0x000027a8        0x8 ./startup/startup_mk66f18.o
                0x000027a8                DMA8_DMA24_IRQHandler
 .text.DMA9_DMA25_IRQHandler
                0x000027b0        0x8 ./startup/startup_mk66f18.o
                0x000027b0                DMA9_DMA25_IRQHandler
 .text.DMA10_DMA26_IRQHandler
                0x000027b8        0x8 ./startup/startup_mk66f18.o
                0x000027b8                DMA10_DMA26_IRQHandler
 .text.DMA11_DMA27_IRQHandler
                0x000027c0        0x8 ./startup/startup_mk66f18.o
                0x000027c0                DMA11_DMA27_IRQHandler
 .text.DMA12_DMA28_IRQHandler
                0x000027c8        0x8 ./startup/startup_mk66f18.o
                0x000027c8                DMA12_DMA28_IRQHandler
 .text.DMA13_DMA29_IRQHandler
                0x000027d0        0x8 ./startup/startup_mk66f18.o
                0x000027d0                DMA13_DMA29_IRQHandler
 .text.DMA14_DMA30_IRQHandler
                0x000027d8        0x8 ./startup/startup_mk66f18.o
                0x000027d8                DMA14_DMA30_IRQHandler
 .text.DMA15_DMA31_IRQHandler
                0x000027e0        0x8 ./startup/startup_mk66f18.o
                0x000027e0                DMA15_DMA31_IRQHandler
 .text.DMA_Error_IRQHandler
                0x000027e8        0x8 ./startup/startup_mk66f18.o
                0x000027e8                DMA_Error_IRQHandler
 .text.MCM_IRQHandler
                0x000027f0        0x8 ./startup/startup_mk66f18.o
                0x000027f0                MCM_IRQHandler
 .text.FTFE_IRQHandler
                0x000027f8        0x8 ./startup/startup_mk66f18.o
                0x000027f8                FTFE_IRQHandler
 .text.Read_Collision_IRQHandler
                0x00002800        0x8 ./startup/startup_mk66f18.o
                0x00002800                Read_Collision_IRQHandler
 .text.LVD_LVW_IRQHandler
                0x00002808        0x8 ./startup/startup_mk66f18.o
                0x00002808                LVD_LVW_IRQHandler
 .text.LLWU_IRQHandler
                0x00002810        0x8 ./startup/startup_mk66f18.o
                0x00002810                LLWU_IRQHandler
 .text.WDOG_EWM_IRQHandler
                0x00002818        0x8 ./startup/startup_mk66f18.o
                0x00002818                WDOG_EWM_IRQHandler
 .text.RNG_IRQHandler
                0x00002820        0x8 ./startup/startup_mk66f18.o
                0x00002820                RNG_IRQHandler
 .text.I2C0_IRQHandler
                0x00002828        0x8 ./startup/startup_mk66f18.o
                0x00002828                I2C0_IRQHandler
 .text.I2C1_IRQHandler
                0x00002830        0x8 ./startup/startup_mk66f18.o
                0x00002830                I2C1_IRQHandler
 .text.SPI0_IRQHandler
                0x00002838        0x8 ./startup/startup_mk66f18.o
                0x00002838                SPI0_IRQHandler
 .text.SPI1_IRQHandler
                0x00002840        0x8 ./startup/startup_mk66f18.o
                0x00002840                SPI1_IRQHandler
 .text.I2S0_Tx_IRQHandler
                0x00002848        0x8 ./startup/startup_mk66f18.o
                0x00002848                I2S0_Tx_IRQHandler
 .text.I2S0_Rx_IRQHandler
                0x00002850        0x8 ./startup/startup_mk66f18.o
                0x00002850                I2S0_Rx_IRQHandler
 .text.Reserved46_IRQHandler
                0x00002858        0x8 ./startup/startup_mk66f18.o
                0x00002858                Reserved46_IRQHandler
 .text.UART0_RX_TX_IRQHandler
                0x00002860        0x8 ./startup/startup_mk66f18.o
                0x00002860                UART0_RX_TX_IRQHandler
 .text.UART0_ERR_IRQHandler
                0x00002868        0x8 ./startup/startup_mk66f18.o
                0x00002868                UART0_ERR_IRQHandler
 .text.UART1_RX_TX_IRQHandler
                0x00002870        0x8 ./startup/startup_mk66f18.o
                0x00002870                UART1_RX_TX_IRQHandler
 .text.UART1_ERR_IRQHandler
                0x00002878        0x8 ./startup/startup_mk66f18.o
                0x00002878                UART1_ERR_IRQHandler
 .text.UART2_RX_TX_IRQHandler
                0x00002880        0x8 ./startup/startup_mk66f18.o
                0x00002880                UART2_RX_TX_IRQHandler
 .text.UART2_ERR_IRQHandler
                0x00002888        0x8 ./startup/startup_mk66f18.o
                0x00002888                UART2_ERR_IRQHandler
 .text.UART3_RX_TX_IRQHandler
                0x00002890        0x8 ./startup/startup_mk66f18.o
                0x00002890                UART3_RX_TX_IRQHandler
 .text.UART3_ERR_IRQHandler
                0x00002898        0x8 ./startup/startup_mk66f18.o
                0x00002898                UART3_ERR_IRQHandler
 .text.ADC0_IRQHandler
                0x000028a0        0x8 ./startup/startup_mk66f18.o
                0x000028a0                ADC0_IRQHandler
 .text.CMP0_IRQHandler
                0x000028a8        0x8 ./startup/startup_mk66f18.o
                0x000028a8                CMP0_IRQHandler
 .text.CMP1_IRQHandler
                0x000028b0        0x8 ./startup/startup_mk66f18.o
                0x000028b0                CMP1_IRQHandler
 .text.FTM0_IRQHandler
                0x000028b8        0x8 ./startup/startup_mk66f18.o
                0x000028b8                FTM0_IRQHandler
 .text.FTM1_IRQHandler
                0x000028c0        0x8 ./startup/startup_mk66f18.o
                0x000028c0                FTM1_IRQHandler
 .text.FTM2_IRQHandler
                0x000028c8        0x8 ./startup/startup_mk66f18.o
                0x000028c8                FTM2_IRQHandler
 .text.CMT_IRQHandler
                0x000028d0        0x8 ./startup/startup_mk66f18.o
                0x000028d0                CMT_IRQHandler
 .text.RTC_IRQHandler
                0x000028d8        0x8 ./startup/startup_mk66f18.o
                0x000028d8                RTC_IRQHandler
 .text.PIT0_IRQHandler
                0x000028e0        0x8 ./startup/startup_mk66f18.o
                0x000028e0                PIT0_IRQHandler
 .text.PIT1_IRQHandler
                0x000028e8        0x8 ./startup/startup_mk66f18.o
                0x000028e8                PIT1_IRQHandler
 .text.PIT2_IRQHandler
                0x000028f0        0x8 ./startup/startup_mk66f18.o
                0x000028f0                PIT2_IRQHandler
 .text.PIT3_IRQHandler
                0x000028f8        0x8 ./startup/startup_mk66f18.o
                0x000028f8                PIT3_IRQHandler
 .text.PDB0_IRQHandler
                0x00002900        0x8 ./startup/startup_mk66f18.o
                0x00002900                PDB0_IRQHandler
 .text.USB0_IRQHandler
                0x00002908        0x8 ./startup/startup_mk66f18.o
                0x00002908                USB0_IRQHandler
 .text.USBDCD_IRQHandler
                0x00002910        0x8 ./startup/startup_mk66f18.o
                0x00002910                USBDCD_IRQHandler
 .text.Reserved71_IRQHandler
                0x00002918        0x8 ./startup/startup_mk66f18.o
                0x00002918                Reserved71_IRQHandler
 .text.DAC0_IRQHandler
                0x00002920        0x8 ./startup/startup_mk66f18.o
                0x00002920                DAC0_IRQHandler
 .text.MCG_IRQHandler
                0x00002928        0x8 ./startup/startup_mk66f18.o
                0x00002928                MCG_IRQHandler
 .text.LPTMR0_IRQHandler
                0x00002930        0x8 ./startup/startup_mk66f18.o
                0x00002930                LPTMR0_IRQHandler
 .text.PORTA_IRQHandler
                0x00002938        0x8 ./startup/startup_mk66f18.o
                0x00002938                PORTA_IRQHandler
 .text.PORTB_IRQHandler
                0x00002940        0x8 ./startup/startup_mk66f18.o
                0x00002940                PORTB_IRQHandler
 .text.PORTC_IRQHandler
                0x00002948        0x8 ./startup/startup_mk66f18.o
                0x00002948                PORTC_IRQHandler
 .text.PORTD_IRQHandler
                0x00002950        0x8 ./startup/startup_mk66f18.o
                0x00002950                PORTD_IRQHandler
 .text.PORTE_IRQHandler
                0x00002958        0x8 ./startup/startup_mk66f18.o
                0x00002958                PORTE_IRQHandler
 .text.SWI_IRQHandler
                0x00002960        0x8 ./startup/startup_mk66f18.o
                0x00002960                SWI_IRQHandler
 .text.SPI2_IRQHandler
                0x00002968        0x8 ./startup/startup_mk66f18.o
                0x00002968                SPI2_IRQHandler
 .text.UART4_RX_TX_IRQHandler
                0x00002970        0x8 ./startup/startup_mk66f18.o
                0x00002970                UART4_RX_TX_IRQHandler
 .text.UART4_ERR_IRQHandler
                0x00002978        0x8 ./startup/startup_mk66f18.o
                0x00002978                UART4_ERR_IRQHandler
 .text.Reserved84_IRQHandler
                0x00002980        0x8 ./startup/startup_mk66f18.o
                0x00002980                Reserved84_IRQHandler
 .text.Reserved85_IRQHandler
                0x00002988        0x8 ./startup/startup_mk66f18.o
                0x00002988                Reserved85_IRQHandler
 .text.CMP2_IRQHandler
                0x00002990        0x8 ./startup/startup_mk66f18.o
                0x00002990                CMP2_IRQHandler
 .text.FTM3_IRQHandler
                0x00002998        0x8 ./startup/startup_mk66f18.o
                0x00002998                FTM3_IRQHandler
 .text.DAC1_IRQHandler
                0x000029a0        0x8 ./startup/startup_mk66f18.o
                0x000029a0                DAC1_IRQHandler
 .text.ADC1_IRQHandler
                0x000029a8        0x8 ./startup/startup_mk66f18.o
                0x000029a8                ADC1_IRQHandler
 .text.I2C2_IRQHandler
                0x000029b0        0x8 ./startup/startup_mk66f18.o
                0x000029b0                I2C2_IRQHandler
 .text.CAN0_ORed_Message_buffer_IRQHandler
                0x000029b8        0x8 ./startup/startup_mk66f18.o
                0x000029b8                CAN0_ORed_Message_buffer_IRQHandler
 .text.CAN0_Bus_Off_IRQHandler
                0x000029c0        0x8 ./startup/startup_mk66f18.o
                0x000029c0                CAN0_Bus_Off_IRQHandler
 .text.CAN0_Error_IRQHandler
                0x000029c8        0x8 ./startup/startup_mk66f18.o
                0x000029c8                CAN0_Error_IRQHandler
 .text.CAN0_Tx_Warning_IRQHandler
                0x000029d0        0x8 ./startup/startup_mk66f18.o
                0x000029d0                CAN0_Tx_Warning_IRQHandler
 .text.CAN0_Rx_Warning_IRQHandler
                0x000029d8        0x8 ./startup/startup_mk66f18.o
                0x000029d8                CAN0_Rx_Warning_IRQHandler
 .text.CAN0_Wake_Up_IRQHandler
                0x000029e0        0x8 ./startup/startup_mk66f18.o
                0x000029e0                CAN0_Wake_Up_IRQHandler
 .text.SDHC_IRQHandler
                0x000029e8        0x8 ./startup/startup_mk66f18.o
                0x000029e8                SDHC_IRQHandler
 .text.ENET_1588_Timer_IRQHandler
                0x000029f0        0x8 ./startup/startup_mk66f18.o
                0x000029f0                ENET_1588_Timer_IRQHandler
 .text.ENET_Transmit_IRQHandler
                0x000029f8        0x8 ./startup/startup_mk66f18.o
                0x000029f8                ENET_Transmit_IRQHandler
 .text.ENET_Receive_IRQHandler
                0x00002a00        0x8 ./startup/startup_mk66f18.o
                0x00002a00                ENET_Receive_IRQHandler
 .text.ENET_Error_IRQHandler
                0x00002a08        0x8 ./startup/startup_mk66f18.o
                0x00002a08                ENET_Error_IRQHandler
 .text.LPUART0_IRQHandler
                0x00002a10        0x8 ./startup/startup_mk66f18.o
                0x00002a10                LPUART0_IRQHandler
 .text.TSI0_IRQHandler
                0x00002a18        0x8 ./startup/startup_mk66f18.o
                0x00002a18                TSI0_IRQHandler
 .text.TPM1_IRQHandler
                0x00002a20        0x8 ./startup/startup_mk66f18.o
                0x00002a20                TPM1_IRQHandler
 .text.TPM2_IRQHandler
                0x00002a28        0x8 ./startup/startup_mk66f18.o
                0x00002a28                TPM2_IRQHandler
 .text.USBHSDCD_IRQHandler
                0x00002a30        0x8 ./startup/startup_mk66f18.o
                0x00002a30                USBHSDCD_IRQHandler
 .text.I2C3_IRQHandler
                0x00002a38        0x8 ./startup/startup_mk66f18.o
                0x00002a38                I2C3_IRQHandler
 .text.CMP3_IRQHandler
                0x00002a40        0x8 ./startup/startup_mk66f18.o
                0x00002a40                CMP3_IRQHandler
 .text.USBHS_IRQHandler
                0x00002a48        0x8 ./startup/startup_mk66f18.o
                0x00002a48                USBHS_IRQHandler
 .text.CAN1_ORed_Message_buffer_IRQHandler
                0x00002a50        0x8 ./startup/startup_mk66f18.o
                0x00002a50                CAN1_ORed_Message_buffer_IRQHandler
 .text.CAN1_Bus_Off_IRQHandler
                0x00002a58        0x8 ./startup/startup_mk66f18.o
                0x00002a58                CAN1_Bus_Off_IRQHandler
 .text.CAN1_Error_IRQHandler
                0x00002a60        0x8 ./startup/startup_mk66f18.o
                0x00002a60                CAN1_Error_IRQHandler
 .text.CAN1_Tx_Warning_IRQHandler
                0x00002a68        0x8 ./startup/startup_mk66f18.o
                0x00002a68                CAN1_Tx_Warning_IRQHandler
 .text.CAN1_Rx_Warning_IRQHandler
                0x00002a70        0x8 ./startup/startup_mk66f18.o
                0x00002a70                CAN1_Rx_Warning_IRQHandler
 .text.CAN1_Wake_Up_IRQHandler
                0x00002a78        0x8 ./startup/startup_mk66f18.o
                0x00002a78                CAN1_Wake_Up_IRQHandler
 .text.HardFault_Handler
                0x00002a80       0x2c ./source/semihost_hardfault.o
                0x00002a80                HardFault_Handler
 .text.OSC_SetExtRefClkConfig
                0x00002aac       0x40 ./drivers/fsl_clock.o
 .text.OSC_SetCapLoad
                0x00002aec       0x34 ./drivers/fsl_clock.o
 .text.CLOCK_GetPll0RefFreq
                0x00002b20        0xe ./drivers/fsl_clock.o
 .text.CLOCK_EnableClock
                0x00002b2e       0x34 ./drivers/fsl_dac.o
 .text.GPIO_PinWrite
                0x00002b62       0x3a ./drivers/fsl_gpio.o
 .text.CLOCK_EnableClock
                0x00002b9c       0x34 ./drivers/fsl_rtc.o
 .text.RTC_Reset
                0x00002bd0       0x32 ./drivers/fsl_rtc.o
 .text.RTC_EnableInterrupts
                0x00002c02       0x80 ./drivers/fsl_rtc.o
                0x00002c02                RTC_EnableInterrupts
 .text.RTC_GetStatusFlags
                0x00002c82       0x6a ./drivers/fsl_rtc.o
                0x00002c82                RTC_GetStatusFlags
 .text.CLOCK_EnableClock
                0x00002cec       0x34 ./drivers/fsl_uart.o
 .text.UART0_RX_TX_DriverIRQHandler
                0x00002d20       0x10 ./drivers/fsl_uart.o
                0x00002d20                UART0_RX_TX_DriverIRQHandler
 .text.UART1_RX_TX_DriverIRQHandler
                0x00002d30       0x10 ./drivers/fsl_uart.o
                0x00002d30                UART1_RX_TX_DriverIRQHandler
 .text.UART2_RX_TX_DriverIRQHandler
                0x00002d40       0x10 ./drivers/fsl_uart.o
                0x00002d40                UART2_RX_TX_DriverIRQHandler
 .text.UART3_RX_TX_DriverIRQHandler
                0x00002d50       0x10 ./drivers/fsl_uart.o
                0x00002d50                UART3_RX_TX_DriverIRQHandler
 .text.UART4_RX_TX_DriverIRQHandler
                0x00002d60       0x10 ./drivers/fsl_uart.o
                0x00002d60                UART4_RX_TX_DriverIRQHandler
 .text.GPIO_PinWrite
                0x00002d70       0x3a ./drivers/lcd.o
 .text.LCD_SendCommand
                0x00002daa       0x1c ./drivers/lcd.o
                0x00002daa                LCD_SendCommand
 .text.LCD_PutChar
                0x00002dc6       0x1c ./drivers/lcd.o
                0x00002dc6                LCD_PutChar
 .text.LCD_Print
                0x00002de2       0x3c ./drivers/lcd.o
                0x00002de2                LCD_Print
 .text.LCD_Clear
                0x00002e1e        0xe ./drivers/lcd.o
                0x00002e1e                LCD_Clear
 .text.LCD_SetPosition
                0x00002e2c       0x56 ./drivers/lcd.o
                0x00002e2c                LCD_SetPosition
 .text.SystemInitHook
                0x00002e82        0xe ./device/system_MK66F18.o
                0x00002e82                SystemInitHook
 .text.HAL_UartGetStatus
                0x00002e90       0x22 ./component/uart/uart_adapter.o
 .text.BOARD_InitDebugConsole
                0x00002eb2       0x22 ./board/board.o
                0x00002eb2                BOARD_InitDebugConsole
 .text.CLOCK_EnableClock
                0x00002ed4       0x34 ./board/clock_config.o
 .text.CLOCK_DisableClock
                0x00002f08       0x38 ./board/clock_config.o
 .text.RTC_SetOscCapLoad
                0x00002f40       0x32 ./board/clock_config.o
 .text.EnableIRQ
                0x00002f72       0x2c ./board/peripherals.o
 .text.RTC_StartTimer
                0x00002f9e       0x20 ./board/peripherals.o
 .text.RTC_StopTimer
                0x00002fbe       0x20 ./board/peripherals.o
 .text.DAC_Enable
                0x00002fde       0x48 ./board/peripherals.o
 .text.BOARD_InitPeripherals
                0x00003026       0x10 ./board/peripherals.o
                0x00003026                BOARD_InitPeripherals
 .text.BOARD_InitBootPeripherals
                0x00003036        0xc ./board/peripherals.o
                0x00003036                BOARD_InitBootPeripherals
 .text.CLOCK_EnableClock
                0x00003042       0x34 ./board/pin_mux.o
 .text.PORT_SetPinMux
                0x00003076       0x3a ./board/pin_mux.o
 .text.__main   0x000030b0        0xe c:/nxp/mcuxpressoide_11.0.0_2516/ide/plugins/com.nxp.mcuxpresso.tools.win32_11.0.0.201905131304/tools/bin/../lib/gcc/arm-none-eabi/8.2.1/../../../../arm-none-eabi/lib/thumb/v7e-m+fp/hard\libcr_semihost_nf.a(_cr__main.o)
                0x000030b0                __CR_SEMIHOST
                0x000030b0                __main
 .text.memset   0x000030be        0x4 c:/nxp/mcuxpressoide_11.0.0_2516/ide/plugins/com.nxp.mcuxpresso.tools.win32_11.0.0.201905131304/tools/bin/../lib/gcc/arm-none-eabi/8.2.1/../../../../arm-none-eabi/lib/thumb/v7e-m+fp/hard\libcr_c.a(memset.o)
                0x000030be                memset
 .text._deferredlazyseek
                0x000030c2       0x40 c:/nxp/mcuxpressoide_11.0.0_2516/ide/plugins/com.nxp.mcuxpresso.tools.win32_11.0.0.201905131304/tools/bin/../lib/gcc/arm-none-eabi/8.2.1/../../../../arm-none-eabi/lib/thumb/v7e-m+fp/hard\libcr_c.a(_deferredlazyseek.o)
                0x000030c2                _deferredlazyseek
 .text.__flsbuf
                0x00003102      0x140 c:/nxp/mcuxpressoide_11.0.0_2516/ide/plugins/com.nxp.mcuxpresso.tools.win32_11.0.0.201905131304/tools/bin/../lib/gcc/arm-none-eabi/8.2.1/../../../../arm-none-eabi/lib/thumb/v7e-m+fp/hard\libcr_c.a(_deferredlazyseek.o)
                0x00003102                __flsbuf
 .text._fflush  0x00003242       0x52 c:/nxp/mcuxpressoide_11.0.0_2516/ide/plugins/com.nxp.mcuxpresso.tools.win32_11.0.0.201905131304/tools/bin/../lib/gcc/arm-none-eabi/8.2.1/../../../../arm-none-eabi/lib/thumb/v7e-m+fp/hard\libcr_c.a(_fflush.o)
                0x00003242                _fflush
 .text.free     0x00003294       0x30 c:/nxp/mcuxpressoide_11.0.0_2516/ide/plugins/com.nxp.mcuxpresso.tools.win32_11.0.0.201905131304/tools/bin/../lib/gcc/arm-none-eabi/8.2.1/../../../../arm-none-eabi/lib/thumb/v7e-m+fp/hard\libcr_c.a(alloc.o)
                0x00003294                free
 .text.fputs    0x000032c4       0x2c c:/nxp/mcuxpressoide_11.0.0_2516/ide/plugins/com.nxp.mcuxpresso.tools.win32_11.0.0.201905131304/tools/bin/../lib/gcc/arm-none-eabi/8.2.1/../../../../arm-none-eabi/lib/thumb/v7e-m+fp/hard\libcr_c.a(fputs.o)
                0x000032c4                fputs
 .text.strlen   0x000032f0       0x4c c:/nxp/mcuxpressoide_11.0.0_2516/ide/plugins/com.nxp.mcuxpresso.tools.win32_11.0.0.201905131304/tools/bin/../lib/gcc/arm-none-eabi/8.2.1/../../../../arm-none-eabi/lib/thumb/v7e-m+fp/hard\libcr_c.a(strlen.o)
                0x000032f0                strlen
 .text._fdopen  0x0000333c       0x68 c:/nxp/mcuxpressoide_11.0.0_2516/ide/plugins/com.nxp.mcuxpresso.tools.win32_11.0.0.201905131304/tools/bin/../lib/gcc/arm-none-eabi/8.2.1/../../../../arm-none-eabi/lib/thumb/v7e-m+fp/hard\libcr_c.a(_fdopen.o)
                0x0000333c                _fdopen
 .text.fclose   0x000033a4       0x58 c:/nxp/mcuxpressoide_11.0.0_2516/ide/plugins/com.nxp.mcuxpresso.tools.win32_11.0.0.201905131304/tools/bin/../lib/gcc/arm-none-eabi/8.2.1/../../../../arm-none-eabi/lib/thumb/v7e-m+fp/hard\libcr_c.a(fclose.o)
                0x000033a4                fclose
 .text.remove   0x000033fc       0x14 c:/nxp/mcuxpressoide_11.0.0_2516/ide/plugins/com.nxp.mcuxpresso.tools.win32_11.0.0.201905131304/tools/bin/../lib/gcc/arm-none-eabi/8.2.1/../../../../arm-none-eabi/lib/thumb/v7e-m+fp/hard\libcr_c.a(remove.o)
                0x000033fc                remove
 .text._do_fflush
                0x00003410       0x40 c:/nxp/mcuxpressoide_11.0.0_2516/ide/plugins/com.nxp.mcuxpresso.tools.win32_11.0.0.201905131304/tools/bin/../lib/gcc/arm-none-eabi/8.2.1/../../../../arm-none-eabi/lib/thumb/v7e-m+fp/hard\libcr_c.a(_do_fflush.o)
                0x00003410                _do_fflush
 .text.__aeabi_memset_lowlevel
                0x00003450       0x32 c:/nxp/mcuxpressoide_11.0.0_2516/ide/plugins/com.nxp.mcuxpresso.tools.win32_11.0.0.201905131304/tools/bin/../lib/gcc/arm-none-eabi/8.2.1/thumb/v7e-m+fp/hard\libcr_eabihelpers.a(memcpy.o)
                0x00003450                __aeabi_lowlevel_memset
 .text.__sys_close
                0x00003482        0xc c:/nxp/mcuxpressoide_11.0.0_2516/ide/plugins/com.nxp.mcuxpresso.tools.win32_11.0.0.201905131304/tools/bin/../lib/gcc/arm-none-eabi/8.2.1/../../../../arm-none-eabi/lib/thumb/v7e-m+fp/hard\libcr_semihost_nf.a(__sys_close.o)
                0x00003482                __sys_close
 .text.__sys_flen
                0x0000348e        0xc c:/nxp/mcuxpressoide_11.0.0_2516/ide/plugins/com.nxp.mcuxpresso.tools.win32_11.0.0.201905131304/tools/bin/../lib/gcc/arm-none-eabi/8.2.1/../../../../arm-none-eabi/lib/thumb/v7e-m+fp/hard\libcr_semihost_nf.a(__sys_flen.o)
                0x0000348e                __sys_flen
 .text.__sys_istty
                0x0000349a        0xc c:/nxp/mcuxpressoide_11.0.0_2516/ide/plugins/com.nxp.mcuxpresso.tools.win32_11.0.0.201905131304/tools/bin/../lib/gcc/arm-none-eabi/8.2.1/../../../../arm-none-eabi/lib/thumb/v7e-m+fp/hard\libcr_semihost_nf.a(__sys_istty.o)
                0x0000349a                __sys_istty
 .text.__sys_remove
                0x000034a6        0xc c:/nxp/mcuxpressoide_11.0.0_2516/ide/plugins/com.nxp.mcuxpresso.tools.win32_11.0.0.201905131304/tools/bin/../lib/gcc/arm-none-eabi/8.2.1/../../../../arm-none-eabi/lib/thumb/v7e-m+fp/hard\libcr_semihost_nf.a(__sys_remove.o)
                0x000034a6                __sys_remove
 .text.__sys_seek
                0x000034b2        0xc c:/nxp/mcuxpressoide_11.0.0_2516/ide/plugins/com.nxp.mcuxpresso.tools.win32_11.0.0.201905131304/tools/bin/../lib/gcc/arm-none-eabi/8.2.1/../../../../arm-none-eabi/lib/thumb/v7e-m+fp/hard\libcr_semihost_nf.a(__sys_seek.o)
                0x000034b2                __sys_seek
 .text.__sys_tmpnam
                0x000034be        0xc c:/nxp/mcuxpressoide_11.0.0_2516/ide/plugins/com.nxp.mcuxpresso.tools.win32_11.0.0.201905131304/tools/bin/../lib/gcc/arm-none-eabi/8.2.1/../../../../arm-none-eabi/lib/thumb/v7e-m+fp/hard\libcr_semihost_nf.a(__sys_tmpnam.o)
                0x000034be                __sys_tmpnam
 .text.__sys_write
                0x000034ca        0xc c:/nxp/mcuxpressoide_11.0.0_2516/ide/plugins/com.nxp.mcuxpresso.tools.win32_11.0.0.201905131304/tools/bin/../lib/gcc/arm-none-eabi/8.2.1/../../../../arm-none-eabi/lib/thumb/v7e-m+fp/hard\libcr_semihost_nf.a(__sys_write.o)
                0x000034ca                __sys_write
 *(SORT_BY_ALIGNMENT(.rodata) SORT_BY_ALIGNMENT(.rodata.*) SORT_BY_ALIGNMENT(.constdata) SORT_BY_ALIGNMENT(.constdata.*))
 *fill*         0x000034d6        0x2 ff
 .rodata        0x000034d8      0x21f ./utilities/fsl_debug_console.o
 *fill*         0x000036f7        0x1 ff
 .rodata        0x000036f8       0x23 ./source/lcd_demo.o
 *fill*         0x0000371b        0x1 ff
 .rodata        0x0000371c      0x337 ./drivers/fsl_clock.o
 *fill*         0x00003a53        0x1 ff
 .rodata.fllFactorTable.8261
                0x00003a54       0x10 ./drivers/fsl_clock.o
 .rodata.s_dacBases
                0x00003a64        0x8 ./drivers/fsl_dac.o
 .rodata.s_dacClocks
                0x00003a6c        0x8 ./drivers/fsl_dac.o
 .rodata        0x00003a74      0x152 ./drivers/fsl_dac.o
 *fill*         0x00003bc6        0x2 ff
 .rodata        0x00003bc8       0x6b ./drivers/fsl_gpio.o
 *fill*         0x00003c33        0x1 ff
 .rodata        0x00003c34      0x1e7 ./drivers/fsl_rtc.o
 *fill*         0x00003e1b        0x1 ff
 .rodata.s_uartBases
                0x00003e1c       0x14 ./drivers/fsl_uart.o
 .rodata.s_uartClock
                0x00003e30       0x14 ./drivers/fsl_uart.o
 .rodata        0x00003e44      0x514 ./drivers/fsl_uart.o
 .rodata.s_UartAdapterBase
                0x00004358       0x14 ./component/uart/uart_adapter.o
 .rodata        0x0000436c      0x25e ./component/uart/uart_adapter.o
 *fill*         0x000045ca        0x2 ff
 .rodata        0x000045cc      0x525 ./component/serial_manager/serial_manager.o
 *fill*         0x00004af1        0x3 ff
 .rodata        0x00004af4      0x244 ./component/serial_manager/serial_port_uart.o
 .rodata.mcgConfig_BOARD_BootClockRUN
                0x00004d38        0xc ./board/clock_config.o
                0x00004d38                mcgConfig_BOARD_BootClockRUN
 .rodata.simConfig_BOARD_BootClockRUN
                0x00004d44        0x8 ./board/clock_config.o
                0x00004d44                simConfig_BOARD_BootClockRUN
 .rodata.oscConfig_BOARD_BootClockRUN
                0x00004d4c        0x8 ./board/clock_config.o
                0x00004d4c                oscConfig_BOARD_BootClockRUN
 .rodata.RTC_1_config
                0x00004d54        0xc ./board/peripherals.o
                0x00004d54                RTC_1_config
 .rodata.DAC_1_config
                0x00004d60        0x2 ./board/peripherals.o
                0x00004d60                DAC_1_config
 *fill*         0x00004d62        0x2 ff
 .rodata.__num_Ciob_streams
                0x00004d64        0x4 c:/nxp/mcuxpressoide_11.0.0_2516/ide/plugins/com.nxp.mcuxpresso.tools.win32_11.0.0.201905131304/tools/bin/../lib/gcc/arm-none-eabi/8.2.1/../../../../arm-none-eabi/lib/thumb/v7e-m+fp/hard\libcr_semihost_nf.a(__ciob.o)
                0x00004d64                __num_Ciob_streams
 .rodata.__assertion_failed.str1.1
                0x00004d68       0x15 c:/nxp/mcuxpressoide_11.0.0_2516/ide/plugins/com.nxp.mcuxpresso.tools.win32_11.0.0.201905131304/tools/bin/../lib/gcc/arm-none-eabi/8.2.1/../../../../arm-none-eabi/lib/thumb/v7e-m+fp/hard\libcr_semihost_nf.a(_cr_assert.o)
 .rodata._Csys_alloc.str1.1
                0x00004d7d       0x18 c:/nxp/mcuxpressoide_11.0.0_2516/ide/plugins/com.nxp.mcuxpresso.tools.win32_11.0.0.201905131304/tools/bin/../lib/gcc/arm-none-eabi/8.2.1/../../../../arm-none-eabi/lib/thumb/v7e-m+fp/hard\libcr_c.a(alloc.o)
 .rodata._initio.str1.1
                0x00004d95        0x4 c:/nxp/mcuxpressoide_11.0.0_2516/ide/plugins/com.nxp.mcuxpresso.tools.win32_11.0.0.201905131304/tools/bin/../lib/gcc/arm-none-eabi/8.2.1/../../../../arm-none-eabi/lib/thumb/v7e-m+fp/hard\libcr_c.a(initio.o)
                0x00004da0                . = ALIGN (0x8)
 *fill*         0x00004d99        0x7 ff

.glue_7         0x00004da0        0x0
 .glue_7        0x00004da0        0x0 linker stubs

.glue_7t        0x00004da0        0x0
 .glue_7t       0x00004da0        0x0 linker stubs

.vfp11_veneer   0x00004da0        0x0
 .vfp11_veneer  0x00004da0        0x0 linker stubs

.v4_bx          0x00004da0        0x0
 .v4_bx         0x00004da0        0x0 linker stubs

.iplt           0x00004da0        0x0
 .iplt          0x00004da0        0x0 ./utilities/fsl_debug_console.o

.rel.dyn        0x00004da0        0x0
 .rel.iplt      0x00004da0        0x0 ./utilities/fsl_debug_console.o

.ARM.extab
 *(SORT_BY_ALIGNMENT(.ARM.extab*) SORT_BY_ALIGNMENT(.gnu.linkonce.armextab.*))
                0x00004da0                __exidx_start = .

.ARM.exidx
 *(SORT_BY_ALIGNMENT(.ARM.exidx*) SORT_BY_ALIGNMENT(.gnu.linkonce.armexidx.*))
                0x00004da0                __exidx_end = .
                0x00004da0                _etext = .

.m_usb_data
 *(SORT_BY_ALIGNMENT(m_usb_bdt))

.data_RAM2      0x1fff0000        0x0 load address 0x00004da0
 FILL mask 0xff
                [!provide]                PROVIDE (__start_data_RAM2 = .)
 *(SORT_BY_ALIGNMENT(.ramfunc.$RAM2))
 *(SORT_BY_ALIGNMENT(.ramfunc.$SRAM_LOWER))
 *(SORT_BY_ALIGNMENT(NonCacheable.init))
 *(SORT_BY_ALIGNMENT(.data.$RAM2))
 *(SORT_BY_ALIGNMENT(.data.$SRAM_LOWER))
 *(SORT_BY_ALIGNMENT(.data.$RAM2.*))
 *(SORT_BY_ALIGNMENT(.data.$SRAM_LOWER.*))
                0x1fff0000                . = ALIGN (0x8)
                [!provide]                PROVIDE (__end_data_RAM2 = .)

.data_RAM3      0x14000000        0x0 load address 0x00004da0
 FILL mask 0xff
                [!provide]                PROVIDE (__start_data_RAM3 = .)
 *(SORT_BY_ALIGNMENT(.ramfunc.$RAM3))
 *(SORT_BY_ALIGNMENT(.ramfunc.$FLEX_RAM))
 *(SORT_BY_ALIGNMENT(.data.$RAM3))
 *(SORT_BY_ALIGNMENT(.data.$FLEX_RAM))
 *(SORT_BY_ALIGNMENT(.data.$RAM3.*))
 *(SORT_BY_ALIGNMENT(.data.$FLEX_RAM.*))
                0x14000000                . = ALIGN (0x8)
                [!provide]                PROVIDE (__end_data_RAM3 = .)

.uninit_RESERVED
                0x20000000        0x0
                0x20000000                . = ALIGN (0x8)
 *(SORT_BY_ALIGNMENT(.bss.$RESERVED*))
                0x20000000                . = ALIGN (0x8)
                0x20000000                _end_uninit_RESERVED = .

.data           0x20000000       0x18 load address 0x00004da0
 FILL mask 0xff
                0x20000000                _data = .
 *(SORT_BY_ALIGNMENT(vtable))
 *(SORT_BY_ALIGNMENT(.ramfunc*))
 *(SORT_BY_ALIGNMENT(.data*))
 .data.s_slowIrcFreq
                0x20000000        0x4 ./drivers/fsl_clock.o
 .data.s_fastIrcFreq
                0x20000004        0x4 ./drivers/fsl_clock.o
 .data.SystemCoreClock
                0x20000008        0x4 ./device/system_MK66F18.o
                0x20000008                SystemCoreClock
 .data.RTC_1_dateTimeStruct
                0x2000000c        0x8 ./board/peripherals.o
                0x2000000c                RTC_1_dateTimeStruct
 .data.update_rdt
                0x20000014        0x1 ./source/lcd_demo.o
                0x20000014                update_rdt
                0x20000018                . = ALIGN (0x8)
 *fill*         0x20000015        0x3 ff
                0x20000018                _edata = .

.igot.plt       0x20000018        0x0 load address 0x00004db8
 .igot.plt      0x20000018        0x0 ./utilities/fsl_debug_console.o

.bss_RAM2       0x1fff0000        0x0
                0x1fff0000                . = ALIGN (0x8)
                [!provide]                PROVIDE (__start_bss_RAM2 = .)
 *(SORT_BY_ALIGNMENT(NonCacheable))
 *(SORT_BY_ALIGNMENT(.bss.$RAM2))
 *(SORT_BY_ALIGNMENT(.bss.$SRAM_LOWER))
 *(SORT_BY_ALIGNMENT(.bss.$RAM2.*))
 *(SORT_BY_ALIGNMENT(.bss.$SRAM_LOWER.*))
                0x1fff0000                . = ALIGN ((. != 0x0)?0x8:0x1)
                [!provide]                PROVIDE (__end_bss_RAM2 = .)

.bss_RAM3       0x14000000        0x0
                0x14000000                . = ALIGN (0x8)
                [!provide]                PROVIDE (__start_bss_RAM3 = .)
 *(SORT_BY_ALIGNMENT(.bss.$RAM3))
 *(SORT_BY_ALIGNMENT(.bss.$FLEX_RAM))
 *(SORT_BY_ALIGNMENT(.bss.$RAM3.*))
 *(SORT_BY_ALIGNMENT(.bss.$FLEX_RAM.*))
                0x14000000                . = ALIGN ((. != 0x0)?0x8:0x1)
                [!provide]                PROVIDE (__end_bss_RAM3 = .)

.bss            0x20000018      0x110
                0x20000018                . = ALIGN (0x8)
                0x20000018                _bss = .
 *(SORT_BY_ALIGNMENT(.bss*))
 .bss.s_debugConsoleState
                0x20000018       0x1c ./utilities/fsl_debug_console.o
 .bss.g_serialHandle
                0x20000034        0x4 ./utilities/fsl_debug_console.o
                0x20000034                g_serialHandle
 .bss.s_extPllFreq
                0x20000038        0x4 ./drivers/fsl_clock.o
 .bss.g_xtal0Freq
                0x2000003c        0x4 ./drivers/fsl_clock.o
                0x2000003c                g_xtal0Freq
 .bss.g_xtal32Freq
                0x20000040        0x4 ./drivers/fsl_clock.o
                0x20000040                g_xtal32Freq
 .bss.s_lpuartHandle
                0x20000044        0x4 ./drivers/fsl_lpuart.o
 .bss.s_lpuartIsr
                0x20000048        0x4 ./drivers/fsl_lpuart.o
 .bss.s_uartHandle
                0x2000004c       0x14 ./drivers/fsl_uart.o
 .bss.s_uartIsr
                0x20000060        0x4 ./drivers/fsl_uart.o
 .bss.lcd_systick_ms
                0x20000064        0x4 ./drivers/lcd.o
 .bss.__Ciob    0x20000068       0xb4 c:/nxp/mcuxpressoide_11.0.0_2516/ide/plugins/com.nxp.mcuxpresso.tools.win32_11.0.0.201905131304/tools/bin/../lib/gcc/arm-none-eabi/8.2.1/../../../../arm-none-eabi/lib/thumb/v7e-m+fp/hard\libcr_semihost_nf.a(__ciob.o)
                0x20000068                __Ciob
 .bss.__end_of_heap
                0x2000011c        0x4 c:/nxp/mcuxpressoide_11.0.0_2516/ide/plugins/com.nxp.mcuxpresso.tools.win32_11.0.0.201905131304/tools/bin/../lib/gcc/arm-none-eabi/8.2.1/../../../../arm-none-eabi/lib/thumb/v7e-m+fp/hard\libcr_c.a(__init_alloc.o)
                0x2000011c                __end_of_heap
 .bss.__heaps   0x20000120        0x4 c:/nxp/mcuxpressoide_11.0.0_2516/ide/plugins/com.nxp.mcuxpresso.tools.win32_11.0.0.201905131304/tools/bin/../lib/gcc/arm-none-eabi/8.2.1/../../../../arm-none-eabi/lib/thumb/v7e-m+fp/hard\libcr_c.a(__init_alloc.o)
                0x20000120                __heaps
 .bss.errno     0x20000124        0x4 c:/nxp/mcuxpressoide_11.0.0_2516/ide/plugins/com.nxp.mcuxpresso.tools.win32_11.0.0.201905131304/tools/bin/../lib/gcc/arm-none-eabi/8.2.1/../../../../arm-none-eabi/lib/thumb/v7e-m+fp/hard\libcr_c.a(errno.o)
                0x20000124                errno
 *(SORT_BY_ALIGNMENT(COMMON))
                0x20000128                . = ALIGN (0x8)
                0x20000128                _ebss = .
                [!provide]                PROVIDE (end = .)

.noinit_RAM2    0x1fff0000        0x0
                0x1fff0000                . = ALIGN (0x8)
 *(SORT_BY_ALIGNMENT(.noinit.$RAM2))
 *(SORT_BY_ALIGNMENT(.noinit.$SRAM_LOWER))
 *(SORT_BY_ALIGNMENT(.noinit.$RAM2.*))
 *(SORT_BY_ALIGNMENT(.noinit.$SRAM_LOWER.*))
                0x1fff0000                . = ALIGN (0x8)

.noinit_RAM3    0x14000000        0x0
                0x14000000                . = ALIGN (0x8)
 *(SORT_BY_ALIGNMENT(.noinit.$RAM3))
 *(SORT_BY_ALIGNMENT(.noinit.$FLEX_RAM))
 *(SORT_BY_ALIGNMENT(.noinit.$RAM3.*))
 *(SORT_BY_ALIGNMENT(.noinit.$FLEX_RAM.*))
                0x14000000                . = ALIGN (0x8)

.noinit         0x20000128        0x0
                0x20000128                . = ALIGN (0x8)
                0x20000128                _noinit = .
 *(SORT_BY_ALIGNMENT(.noinit*))
                0x20000128                . = ALIGN (0x8)
                0x20000128                _end_noinit = .
                0x00001000                _HeapSize = 0x1000

.heap           0x20000128     0x1000
                0x20000128                _pvHeapStart = .
                0x20001128                . = (. + _HeapSize)
 *fill*         0x20000128     0x1000 
                0x20001128                . = ALIGN (0x8)
                0x20001128                _pvHeapLimit = .
                0x00001000                _StackSize = 0x1000

.heap2stackfill
                0x20001128     0x1000
                0x20002128                . = (. + _StackSize)
 *fill*         0x20001128     0x1000 

.stack          0x2002f000        0x0
                0x2002f000                _vStackBase = .
                0x2002f000                . = ALIGN (0x8)
                0x20030000                _vStackTop = (. + _StackSize)
                0x00000000                _image_start = LOADADDR (.text)
                0x00004db8                _image_end = (LOADADDR (.data) + SIZEOF (.data))
                0x00004db8                _image_size = (_image_end - _image_start)
OUTPUT(frdm_k66f_LCD_1602.axf elf32-littlearm)

.debug_info     0x00000000     0xf996
 .debug_info    0x00000000      0x92c ./utilities/fsl_debug_console.o
 .debug_info    0x0000092c      0xa38 ./startup/startup_mk66f18.o
 .debug_info    0x00001364      0xb86 ./source/lcd_demo.o
 .debug_info    0x00001eea       0x3c ./source/semihost_hardfault.o
 .debug_info    0x00001f26     0x2a2c ./drivers/fsl_clock.o
 .debug_info    0x00004952      0xb1b ./drivers/fsl_dac.o
 .debug_info    0x0000546d      0x6d4 ./drivers/fsl_gpio.o
 .debug_info    0x00005b41     0x1af5 ./drivers/fsl_lpuart.o
 .debug_info    0x00007636      0xad8 ./drivers/fsl_rtc.o
 .debug_info    0x0000810e     0x1cb0 ./drivers/fsl_uart.o
 .debug_info    0x00009dbe      0xc3d ./drivers/lcd.o
 .debug_info    0x0000a9fb      0xa95 ./device/system_MK66F18.o
 .debug_info    0x0000b490      0xac4 ./component/uart/uart_adapter.o
 .debug_info    0x0000bf54      0x765 ./component/serial_manager/serial_manager.o
 .debug_info    0x0000c6b9      0x4fc ./component/serial_manager/serial_port_uart.o
 .debug_info    0x0000cbb5      0x653 ./board/board.o
 .debug_info    0x0000d208     0x1147 ./board/clock_config.o
 .debug_info    0x0000e34f      0xde9 ./board/peripherals.o
 .debug_info    0x0000f138      0x85e ./board/pin_mux.o

.debug_abbrev   0x00000000     0x25f1
 .debug_abbrev  0x00000000      0x19a ./utilities/fsl_debug_console.o
 .debug_abbrev  0x0000019a      0x17a ./startup/startup_mk66f18.o
 .debug_abbrev  0x00000314      0x1dc ./source/lcd_demo.o
 .debug_abbrev  0x000004f0       0x31 ./source/semihost_hardfault.o
 .debug_abbrev  0x00000521      0x352 ./drivers/fsl_clock.o
 .debug_abbrev  0x00000873      0x253 ./drivers/fsl_dac.o
 .debug_abbrev  0x00000ac6      0x1b8 ./drivers/fsl_gpio.o
 .debug_abbrev  0x00000c7e      0x316 ./drivers/fsl_lpuart.o
 .debug_abbrev  0x00000f94      0x2ad ./drivers/fsl_rtc.o
 .debug_abbrev  0x00001241      0x345 ./drivers/fsl_uart.o
 .debug_abbrev  0x00001586      0x220 ./drivers/lcd.o
 .debug_abbrev  0x000017a6      0x170 ./device/system_MK66F18.o
 .debug_abbrev  0x00001916      0x1e8 ./component/uart/uart_adapter.o
 .debug_abbrev  0x00001afe      0x17d ./component/serial_manager/serial_manager.o
 .debug_abbrev  0x00001c7b      0x160 ./component/serial_manager/serial_port_uart.o
 .debug_abbrev  0x00001ddb      0x160 ./board/board.o
 .debug_abbrev  0x00001f3b      0x28e ./board/clock_config.o
 .debug_abbrev  0x000021c9      0x21e ./board/peripherals.o
 .debug_abbrev  0x000023e7      0x20a ./board/pin_mux.o

.debug_aranges  0x00000000      0xd70
 .debug_aranges
                0x00000000       0x50 ./utilities/fsl_debug_console.o
 .debug_aranges
                0x00000050      0x3a0 ./startup/startup_mk66f18.o
 .debug_aranges
                0x000003f0       0x28 ./source/lcd_demo.o
 .debug_aranges
                0x00000418       0x20 ./source/semihost_hardfault.o
 .debug_aranges
                0x00000438      0x250 ./drivers/fsl_clock.o
 .debug_aranges
                0x00000688       0x90 ./drivers/fsl_dac.o
 .debug_aranges
                0x00000718       0x40 ./drivers/fsl_gpio.o
 .debug_aranges
                0x00000758      0x118 ./drivers/fsl_lpuart.o
 .debug_aranges
                0x00000870       0xb0 ./drivers/fsl_rtc.o
 .debug_aranges
                0x00000920      0x160 ./drivers/fsl_uart.o
 .debug_aranges
                0x00000a80       0x78 ./drivers/lcd.o
 .debug_aranges
                0x00000af8       0x30 ./device/system_MK66F18.o
 .debug_aranges
                0x00000b28       0x40 ./component/uart/uart_adapter.o
 .debug_aranges
                0x00000b68       0x88 ./component/serial_manager/serial_manager.o
 .debug_aranges
                0x00000bf0       0x38 ./component/serial_manager/serial_port_uart.o
 .debug_aranges
                0x00000c28       0x20 ./board/board.o
 .debug_aranges
                0x00000c48       0x88 ./board/clock_config.o
 .debug_aranges
                0x00000cd0       0x68 ./board/peripherals.o
 .debug_aranges
                0x00000d38       0x38 ./board/pin_mux.o

.debug_ranges   0x00000000      0xc40
 .debug_ranges  0x00000000       0x40 ./utilities/fsl_debug_console.o
 .debug_ranges  0x00000040      0x390 ./startup/startup_mk66f18.o
 .debug_ranges  0x000003d0       0x18 ./source/lcd_demo.o
 .debug_ranges  0x000003e8       0x10 ./source/semihost_hardfault.o
 .debug_ranges  0x000003f8      0x240 ./drivers/fsl_clock.o
 .debug_ranges  0x00000638       0x80 ./drivers/fsl_dac.o
 .debug_ranges  0x000006b8       0x30 ./drivers/fsl_gpio.o
 .debug_ranges  0x000006e8      0x108 ./drivers/fsl_lpuart.o
 .debug_ranges  0x000007f0       0xa0 ./drivers/fsl_rtc.o
 .debug_ranges  0x00000890      0x150 ./drivers/fsl_uart.o
 .debug_ranges  0x000009e0       0x68 ./drivers/lcd.o
 .debug_ranges  0x00000a48       0x20 ./device/system_MK66F18.o
 .debug_ranges  0x00000a68       0x30 ./component/uart/uart_adapter.o
 .debug_ranges  0x00000a98       0x78 ./component/serial_manager/serial_manager.o
 .debug_ranges  0x00000b10       0x28 ./component/serial_manager/serial_port_uart.o
 .debug_ranges  0x00000b38       0x10 ./board/board.o
 .debug_ranges  0x00000b48       0x78 ./board/clock_config.o
 .debug_ranges  0x00000bc0       0x58 ./board/peripherals.o
 .debug_ranges  0x00000c18       0x28 ./board/pin_mux.o

.debug_macro    0x00000000     0x1998
 .debug_macro   0x00000000      0x184 ./utilities/fsl_debug_console.o
 .debug_macro   0x00000184       0x16 ./utilities/fsl_debug_console.o
 .debug_macro   0x0000019a       0x10 ./utilities/fsl_debug_console.o
 .debug_macro   0x000001aa       0x28 ./utilities/fsl_debug_console.o
 .debug_macro   0x000001d2       0x41 ./utilities/fsl_debug_console.o
 .debug_macro   0x00000213       0x16 ./utilities/fsl_debug_console.o
 .debug_macro   0x00000229       0x1c ./utilities/fsl_debug_console.o
 .debug_macro   0x00000245       0x29 ./startup/startup_mk66f18.o
 .debug_macro   0x0000026e      0x1c1 ./source/lcd_demo.o
 .debug_macro   0x0000042f       0x28 ./source/lcd_demo.o
 .debug_macro   0x00000457       0x10 ./source/lcd_demo.o
 .debug_macro   0x00000467       0x16 ./source/lcd_demo.o
 .debug_macro   0x0000047d      0x287 ./source/lcd_demo.o
 .debug_macro   0x00000704       0xa6 ./source/lcd_demo.o
 .debug_macro   0x000007aa       0x10 ./source/lcd_demo.o
 .debug_macro   0x000007ba       0x10 ./source/lcd_demo.o
 .debug_macro   0x000007ca       0x22 ./source/lcd_demo.o
 .debug_macro   0x000007ec       0x10 ./source/lcd_demo.o
 .debug_macro   0x000007fc       0x11 ./source/semihost_hardfault.o
 .debug_macro   0x0000080d      0x1c6 ./drivers/fsl_clock.o
 .debug_macro   0x000009d3      0x104 ./drivers/fsl_dac.o
 .debug_macro   0x00000ad7      0x104 ./drivers/fsl_gpio.o
 .debug_macro   0x00000bdb      0x104 ./drivers/fsl_lpuart.o
 .debug_macro   0x00000cdf      0x128 ./drivers/fsl_rtc.o
 .debug_macro   0x00000e07      0x10a ./drivers/fsl_uart.o
 .debug_macro   0x00000f11      0x176 ./drivers/lcd.o
 .debug_macro   0x00001087       0x98 ./device/system_MK66F18.o
 .debug_macro   0x0000111f      0x100 ./component/uart/uart_adapter.o
 .debug_macro   0x0000121f       0x10 ./component/uart/uart_adapter.o
 .debug_macro   0x0000122f       0x22 ./component/uart/uart_adapter.o
 .debug_macro   0x00001251      0x127 ./component/serial_manager/serial_manager.o
 .debug_macro   0x00001378      0x118 ./component/serial_manager/serial_port_uart.o
 .debug_macro   0x00001490       0x22 ./component/serial_manager/serial_port_uart.o
 .debug_macro   0x000014b2      0x162 ./board/board.o
 .debug_macro   0x00001614       0x22 ./board/board.o
 .debug_macro   0x00001636      0x14a ./board/clock_config.o
 .debug_macro   0x00001780      0x10f ./board/peripherals.o
 .debug_macro   0x0000188f      0x109 ./board/pin_mux.o

.debug_line     0x00000000     0x807c
 .debug_line    0x00000000      0x50d ./utilities/fsl_debug_console.o
 .debug_line    0x0000050d      0xa5e ./startup/startup_mk66f18.o
 .debug_line    0x00000f6b      0x4e4 ./source/lcd_demo.o
 .debug_line    0x0000144f       0x5a ./source/semihost_hardfault.o
 .debug_line    0x000014a9     0x17bf ./drivers/fsl_clock.o
 .debug_line    0x00002c68      0x515 ./drivers/fsl_dac.o
 .debug_line    0x0000317d      0x365 ./drivers/fsl_gpio.o
 .debug_line    0x000034e2      0xd63 ./drivers/fsl_lpuart.o
 .debug_line    0x00004245      0x812 ./drivers/fsl_rtc.o
 .debug_line    0x00004a57     0x10ea ./drivers/fsl_uart.o
 .debug_line    0x00005b41      0x4d7 ./drivers/lcd.o
 .debug_line    0x00006018      0x3e7 ./device/system_MK66F18.o
 .debug_line    0x000063ff      0x3d6 ./component/uart/uart_adapter.o
 .debug_line    0x000067d5      0x5b2 ./component/serial_manager/serial_manager.o
 .debug_line    0x00006d87      0x3eb ./component/serial_manager/serial_port_uart.o
 .debug_line    0x00007172      0x32c ./board/board.o
 .debug_line    0x0000749e      0x4a6 ./board/clock_config.o
 .debug_line    0x00007944      0x3e9 ./board/peripherals.o
 .debug_line    0x00007d2d      0x34f ./board/pin_mux.o

.debug_str      0x00000000    0xbd58d
 .debug_str     0x00000000    0xb5717 ./utilities/fsl_debug_console.o
                              0xb57f4 (size before relaxing)
 .debug_str     0x000b5717      0x960 ./startup/startup_mk66f18.o
                               0x3910 (size before relaxing)
 .debug_str     0x000b6077     0x1a8f ./source/lcd_demo.o
                              0xb69b5 (size before relaxing)
 .debug_str     0x000b7b06       0x1f ./source/semihost_hardfault.o
                               0x2f18 (size before relaxing)
 .debug_str     0x000b7b25     0x2202 ./drivers/fsl_clock.o
                              0xb6e6e (size before relaxing)
 .debug_str     0x000b9d27      0x34f ./drivers/fsl_dac.o
                              0xb4fa0 (size before relaxing)
 .debug_str     0x000ba076      0x1b1 ./drivers/fsl_gpio.o
                              0xb49dc (size before relaxing)
 .debug_str     0x000ba227     0x14a4 ./drivers/fsl_lpuart.o
                              0xb61ad (size before relaxing)
 .debug_str     0x000bb6cb      0x3ca ./drivers/fsl_rtc.o
                              0xb48f7 (size before relaxing)
 .debug_str     0x000bba95      0x93e ./drivers/fsl_uart.o
                              0xb6117 (size before relaxing)
 .debug_str     0x000bc3d3      0x32d ./drivers/lcd.o
                              0xb5438 (size before relaxing)
 .debug_str     0x000bc700       0xbd ./device/system_MK66F18.o
                              0xb32f7 (size before relaxing)
 .debug_str     0x000bc7bd      0x326 ./component/uart/uart_adapter.o
                              0xb4eaa (size before relaxing)
 .debug_str     0x000bcae3      0x388 ./component/serial_manager/serial_manager.o
                              0xb4830 (size before relaxing)
 .debug_str     0x000bce6b       0xfc ./component/serial_manager/serial_port_uart.o
                              0xb48de (size before relaxing)
 .debug_str     0x000bcf67       0x37 ./board/board.o
                              0xb5c67 (size before relaxing)
 .debug_str     0x000bcf9e      0x3c3 ./board/clock_config.o
                              0xb55f0 (size before relaxing)
 .debug_str     0x000bd361       0x7a ./board/peripherals.o
                              0xb53b3 (size before relaxing)
 .debug_str     0x000bd3db      0x1b2 ./board/pin_mux.o
                              0xb495f (size before relaxing)

.comment        0x00000000       0x75
 .comment       0x00000000       0x75 ./utilities/fsl_debug_console.o
                                 0x76 (size before relaxing)
 .comment       0x00000075       0x76 ./startup/startup_mk66f18.o
 .comment       0x00000075       0x76 ./source/lcd_demo.o
 .comment       0x00000075       0x76 ./source/semihost_hardfault.o
 .comment       0x00000075       0x76 ./drivers/fsl_clock.o
 .comment       0x00000075       0x76 ./drivers/fsl_dac.o
 .comment       0x00000075       0x76 ./drivers/fsl_gpio.o
 .comment       0x00000075       0x76 ./drivers/fsl_lpuart.o
 .comment       0x00000075       0x76 ./drivers/fsl_rtc.o
 .comment       0x00000075       0x76 ./drivers/fsl_uart.o
 .comment       0x00000075       0x76 ./drivers/lcd.o
 .comment       0x00000075       0x76 ./device/system_MK66F18.o
 .comment       0x00000075       0x76 ./component/uart/uart_adapter.o
 .comment       0x00000075       0x76 ./component/serial_manager/serial_manager.o
 .comment       0x00000075       0x76 ./component/serial_manager/serial_port_uart.o
 .comment       0x00000075       0x76 ./board/board.o
 .comment       0x00000075       0x76 ./board/clock_config.o
 .comment       0x00000075       0x76 ./board/peripherals.o
 .comment       0x00000075       0x76 ./board/pin_mux.o
 .comment       0x00000075       0x76 c:/nxp/mcuxpressoide_11.0.0_2516/ide/plugins/com.nxp.mcuxpresso.tools.win32_11.0.0.201905131304/tools/bin/../lib/gcc/arm-none-eabi/8.2.1/../../../../arm-none-eabi/lib/thumb/v7e-m+fp/hard\libcr_semihost_nf.a(_cr__main.o)
 .comment       0x00000075       0x76 c:/nxp/mcuxpressoide_11.0.0_2516/ide/plugins/com.nxp.mcuxpresso.tools.win32_11.0.0.201905131304/tools/bin/../lib/gcc/arm-none-eabi/8.2.1/../../../../arm-none-eabi/lib/thumb/v7e-m+fp/hard\libcr_semihost_nf.a(_cr_assert.o)
 .comment       0x00000075       0x76 c:/nxp/mcuxpressoide_11.0.0_2516/ide/plugins/com.nxp.mcuxpresso.tools.win32_11.0.0.201905131304/tools/bin/../lib/gcc/arm-none-eabi/8.2.1/../../../../arm-none-eabi/lib/thumb/v7e-m+fp/hard\libcr_semihost_nf.a(__ciob.o)
 .comment       0x00000075       0x76 c:/nxp/mcuxpressoide_11.0.0_2516/ide/plugins/com.nxp.mcuxpresso.tools.win32_11.0.0.201905131304/tools/bin/../lib/gcc/arm-none-eabi/8.2.1/../../../../arm-none-eabi/lib/thumb/v7e-m+fp/hard\libcr_c.a(memset.o)
 .comment       0x00000075       0x76 c:/nxp/mcuxpressoide_11.0.0_2516/ide/plugins/com.nxp.mcuxpresso.tools.win32_11.0.0.201905131304/tools/bin/../lib/gcc/arm-none-eabi/8.2.1/../../../../arm-none-eabi/lib/thumb/v7e-m+fp/hard\libcr_c.a(_deferredlazyseek.o)
 .comment       0x00000075       0x76 c:/nxp/mcuxpressoide_11.0.0_2516/ide/plugins/com.nxp.mcuxpresso.tools.win32_11.0.0.201905131304/tools/bin/../lib/gcc/arm-none-eabi/8.2.1/../../../../arm-none-eabi/lib/thumb/v7e-m+fp/hard\libcr_c.a(_fflush.o)
 .comment       0x00000075       0x76 c:/nxp/mcuxpressoide_11.0.0_2516/ide/plugins/com.nxp.mcuxpresso.tools.win32_11.0.0.201905131304/tools/bin/../lib/gcc/arm-none-eabi/8.2.1/../../../../arm-none-eabi/lib/thumb/v7e-m+fp/hard\libcr_c.a(_writebuf.o)
 .comment       0x00000075       0x76 c:/nxp/mcuxpressoide_11.0.0_2516/ide/plugins/com.nxp.mcuxpresso.tools.win32_11.0.0.201905131304/tools/bin/../lib/gcc/arm-none-eabi/8.2.1/../../../../arm-none-eabi/lib/thumb/v7e-m+fp/hard\libcr_c.a(alloc.o)
 .comment       0x00000075       0x76 c:/nxp/mcuxpressoide_11.0.0_2516/ide/plugins/com.nxp.mcuxpresso.tools.win32_11.0.0.201905131304/tools/bin/../lib/gcc/arm-none-eabi/8.2.1/../../../../arm-none-eabi/lib/thumb/v7e-m+fp/hard\libcr_c.a(fputs.o)
 .comment       0x00000075       0x76 c:/nxp/mcuxpressoide_11.0.0_2516/ide/plugins/com.nxp.mcuxpresso.tools.win32_11.0.0.201905131304/tools/bin/../lib/gcc/arm-none-eabi/8.2.1/../../../../arm-none-eabi/lib/thumb/v7e-m+fp/hard\libcr_c.a(fseek.o)
 .comment       0x00000075       0x76 c:/nxp/mcuxpressoide_11.0.0_2516/ide/plugins/com.nxp.mcuxpresso.tools.win32_11.0.0.201905131304/tools/bin/../lib/gcc/arm-none-eabi/8.2.1/../../../../arm-none-eabi/lib/thumb/v7e-m+fp/hard\libcr_c.a(ftell.o)
 .comment       0x00000075       0x76 c:/nxp/mcuxpressoide_11.0.0_2516/ide/plugins/com.nxp.mcuxpresso.tools.win32_11.0.0.201905131304/tools/bin/../lib/gcc/arm-none-eabi/8.2.1/../../../../arm-none-eabi/lib/thumb/v7e-m+fp/hard\libcr_c.a(initio.o)
 .comment       0x00000075       0x76 c:/nxp/mcuxpressoide_11.0.0_2516/ide/plugins/com.nxp.mcuxpresso.tools.win32_11.0.0.201905131304/tools/bin/../lib/gcc/arm-none-eabi/8.2.1/../../../../arm-none-eabi/lib/thumb/v7e-m+fp/hard\libcr_c.a(setvbuf.o)
 .comment       0x00000075       0x76 c:/nxp/mcuxpressoide_11.0.0_2516/ide/plugins/com.nxp.mcuxpresso.tools.win32_11.0.0.201905131304/tools/bin/../lib/gcc/arm-none-eabi/8.2.1/../../../../arm-none-eabi/lib/thumb/v7e-m+fp/hard\libcr_c.a(strlen.o)
 .comment       0x00000075       0x76 c:/nxp/mcuxpressoide_11.0.0_2516/ide/plugins/com.nxp.mcuxpresso.tools.win32_11.0.0.201905131304/tools/bin/../lib/gcc/arm-none-eabi/8.2.1/../../../../arm-none-eabi/lib/thumb/v7e-m+fp/hard\libcr_c.a(__init_alloc.o)
 .comment       0x00000075       0x76 c:/nxp/mcuxpressoide_11.0.0_2516/ide/plugins/com.nxp.mcuxpresso.tools.win32_11.0.0.201905131304/tools/bin/../lib/gcc/arm-none-eabi/8.2.1/../../../../arm-none-eabi/lib/thumb/v7e-m+fp/hard\libcr_c.a(_cr_sbrk.o)
 .comment       0x00000075       0x76 c:/nxp/mcuxpressoide_11.0.0_2516/ide/plugins/com.nxp.mcuxpresso.tools.win32_11.0.0.201905131304/tools/bin/../lib/gcc/arm-none-eabi/8.2.1/../../../../arm-none-eabi/lib/thumb/v7e-m+fp/hard\libcr_c.a(_fdopen.o)
 .comment       0x00000075       0x76 c:/nxp/mcuxpressoide_11.0.0_2516/ide/plugins/com.nxp.mcuxpresso.tools.win32_11.0.0.201905131304/tools/bin/../lib/gcc/arm-none-eabi/8.2.1/../../../../arm-none-eabi/lib/thumb/v7e-m+fp/hard\libcr_c.a(errno.o)
 .comment       0x00000075       0x76 c:/nxp/mcuxpressoide_11.0.0_2516/ide/plugins/com.nxp.mcuxpresso.tools.win32_11.0.0.201905131304/tools/bin/../lib/gcc/arm-none-eabi/8.2.1/../../../../arm-none-eabi/lib/thumb/v7e-m+fp/hard\libcr_c.a(fclose.o)
 .comment       0x00000075       0x76 c:/nxp/mcuxpressoide_11.0.0_2516/ide/plugins/com.nxp.mcuxpresso.tools.win32_11.0.0.201905131304/tools/bin/../lib/gcc/arm-none-eabi/8.2.1/../../../../arm-none-eabi/lib/thumb/v7e-m+fp/hard\libcr_c.a(fflush.o)
 .comment       0x00000075       0x76 c:/nxp/mcuxpressoide_11.0.0_2516/ide/plugins/com.nxp.mcuxpresso.tools.win32_11.0.0.201905131304/tools/bin/../lib/gcc/arm-none-eabi/8.2.1/../../../../arm-none-eabi/lib/thumb/v7e-m+fp/hard\libcr_c.a(remove.o)
 .comment       0x00000075       0x76 c:/nxp/mcuxpressoide_11.0.0_2516/ide/plugins/com.nxp.mcuxpresso.tools.win32_11.0.0.201905131304/tools/bin/../lib/gcc/arm-none-eabi/8.2.1/../../../../arm-none-eabi/lib/thumb/v7e-m+fp/hard\libcr_c.a(_cr_check_heap.o)
 .comment       0x00000075       0x76 c:/nxp/mcuxpressoide_11.0.0_2516/ide/plugins/com.nxp.mcuxpresso.tools.win32_11.0.0.201905131304/tools/bin/../lib/gcc/arm-none-eabi/8.2.1/../../../../arm-none-eabi/lib/thumb/v7e-m+fp/hard\libcr_c.a(_do_fflush.o)

.ARM.attributes
                0x00000000       0x32
 .ARM.attributes
                0x00000000       0x34 ./utilities/fsl_debug_console.o
 .ARM.attributes
                0x00000034       0x34 ./startup/startup_mk66f18.o
 .ARM.attributes
                0x00000068       0x34 ./source/lcd_demo.o
 .ARM.attributes
                0x0000009c       0x34 ./source/semihost_hardfault.o
 .ARM.attributes
                0x000000d0       0x34 ./drivers/fsl_clock.o
 .ARM.attributes
                0x00000104       0x34 ./drivers/fsl_dac.o
 .ARM.attributes
                0x00000138       0x34 ./drivers/fsl_gpio.o
 .ARM.attributes
                0x0000016c       0x34 ./drivers/fsl_lpuart.o
 .ARM.attributes
                0x000001a0       0x34 ./drivers/fsl_rtc.o
 .ARM.attributes
                0x000001d4       0x34 ./drivers/fsl_uart.o
 .ARM.attributes
                0x00000208       0x34 ./drivers/lcd.o
 .ARM.attributes
                0x0000023c       0x34 ./device/system_MK66F18.o
 .ARM.attributes
                0x00000270       0x34 ./component/uart/uart_adapter.o
 .ARM.attributes
                0x000002a4       0x34 ./component/serial_manager/serial_manager.o
 .ARM.attributes
                0x000002d8       0x34 ./component/serial_manager/serial_port_uart.o
 .ARM.attributes
                0x0000030c       0x34 ./board/board.o
 .ARM.attributes
                0x00000340       0x34 ./board/clock_config.o
 .ARM.attributes
                0x00000374       0x34 ./board/peripherals.o
 .ARM.attributes
                0x000003a8       0x34 ./board/pin_mux.o
 .ARM.attributes
                0x000003dc       0x34 c:/nxp/mcuxpressoide_11.0.0_2516/ide/plugins/com.nxp.mcuxpresso.tools.win32_11.0.0.201905131304/tools/bin/../lib/gcc/arm-none-eabi/8.2.1/../../../../arm-none-eabi/lib/thumb/v7e-m+fp/hard\libcr_semihost_nf.a(_cr__main.o)
 .ARM.attributes
                0x00000410       0x34 c:/nxp/mcuxpressoide_11.0.0_2516/ide/plugins/com.nxp.mcuxpresso.tools.win32_11.0.0.201905131304/tools/bin/../lib/gcc/arm-none-eabi/8.2.1/../../../../arm-none-eabi/lib/thumb/v7e-m+fp/hard\libcr_semihost_nf.a(_cr_assert.o)
 .ARM.attributes
                0x00000444       0x39 c:/nxp/mcuxpressoide_11.0.0_2516/ide/plugins/com.nxp.mcuxpresso.tools.win32_11.0.0.201905131304/tools/bin/../lib/gcc/arm-none-eabi/8.2.1/../../../../arm-none-eabi/lib/thumb/v7e-m+fp/hard\libcr_semihost_nf.a(__ciob.o)
 .ARM.attributes
                0x0000047d       0x20 c:/nxp/mcuxpressoide_11.0.0_2516/ide/plugins/com.nxp.mcuxpresso.tools.win32_11.0.0.201905131304/tools/bin/../lib/gcc/arm-none-eabi/8.2.1/../../../../arm-none-eabi/lib/thumb/v7e-m+fp/hard\libcr_semihost_nf.a(__sys_appexit.o)
 .ARM.attributes
                0x0000049d       0x34 c:/nxp/mcuxpressoide_11.0.0_2516/ide/plugins/com.nxp.mcuxpresso.tools.win32_11.0.0.201905131304/tools/bin/../lib/gcc/arm-none-eabi/8.2.1/../../../../arm-none-eabi/lib/thumb/v7e-m+fp/hard\libcr_c.a(memset.o)
 .ARM.attributes
                0x000004d1       0x34 c:/nxp/mcuxpressoide_11.0.0_2516/ide/plugins/com.nxp.mcuxpresso.tools.win32_11.0.0.201905131304/tools/bin/../lib/gcc/arm-none-eabi/8.2.1/../../../../arm-none-eabi/lib/thumb/v7e-m+fp/hard\libcr_c.a(_deferredlazyseek.o)
 .ARM.attributes
                0x00000505       0x34 c:/nxp/mcuxpressoide_11.0.0_2516/ide/plugins/com.nxp.mcuxpresso.tools.win32_11.0.0.201905131304/tools/bin/../lib/gcc/arm-none-eabi/8.2.1/../../../../arm-none-eabi/lib/thumb/v7e-m+fp/hard\libcr_c.a(_fflush.o)
 .ARM.attributes
                0x00000539       0x34 c:/nxp/mcuxpressoide_11.0.0_2516/ide/plugins/com.nxp.mcuxpresso.tools.win32_11.0.0.201905131304/tools/bin/../lib/gcc/arm-none-eabi/8.2.1/../../../../arm-none-eabi/lib/thumb/v7e-m+fp/hard\libcr_c.a(_writebuf.o)
 .ARM.attributes
                0x0000056d       0x34 c:/nxp/mcuxpressoide_11.0.0_2516/ide/plugins/com.nxp.mcuxpresso.tools.win32_11.0.0.201905131304/tools/bin/../lib/gcc/arm-none-eabi/8.2.1/../../../../arm-none-eabi/lib/thumb/v7e-m+fp/hard\libcr_c.a(alloc.o)
 .ARM.attributes
                0x000005a1       0x34 c:/nxp/mcuxpressoide_11.0.0_2516/ide/plugins/com.nxp.mcuxpresso.tools.win32_11.0.0.201905131304/tools/bin/../lib/gcc/arm-none-eabi/8.2.1/../../../../arm-none-eabi/lib/thumb/v7e-m+fp/hard\libcr_c.a(fputs.o)
 .ARM.attributes
                0x000005d5       0x34 c:/nxp/mcuxpressoide_11.0.0_2516/ide/plugins/com.nxp.mcuxpresso.tools.win32_11.0.0.201905131304/tools/bin/../lib/gcc/arm-none-eabi/8.2.1/../../../../arm-none-eabi/lib/thumb/v7e-m+fp/hard\libcr_c.a(fseek.o)
 .ARM.attributes
                0x00000609       0x34 c:/nxp/mcuxpressoide_11.0.0_2516/ide/plugins/com.nxp.mcuxpresso.tools.win32_11.0.0.201905131304/tools/bin/../lib/gcc/arm-none-eabi/8.2.1/../../../../arm-none-eabi/lib/thumb/v7e-m+fp/hard\libcr_c.a(ftell.o)
 .ARM.attributes
                0x0000063d       0x34 c:/nxp/mcuxpressoide_11.0.0_2516/ide/plugins/com.nxp.mcuxpresso.tools.win32_11.0.0.201905131304/tools/bin/../lib/gcc/arm-none-eabi/8.2.1/../../../../arm-none-eabi/lib/thumb/v7e-m+fp/hard\libcr_c.a(initio.o)
 .ARM.attributes
                0x00000671       0x34 c:/nxp/mcuxpressoide_11.0.0_2516/ide/plugins/com.nxp.mcuxpresso.tools.win32_11.0.0.201905131304/tools/bin/../lib/gcc/arm-none-eabi/8.2.1/../../../../arm-none-eabi/lib/thumb/v7e-m+fp/hard\libcr_c.a(setvbuf.o)
 .ARM.attributes
                0x000006a5       0x34 c:/nxp/mcuxpressoide_11.0.0_2516/ide/plugins/com.nxp.mcuxpresso.tools.win32_11.0.0.201905131304/tools/bin/../lib/gcc/arm-none-eabi/8.2.1/../../../../arm-none-eabi/lib/thumb/v7e-m+fp/hard\libcr_c.a(strlen.o)
 .ARM.attributes
                0x000006d9       0x34 c:/nxp/mcuxpressoide_11.0.0_2516/ide/plugins/com.nxp.mcuxpresso.tools.win32_11.0.0.201905131304/tools/bin/../lib/gcc/arm-none-eabi/8.2.1/../../../../arm-none-eabi/lib/thumb/v7e-m+fp/hard\libcr_c.a(__init_alloc.o)
 .ARM.attributes
                0x0000070d       0x34 c:/nxp/mcuxpressoide_11.0.0_2516/ide/plugins/com.nxp.mcuxpresso.tools.win32_11.0.0.201905131304/tools/bin/../lib/gcc/arm-none-eabi/8.2.1/../../../../arm-none-eabi/lib/thumb/v7e-m+fp/hard\libcr_c.a(_cr_sbrk.o)
 .ARM.attributes
                0x00000741       0x34 c:/nxp/mcuxpressoide_11.0.0_2516/ide/plugins/com.nxp.mcuxpresso.tools.win32_11.0.0.201905131304/tools/bin/../lib/gcc/arm-none-eabi/8.2.1/../../../../arm-none-eabi/lib/thumb/v7e-m+fp/hard\libcr_c.a(_fdopen.o)
 .ARM.attributes
                0x00000775       0x39 c:/nxp/mcuxpressoide_11.0.0_2516/ide/plugins/com.nxp.mcuxpresso.tools.win32_11.0.0.201905131304/tools/bin/../lib/gcc/arm-none-eabi/8.2.1/../../../../arm-none-eabi/lib/thumb/v7e-m+fp/hard\libcr_c.a(errno.o)
 .ARM.attributes
                0x000007ae       0x34 c:/nxp/mcuxpressoide_11.0.0_2516/ide/plugins/com.nxp.mcuxpresso.tools.win32_11.0.0.201905131304/tools/bin/../lib/gcc/arm-none-eabi/8.2.1/../../../../arm-none-eabi/lib/thumb/v7e-m+fp/hard\libcr_c.a(fclose.o)
 .ARM.attributes
                0x000007e2       0x34 c:/nxp/mcuxpressoide_11.0.0_2516/ide/plugins/com.nxp.mcuxpresso.tools.win32_11.0.0.201905131304/tools/bin/../lib/gcc/arm-none-eabi/8.2.1/../../../../arm-none-eabi/lib/thumb/v7e-m+fp/hard\libcr_c.a(fflush.o)
 .ARM.attributes
                0x00000816       0x34 c:/nxp/mcuxpressoide_11.0.0_2516/ide/plugins/com.nxp.mcuxpresso.tools.win32_11.0.0.201905131304/tools/bin/../lib/gcc/arm-none-eabi/8.2.1/../../../../arm-none-eabi/lib/thumb/v7e-m+fp/hard\libcr_c.a(remove.o)
 .ARM.attributes
                0x0000084a       0x34 c:/nxp/mcuxpressoide_11.0.0_2516/ide/plugins/com.nxp.mcuxpresso.tools.win32_11.0.0.201905131304/tools/bin/../lib/gcc/arm-none-eabi/8.2.1/../../../../arm-none-eabi/lib/thumb/v7e-m+fp/hard\libcr_c.a(_cr_check_heap.o)
 .ARM.attributes
                0x0000087e       0x34 c:/nxp/mcuxpressoide_11.0.0_2516/ide/plugins/com.nxp.mcuxpresso.tools.win32_11.0.0.201905131304/tools/bin/../lib/gcc/arm-none-eabi/8.2.1/../../../../arm-none-eabi/lib/thumb/v7e-m+fp/hard\libcr_c.a(_do_fflush.o)
 .ARM.attributes
                0x000008b2       0x20 c:/nxp/mcuxpressoide_11.0.0_2516/ide/plugins/com.nxp.mcuxpresso.tools.win32_11.0.0.201905131304/tools/bin/../lib/gcc/arm-none-eabi/8.2.1/thumb/v7e-m+fp/hard\libcr_eabihelpers.a(memcpy.o)
 .ARM.attributes
                0x000008d2       0x20 c:/nxp/mcuxpressoide_11.0.0_2516/ide/plugins/com.nxp.mcuxpresso.tools.win32_11.0.0.201905131304/tools/bin/../lib/gcc/arm-none-eabi/8.2.1/../../../../arm-none-eabi/lib/thumb/v7e-m+fp/hard\libcr_semihost_nf.a(__sys_close.o)
 .ARM.attributes
                0x000008f2       0x20 c:/nxp/mcuxpressoide_11.0.0_2516/ide/plugins/com.nxp.mcuxpresso.tools.win32_11.0.0.201905131304/tools/bin/../lib/gcc/arm-none-eabi/8.2.1/../../../../arm-none-eabi/lib/thumb/v7e-m+fp/hard\libcr_semihost_nf.a(__sys_flen.o)
 .ARM.attributes
                0x00000912       0x20 c:/nxp/mcuxpressoide_11.0.0_2516/ide/plugins/com.nxp.mcuxpresso.tools.win32_11.0.0.201905131304/tools/bin/../lib/gcc/arm-none-eabi/8.2.1/../../../../arm-none-eabi/lib/thumb/v7e-m+fp/hard\libcr_semihost_nf.a(__sys_istty.o)
 .ARM.attributes
                0x00000932       0x20 c:/nxp/mcuxpressoide_11.0.0_2516/ide/plugins/com.nxp.mcuxpresso.tools.win32_11.0.0.201905131304/tools/bin/../lib/gcc/arm-none-eabi/8.2.1/../../../../arm-none-eabi/lib/thumb/v7e-m+fp/hard\libcr_semihost_nf.a(__sys_remove.o)
 .ARM.attributes
                0x00000952       0x20 c:/nxp/mcuxpressoide_11.0.0_2516/ide/plugins/com.nxp.mcuxpresso.tools.win32_11.0.0.201905131304/tools/bin/../lib/gcc/arm-none-eabi/8.2.1/../../../../arm-none-eabi/lib/thumb/v7e-m+fp/hard\libcr_semihost_nf.a(__sys_seek.o)
 .ARM.attributes
                0x00000972       0x20 c:/nxp/mcuxpressoide_11.0.0_2516/ide/plugins/com.nxp.mcuxpresso.tools.win32_11.0.0.201905131304/tools/bin/../lib/gcc/arm-none-eabi/8.2.1/../../../../arm-none-eabi/lib/thumb/v7e-m+fp/hard\libcr_semihost_nf.a(__sys_tmpnam.o)
 .ARM.attributes
                0x00000992       0x20 c:/nxp/mcuxpressoide_11.0.0_2516/ide/plugins/com.nxp.mcuxpresso.tools.win32_11.0.0.201905131304/tools/bin/../lib/gcc/arm-none-eabi/8.2.1/../../../../arm-none-eabi/lib/thumb/v7e-m+fp/hard\libcr_semihost_nf.a(__sys_write.o)

.debug_frame    0x00000000     0x3008
 .debug_frame   0x00000000      0x104 ./utilities/fsl_debug_console.o
 .debug_frame   0x00000104      0xa54 ./startup/startup_mk66f18.o
 .debug_frame   0x00000b58       0x54 ./source/lcd_demo.o
 .debug_frame   0x00000bac       0x20 ./source/semihost_hardfault.o
 .debug_frame   0x00000bcc      0x9f0 ./drivers/fsl_clock.o
 .debug_frame   0x000015bc      0x248 ./drivers/fsl_dac.o
 .debug_frame   0x00001804       0xc8 ./drivers/fsl_gpio.o
 .debug_frame   0x000018cc      0x4b4 ./drivers/fsl_lpuart.o
 .debug_frame   0x00001d80      0x2f4 ./drivers/fsl_rtc.o
 .debug_frame   0x00002074      0x5b4 ./drivers/fsl_uart.o
 .debug_frame   0x00002628      0x1b8 ./drivers/lcd.o
 .debug_frame   0x000027e0       0x74 ./device/system_MK66F18.o
 .debug_frame   0x00002854       0xc8 ./component/uart/uart_adapter.o
 .debug_frame   0x0000291c      0x208 ./component/serial_manager/serial_manager.o
 .debug_frame   0x00002b24       0xa0 ./component/serial_manager/serial_port_uart.o
 .debug_frame   0x00002bc4       0x34 ./board/board.o
 .debug_frame   0x00002bf8      0x204 ./board/clock_config.o
 .debug_frame   0x00002dfc      0x16c ./board/peripherals.o
 .debug_frame   0x00002f68       0xa0 ./board/pin_mux.o

Cross Reference Table

Symbol                                            File
ADC0_DriverIRQHandler                             ./startup/startup_mk66f18.o
ADC0_IRQHandler                                   ./startup/startup_mk66f18.o
ADC1_DriverIRQHandler                             ./startup/startup_mk66f18.o
ADC1_IRQHandler                                   ./startup/startup_mk66f18.o
BOARD_BootClockHSRUN                              ./board/clock_config.o
BOARD_BootClockRUN                                ./board/clock_config.o
                                                  ./source/lcd_demo.o
BOARD_BootClockVLPR                               ./board/clock_config.o
BOARD_InitBootClocks                              ./board/clock_config.o
BOARD_InitBootPeripherals                         ./board/peripherals.o
                                                  ./source/lcd_demo.o
BOARD_InitBootPins                                ./board/pin_mux.o
BOARD_InitDebugConsole                            ./board/board.o
                                                  ./source/lcd_demo.o
BOARD_InitPeripherals                             ./board/peripherals.o
BOARD_InitPins                                    ./board/pin_mux.o
                                                  ./source/lcd_demo.o
BusFault_Handler                                  ./startup/startup_mk66f18.o
CAN0_Bus_Off_IRQHandler                           ./startup/startup_mk66f18.o
CAN0_DriverIRQHandler                             ./startup/startup_mk66f18.o
CAN0_Error_IRQHandler                             ./startup/startup_mk66f18.o
CAN0_ORed_Message_buffer_IRQHandler               ./startup/startup_mk66f18.o
CAN0_Rx_Warning_IRQHandler                        ./startup/startup_mk66f18.o
CAN0_Tx_Warning_IRQHandler                        ./startup/startup_mk66f18.o
CAN0_Wake_Up_IRQHandler                           ./startup/startup_mk66f18.o
CAN1_Bus_Off_IRQHandler                           ./startup/startup_mk66f18.o
CAN1_DriverIRQHandler                             ./startup/startup_mk66f18.o
CAN1_Error_IRQHandler                             ./startup/startup_mk66f18.o
CAN1_ORed_Message_buffer_IRQHandler               ./startup/startup_mk66f18.o
CAN1_Rx_Warning_IRQHandler                        ./startup/startup_mk66f18.o
CAN1_Tx_Warning_IRQHandler                        ./startup/startup_mk66f18.o