Archive member included to satisfy reference by file (symbol)

c:/nxp/mcuxpressoide_11.0.0_2500_prc3/ide/plugins/com.nxp.mcuxpresso.tools.win32_11.0.0.201905131304/tools/bin/../lib/gcc/arm-none-eabi/8.2.1/../../../../arm-none-eabi/lib/thumb/v7e-m+fp/hard\libcr_semihost_nf.a(__ciob.o)
                              ./source/hello_world.o (__Ciob)
c:/nxp/mcuxpressoide_11.0.0_2500_prc3/ide/plugins/com.nxp.mcuxpresso.tools.win32_11.0.0.201905131304/tools/bin/../lib/gcc/arm-none-eabi/8.2.1/../../../../arm-none-eabi/lib/thumb/v7e-m+fp/hard\libcr_semihost_nf.a(_cr__main.o)
                              ./startup/startup_mk66f18.o (__main)
c:/nxp/mcuxpressoide_11.0.0_2500_prc3/ide/plugins/com.nxp.mcuxpresso.tools.win32_11.0.0.201905131304/tools/bin/../lib/gcc/arm-none-eabi/8.2.1/../../../../arm-none-eabi/lib/thumb/v7e-m+fp/hard\libcr_semihost_nf.a(_cr_assert.o)
                              ./utilities/fsl_debug_console.o (__assertion_failed)
c:/nxp/mcuxpressoide_11.0.0_2500_prc3/ide/plugins/com.nxp.mcuxpresso.tools.win32_11.0.0.201905131304/tools/bin/../lib/gcc/arm-none-eabi/8.2.1/../../../../arm-none-eabi/lib/thumb/v7e-m+fp/hard\libcr_semihost_nf.a(__sys_appexit.o)
                              c:/nxp/mcuxpressoide_11.0.0_2500_prc3/ide/plugins/com.nxp.mcuxpresso.tools.win32_11.0.0.201905131304/tools/bin/../lib/gcc/arm-none-eabi/8.2.1/../../../../arm-none-eabi/lib/thumb/v7e-m+fp/hard\libcr_semihost_nf.a(_cr_assert.o) (__sys_appexit)
c:/nxp/mcuxpressoide_11.0.0_2500_prc3/ide/plugins/com.nxp.mcuxpresso.tools.win32_11.0.0.201905131304/tools/bin/../lib/gcc/arm-none-eabi/8.2.1/../../../../arm-none-eabi/lib/thumb/v7e-m+fp/hard\libcr_c.a(memcpy.o)
                              ./drivers/fsl_ftfx_cache.o (memcpy)
c:/nxp/mcuxpressoide_11.0.0_2500_prc3/ide/plugins/com.nxp.mcuxpresso.tools.win32_11.0.0.201905131304/tools/bin/../lib/gcc/arm-none-eabi/8.2.1/../../../../arm-none-eabi/lib/thumb/v7e-m+fp/hard\libcr_c.a(memset.o)
                              ./utilities/fsl_debug_console.o (memset)
c:/nxp/mcuxpressoide_11.0.0_2500_prc3/ide/plugins/com.nxp.mcuxpresso.tools.win32_11.0.0.201905131304/tools/bin/../lib/gcc/arm-none-eabi/8.2.1/../../../../arm-none-eabi/lib/thumb/v7e-m+fp/hard\libcr_c.a(__fillbuf.o)
                              ./source/hello_world.o (__filbuf)
c:/nxp/mcuxpressoide_11.0.0_2500_prc3/ide/plugins/com.nxp.mcuxpresso.tools.win32_11.0.0.201905131304/tools/bin/../lib/gcc/arm-none-eabi/8.2.1/../../../../arm-none-eabi/lib/thumb/v7e-m+fp/hard\libcr_c.a(_deferredlazyseek.o)
                              c:/nxp/mcuxpressoide_11.0.0_2500_prc3/ide/plugins/com.nxp.mcuxpresso.tools.win32_11.0.0.201905131304/tools/bin/../lib/gcc/arm-none-eabi/8.2.1/../../../../arm-none-eabi/lib/thumb/v7e-m+fp/hard\libcr_c.a(__fillbuf.o) (_deferredlazyseek)
c:/nxp/mcuxpressoide_11.0.0_2500_prc3/ide/plugins/com.nxp.mcuxpresso.tools.win32_11.0.0.201905131304/tools/bin/../lib/gcc/arm-none-eabi/8.2.1/../../../../arm-none-eabi/lib/thumb/v7e-m+fp/hard\libcr_c.a(_fflush.o)
                              c:/nxp/mcuxpressoide_11.0.0_2500_prc3/ide/plugins/com.nxp.mcuxpresso.tools.win32_11.0.0.201905131304/tools/bin/../lib/gcc/arm-none-eabi/8.2.1/../../../../arm-none-eabi/lib/thumb/v7e-m+fp/hard\libcr_c.a(__fillbuf.o) (_fflush)
c:/nxp/mcuxpressoide_11.0.0_2500_prc3/ide/plugins/com.nxp.mcuxpresso.tools.win32_11.0.0.201905131304/tools/bin/../lib/gcc/arm-none-eabi/8.2.1/../../../../arm-none-eabi/lib/thumb/v7e-m+fp/hard\libcr_c.a(_writebuf.o)
                              c:/nxp/mcuxpressoide_11.0.0_2500_prc3/ide/plugins/com.nxp.mcuxpresso.tools.win32_11.0.0.201905131304/tools/bin/../lib/gcc/arm-none-eabi/8.2.1/../../../../arm-none-eabi/lib/thumb/v7e-m+fp/hard\libcr_c.a(_deferredlazyseek.o) (_Cwritebuf)
c:/nxp/mcuxpressoide_11.0.0_2500_prc3/ide/plugins/com.nxp.mcuxpresso.tools.win32_11.0.0.201905131304/tools/bin/../lib/gcc/arm-none-eabi/8.2.1/../../../../arm-none-eabi/lib/thumb/v7e-m+fp/hard\libcr_c.a(alloc.o)
                              ./drivers/fsl_common.o (malloc)
c:/nxp/mcuxpressoide_11.0.0_2500_prc3/ide/plugins/com.nxp.mcuxpresso.tools.win32_11.0.0.201905131304/tools/bin/../lib/gcc/arm-none-eabi/8.2.1/../../../../arm-none-eabi/lib/thumb/v7e-m+fp/hard\libcr_c.a(fputs.o)
                              c:/nxp/mcuxpressoide_11.0.0_2500_prc3/ide/plugins/com.nxp.mcuxpresso.tools.win32_11.0.0.201905131304/tools/bin/../lib/gcc/arm-none-eabi/8.2.1/../../../../arm-none-eabi/lib/thumb/v7e-m+fp/hard\libcr_semihost_nf.a(_cr_assert.o) (fputs)
c:/nxp/mcuxpressoide_11.0.0_2500_prc3/ide/plugins/com.nxp.mcuxpresso.tools.win32_11.0.0.201905131304/tools/bin/../lib/gcc/arm-none-eabi/8.2.1/../../../../arm-none-eabi/lib/thumb/v7e-m+fp/hard\libcr_c.a(fseek.o)
                              c:/nxp/mcuxpressoide_11.0.0_2500_prc3/ide/plugins/com.nxp.mcuxpresso.tools.win32_11.0.0.201905131304/tools/bin/../lib/gcc/arm-none-eabi/8.2.1/../../../../arm-none-eabi/lib/thumb/v7e-m+fp/hard\libcr_c.a(_deferredlazyseek.o) (fseek)
[...]
Memory Configuration

Name             Origin             Length             Attributes
PROGRAM_FLASH    0x00000000         0x00200000         xr
SRAM_UPPER       0x20000000         0x00030000         xrw
SRAM_LOWER       0x1fff0000         0x00010000         xrw
FLEX_RAM         0x14000000         0x00001000         xrw
*default*        0x00000000         0xffffffff

Linker script and memory map

LOAD ./utilities/fsl_assert.o
LOAD ./utilities/fsl_debug_console.o
LOAD ./utilities/fsl_str.o
LOAD ./startup/startup_mk66f18.o
LOAD ./source/hello_world.o
LOAD ./source/semihost_hardfault.o
LOAD ./drivers/fsl_clock.o
LOAD ./drivers/fsl_common.o
LOAD ./drivers/fsl_ftfx_cache.o
LOAD ./drivers/fsl_ftfx_controller.o
LOAD ./drivers/fsl_ftfx_flash.o
LOAD ./drivers/fsl_ftfx_flexnvm.o
LOAD ./drivers/fsl_gpio.o
LOAD ./drivers/fsl_lpuart.o
LOAD ./drivers/fsl_smc.o
LOAD ./drivers/fsl_uart.o
LOAD ./device/system_MK66F18.o
LOAD ./component/uart/uart_adapter.o
LOAD ./component/serial_manager/serial_manager.o
LOAD ./component/serial_manager/serial_port_uart.o
LOAD ./component/lists/generic_list.o
LOAD ./board/board.o
LOAD ./board/clock_config.o
LOAD ./board/pin_mux.o
START GROUP
LOAD c:/nxp/mcuxpressoide_11.0.0_2500_prc3/ide/plugins/com.nxp.mcuxpresso.tools.win32_11.0.0.201905131304/tools/bin/../lib/gcc/arm-none-eabi/8.2.1/../../../../arm-none-eabi/lib/thumb/v7e-m+fp/hard\libcr_semihost_nf.a
LOAD c:/nxp/mcuxpressoide_11.0.0_2500_prc3/ide/plugins/com.nxp.mcuxpresso.tools.win32_11.0.0.201905131304/tools/bin/../lib/gcc/arm-none-eabi/8.2.1/../../../../arm-none-eabi/lib/thumb/v7e-m+fp/hard\libcr_c.a
LOAD c:/nxp/mcuxpressoide_11.0.0_2500_prc3/ide/plugins/com.nxp.mcuxpresso.tools.win32_11.0.0.201905131304/tools/bin/../lib/gcc/arm-none-eabi/8.2.1/thumb/v7e-m+fp/hard\libcr_eabihelpers.a
LOAD c:/nxp/mcuxpressoide_11.0.0_2500_prc3/ide/plugins/com.nxp.mcuxpresso.tools.win32_11.0.0.201905131304/tools/bin/../lib/gcc/arm-none-eabi/8.2.1/thumb/v7e-m+fp/hard\libgcc.a
END GROUP
                0x00000000                __base_PROGRAM_FLASH = 0x0
                0x00000000                __base_Flash = 0x0
                0x00200000                __top_PROGRAM_FLASH = 0x200000
                0x00200000                __top_Flash = 0x200000
                0x20000000                __base_SRAM_UPPER = 0x20000000
                0x20000000                __base_RAM = 0x20000000
                0x20030000                __top_SRAM_UPPER = 0x20030000
                0x20030000                __top_RAM = 0x20030000
                0x1fff0000                __base_SRAM_LOWER = 0x1fff0000
                0x1fff0000                __base_RAM2 = 0x1fff0000
                0x20000000                __top_SRAM_LOWER = 0x20000000
                0x20000000                __top_RAM2 = 0x20000000
                0x14000000                __base_FLEX_RAM = 0x14000000
                0x14000000                __base_RAM3 = 0x14000000
                0x14001000                __top_FLEX_RAM = 0x14001000
                0x14001000                __top_RAM3 = 0x14001000

.text           0x00000000     0x4760
 FILL mask 0xff
                0x00000000                __vectors_start__ = ABSOLUTE (.)
 *(SORT_BY_ALIGNMENT(.isr_vector))
 .isr_vector    0x00000000      0x1d0 ./startup/startup_mk66f18.o
                0x00000000                g_pfnVectors
                0x00000000                __Vectors
                0x000001d0                . = ALIGN (0x4)
                0x000001d0                __section_table_start = .
                0x000001d0                __data_section_table = .
                0x000001d0        0x4 LONG 0x4760 LOADADDR (.data)
                0x000001d4        0x4 LONG 0x20000000 ADDR (.data)
                0x000001d8        0x4 LONG 0x10 SIZEOF (.data)
                0x000001dc        0x4 LONG 0x4760 LOADADDR (.data_RAM2)
                0x000001e0        0x4 LONG 0x1fff0000 ADDR (.data_RAM2)
                0x000001e4        0x4 LONG 0x0 SIZEOF (.data_RAM2)
                0x000001e8        0x4 LONG 0x4760 LOADADDR (.data_RAM3)
                0x000001ec        0x4 LONG 0x14000000 ADDR (.data_RAM3)
                0x000001f0        0x4 LONG 0x0 SIZEOF (.data_RAM3)
                0x000001f4                __data_section_table_end = .
                0x000001f4                __bss_section_table = .
                0x000001f4        0x4 LONG 0x20000010 ADDR (.bss)
                0x000001f8        0x4 LONG 0x110 SIZEOF (.bss)
                0x000001fc        0x4 LONG 0x1fff0000 ADDR (.bss_RAM2)
                0x00000200        0x4 LONG 0x0 SIZEOF (.bss_RAM2)
                0x00000204        0x4 LONG 0x14000000 ADDR (.bss_RAM3)
                0x00000208        0x4 LONG 0x0 SIZEOF (.bss_RAM3)
                0x0000020c                __bss_section_table_end = .
                0x0000020c                __section_table_end = .
 *(SORT_BY_ALIGNMENT(.after_vectors*))
 .after_vectors.reset
                0x0000020c       0x4c ./startup/startup_mk66f18.o
                0x0000020c                ResetISR
 .after_vectors.init_data
                0x00000258       0x1e ./startup/startup_mk66f18.o
                0x00000258                data_init
 .after_vectors.init_bss
                0x00000276       0x12 ./startup/startup_mk66f18.o
                0x00000276                bss_init
 .after_vectors
                0x00000288       0x14 ./startup/startup_mk66f18.o
                0x00000288                NMI_Handler
                0x0000028c                MemManage_Handler
                0x0000028e                BusFault_Handler
                0x00000290                UsageFault_Handler
                0x00000292                SVC_Handler
                0x00000294                DebugMon_Handler
                0x00000296                PendSV_Handler
                0x00000298                SysTick_Handler
                0x0000029a                DMA_Error_DriverIRQHandler
                0x0000029a                FTM1_DriverIRQHandler
                0x0000029a                FTM2_DriverIRQHandler
                0x0000029a                PIT2_DriverIRQHandler
                0x0000029a                TPM2_DriverIRQHandler
                0x0000029a                SDHC_DriverIRQHandler
                0x0000029a                DMA7_DMA23_DriverIRQHandler
                0x0000029a                I2C3_DriverIRQHandler
                0x0000029a                I2S0_Tx_DriverIRQHandler
                0x0000029a                TSI0_DriverIRQHandler
                0x0000029a                RTC_Seconds_DriverIRQHandler
                0x0000029a                CMP3_DriverIRQHandler
                0x0000029a                LLWU_DriverIRQHandler
                0x0000029a                MCM_DriverIRQHandler
                0x0000029a                DMA14_DMA30_DriverIRQHandler
                0x0000029a                MCG_DriverIRQHandler
                0x0000029a                ENET_1588_Timer_DriverIRQHandler
                0x0000029a                I2C2_DriverIRQHandler
                0x0000029a                DAC1_DriverIRQHandler
                0x0000029a                LPTMR0_DriverIRQHandler
                0x0000029a                CMP1_DriverIRQHandler
                0x0000029a                USBHSDCD_DriverIRQHandler
                0x0000029a                DMA0_DMA16_DriverIRQHandler
                0x0000029a                FTM0_DriverIRQHandler
                0x0000029a                IntDefaultHandler
                0x0000029a                USB0_DriverIRQHandler
                0x0000029a                PORTC_DriverIRQHandler
                0x0000029a                DMA2_DMA18_DriverIRQHandler
                0x0000029a                DAC0_DriverIRQHandler
                0x0000029a                CMP2_DriverIRQHandler
                0x0000029a                UART2_ERR_DriverIRQHandler
                0x0000029a                SPI2_DriverIRQHandler
                0x0000029a                LVD_LVW_DriverIRQHandler
                0x0000029a                Reserved84_DriverIRQHandler
                0x0000029a                SPI1_DriverIRQHandler
                0x0000029a                RNG_DriverIRQHandler
                0x0000029a                USBDCD_DriverIRQHandler
                0x0000029a                UART3_ERR_DriverIRQHandler
                0x0000029a                DMA12_DMA28_DriverIRQHandler
                0x0000029a                DMA10_DMA26_DriverIRQHandler
                0x0000029a                UART0_ERR_DriverIRQHandler
                0x0000029a                CMT_DriverIRQHandler
                0x0000029a                Reserved71_DriverIRQHandler
                0x0000029a                ADC1_DriverIRQHandler
                0x0000029a                PORTA_DriverIRQHandler
                0x0000029a                DMA1_DMA17_DriverIRQHandler
                0x0000029a                PIT3_DriverIRQHandler
                0x0000029a                PIT1_DriverIRQHandler
                0x0000029a                TPM1_DriverIRQHandler
                0x0000029a                WDOG_EWM_DriverIRQHandler
                0x0000029a                PDB0_DriverIRQHandler
                0x0000029a                DMA8_DMA24_DriverIRQHandler
                0x0000029a                DMA6_DMA22_DriverIRQHandler
                0x0000029a                RTC_DriverIRQHandler
                0x0000029a                I2S0_Rx_DriverIRQHandler
                0x0000029a                Read_Collision_DriverIRQHandler
                0x0000029a                SWI_DriverIRQHandler
                0x0000029a                UART4_ERR_DriverIRQHandler
                0x0000029a                PORTB_DriverIRQHandler
                0x0000029a                DMA13_DMA29_DriverIRQHandler
                0x0000029a                DMA11_DMA27_DriverIRQHandler
                0x0000029a                DMA4_DMA20_DriverIRQHandler
                0x0000029a                DMA9_DMA25_DriverIRQHandler
                0x0000029a                I2C1_DriverIRQHandler
                0x0000029a                ENET_Receive_DriverIRQHandler
                0x0000029a                DMA3_DMA19_DriverIRQHandler
                0x0000029a                ENET_Error_DriverIRQHandler
                0x0000029a                Reserved85_DriverIRQHandler
                0x0000029a                SPI0_DriverIRQHandler
                0x0000029a                ADC0_DriverIRQHandler
                0x0000029a                USBHS_DriverIRQHandler
                0x0000029a                CMP0_DriverIRQHandler
                0x0000029a                CAN0_DriverIRQHandler
                0x0000029a                FTM3_DriverIRQHandler
                0x0000029a                DMA5_DMA21_DriverIRQHandler
                0x0000029a                PIT0_DriverIRQHandler
                0x0000029a                DMA15_DMA31_DriverIRQHandler
                0x0000029a                UART1_ERR_DriverIRQHandler
                0x0000029a                ENET_Transmit_DriverIRQHandler
                0x0000029a                PORTD_DriverIRQHandler
                0x0000029a                Reserved46_DriverIRQHandler
                0x0000029a                PORTE_DriverIRQHandler
                0x0000029a                FTFE_DriverIRQHandler
                0x0000029a                I2C0_DriverIRQHandler
                0x0000029a                CAN1_DriverIRQHandler
                0x00000400                . = 0x400
 *fill*         0x0000029c      0x164 ff
                0x00000400                PROVIDE (__FLASH_CONFIG_START__ = .)
 *(SORT_BY_ALIGNMENT(.FlashConfig))
 .FlashConfig   0x00000400       0x10 ./startup/startup_mk66f18.o
                0x00000400                Flash_Config
                0x00000410                PROVIDE (__FLASH_CONFIG_END__ = .)
                0x00000001                ASSERT (! ((__FLASH_CONFIG_START__ == __FLASH_CONFIG_END__)), Linker Flash Config Support Enabled, but no .FlashConfig section provided within application)
 *(SORT_BY_ALIGNMENT(.text*))
 .text.DbgConsole_Init
                0x00000410      0x104 ./utilities/fsl_debug_console.o
                0x00000410                DbgConsole_Init
 .text.main     0x00000514       0x80 ./source/hello_world.o
                0x00000514                main
 .text.CLOCK_SetEr32kClock
                0x00000594       0x30 ./drivers/fsl_clock.o
 .text.CLOCK_SetPllFllSelClock
                0x000005c4       0x58 ./drivers/fsl_clock.o
 .text.CLOCK_GetMcgExtClkFreq
                0x0000061c       0x78 ./drivers/fsl_clock.o
 .text.CLOCK_GetFllExtRefClkFreq
                0x00000694       0xd0 ./drivers/fsl_clock.o
 .text.CLOCK_GetInternalRefClkSelectFreq
                0x00000764       0x44 ./drivers/fsl_clock.o
 .text.CLOCK_GetFllRefClkFreq
                0x000007a8       0x2c ./drivers/fsl_clock.o
 .text.CLOCK_GetOscRangeFromFreq
                0x000007d4       0x3c ./drivers/fsl_clock.o
 .text.CLOCK_GetCoreSysClkFreq
                0x00000810       0x28 ./drivers/fsl_clock.o
                0x00000810                CLOCK_GetCoreSysClkFreq
 .text.CLOCK_SetSimConfig
                0x00000838       0x44 ./drivers/fsl_clock.o
                0x00000838                CLOCK_SetSimConfig
 .text.CLOCK_GetOutClkFreq
                0x0000087c       0x90 ./drivers/fsl_clock.o
                0x0000087c                CLOCK_GetOutClkFreq
 .text.CLOCK_GetFllFreq
                0x0000090c       0x7c ./drivers/fsl_clock.o
                0x0000090c                CLOCK_GetFllFreq
 .text.CLOCK_GetPll0Freq
                0x00000988       0x6c ./drivers/fsl_clock.o
                0x00000988                CLOCK_GetPll0Freq
 .text.CLOCK_GetExtPllFreq
                0x000009f4       0x18 ./drivers/fsl_clock.o
                0x000009f4                CLOCK_GetExtPllFreq
 .text.CLOCK_SetExternalRefClkConfig
                0x00000a0c       0x6c ./drivers/fsl_clock.o
                0x00000a0c                CLOCK_SetExternalRefClkConfig
 .text.CLOCK_SetInternalRefClkConfig
                0x00000a78      0x104 ./drivers/fsl_clock.o
                0x00000a78                CLOCK_SetInternalRefClkConfig
 .text.CLOCK_EnablePll0
                0x00000b7c       0x84 ./drivers/fsl_clock.o
                0x00000b7c                CLOCK_EnablePll0
 .text.CLOCK_InitOsc0
                0x00000c00       0x8c ./drivers/fsl_clock.o
                0x00000c00                CLOCK_InitOsc0
 .text.CLOCK_SetPbeMode
                0x00000c8c       0xe8 ./drivers/fsl_clock.o
                0x00000c8c                CLOCK_SetPbeMode
 .text.CLOCK_BootToPeeMode
                0x00000d74       0x68 ./drivers/fsl_clock.o
                0x00000d74                CLOCK_BootToPeeMode
 .text.LPUART0_DriverIRQHandler
                0x00000ddc       0x28 ./drivers/fsl_lpuart.o
                0x00000ddc                LPUART0_DriverIRQHandler
 .text.UART_GetInstance
                0x00000e04       0x54 ./drivers/fsl_uart.o
                0x00000e04                UART_GetInstance
 .text.UART_Init
                0x00000e58      0x2d8 ./drivers/fsl_uart.o
                0x00000e58                UART_Init
 .text.UART_GetDefaultConfig
                0x00001130       0x68 ./drivers/fsl_uart.o
                0x00001130                UART_GetDefaultConfig
 .text.UART0_DriverIRQHandler
                0x00001198       0x28 ./drivers/fsl_uart.o
                0x00001198                UART0_DriverIRQHandler
 .text.UART1_DriverIRQHandler
                0x000011c0       0x28 ./drivers/fsl_uart.o
                0x000011c0                UART1_DriverIRQHandler
 .text.UART2_DriverIRQHandler
                0x000011e8       0x28 ./drivers/fsl_uart.o
                0x000011e8                UART2_DriverIRQHandler
 .text.UART3_DriverIRQHandler
                0x00001210       0x28 ./drivers/fsl_uart.o
                0x00001210                UART3_DriverIRQHandler
 .text.UART4_DriverIRQHandler
                0x00001238       0x28 ./drivers/fsl_uart.o
                0x00001238                UART4_DriverIRQHandler
 .text.SystemInit
                0x00001260       0x3c ./device/system_MK66F18.o
                0x00001260                SystemInit
 .text.HAL_UartInit
                0x0000129c      0x108 ./component/uart/uart_adapter.o
                0x0000129c                HAL_UartInit
 .text.SerialManager_Init
                0x000013a4       0x74 ./component/serial_manager/serial_manager.o
                0x000013a4                SerialManager_Init
 .text.SerialManager_OpenWriteHandle
                0x00001418       0x58 ./component/serial_manager/serial_manager.o
                0x00001418                SerialManager_OpenWriteHandle
 .text.SerialManager_OpenReadHandle
                0x00001470       0x60 ./component/serial_manager/serial_manager.o
                0x00001470                SerialManager_OpenReadHandle
 .text.Serial_UartInit
                0x000014d0       0x80 ./component/serial_manager/serial_port_uart.o
                0x000014d0                Serial_UartInit
 .text.CLOCK_SetSimSafeDivs
                0x00001550       0x24 ./board/clock_config.o
 .text.CLOCK_SetXtal0Freq
                0x00001574       0x20 ./board/clock_config.o
 .text.CLOCK_CONFIG_SetFllExtRefDiv
                0x00001594       0x3c ./board/clock_config.o
 .text.BOARD_BootClockRUN
                0x000015d0       0x60 ./board/clock_config.o
                0x000015d0                BOARD_BootClockRUN
 .text.BOARD_InitPins
                0x00001630       0x48 ./board/pin_mux.o
                0x00001630                BOARD_InitPins
 .text.__assertion_failed
                0x00001678       0x4c c:/nxp/mcuxpressoide_11.0.0_2500_prc3/ide/plugins/com.nxp.mcuxpresso.tools.win32_11.0.0.201905131304/tools/bin/../lib/gcc/arm-none-eabi/8.2.1/../../../../arm-none-eabi/lib/thumb/v7e-m+fp/hard\libcr_semihost_nf.a(_cr_assert.o)
                0x00001678                __assertion_failed
 .text.__sys_appexit
                0x000016c4        0xc c:/nxp/mcuxpressoide_11.0.0_2500_prc3/ide/plugins/com.nxp.mcuxpresso.tools.win32_11.0.0.201905131304/tools/bin/../lib/gcc/arm-none-eabi/8.2.1/../../../../arm-none-eabi/lib/thumb/v7e-m+fp/hard\libcr_semihost_nf.a(__sys_appexit.o)
                0x000016c4                __sys_appexit
                0x000016c4                __exit
 .text.__filbuf
                0x000016d0      0x178 c:/nxp/mcuxpressoide_11.0.0_2500_prc3/ide/plugins/com.nxp.mcuxpresso.tools.win32_11.0.0.201905131304/tools/bin/../lib/gcc/arm-none-eabi/8.2.1/../../../../arm-none-eabi/lib/thumb/v7e-m+fp/hard\libcr_c.a(__fillbuf.o)
                0x000016d0                __filbuf
 .text._Cwritebuf
                0x00001848       0x6c c:/nxp/mcuxpressoide_11.0.0_2500_prc3/ide/plugins/com.nxp.mcuxpresso.tools.win32_11.0.0.201905131304/tools/bin/../lib/gcc/arm-none-eabi/8.2.1/../../../../arm-none-eabi/lib/thumb/v7e-m+fp/hard\libcr_c.a(_writebuf.o)
                0x00001848                _Cwritebuf
 .text.malloc   0x000018b4       0xc8 c:/nxp/mcuxpressoide_11.0.0_2500_prc3/ide/plugins/com.nxp.mcuxpresso.tools.win32_11.0.0.201905131304/tools/bin/../lib/gcc/arm-none-eabi/8.2.1/../../../../arm-none-eabi/lib/thumb/v7e-m+fp/hard\libcr_c.a(alloc.o)
                0x000018b4                malloc
 .text._Csys_alloc
                0x0000197c       0x20 c:/nxp/mcuxpressoide_11.0.0_2500_prc3/ide/plugins/com.nxp.mcuxpresso.tools.win32_11.0.0.201905131304/tools/bin/../lib/gcc/arm-none-eabi/8.2.1/../../../../arm-none-eabi/lib/thumb/v7e-m+fp/hard\libcr_c.a(alloc.o)
                0x0000197c                _Csys_alloc
 .text.fseek    0x0000199c      0x100 c:/nxp/mcuxpressoide_11.0.0_2500_prc3/ide/plugins/com.nxp.mcuxpresso.tools.win32_11.0.0.201905131304/tools/bin/../lib/gcc/arm-none-eabi/8.2.1/../../../../arm-none-eabi/lib/thumb/v7e-m+fp/hard\libcr_c.a(fseek.o)
                0x0000199c                fseek
 .text.ftell    0x00001a9c       0x48 c:/nxp/mcuxpressoide_11.0.0_2500_prc3/ide/plugins/com.nxp.mcuxpresso.tools.win32_11.0.0.201905131304/tools/bin/../lib/gcc/arm-none-eabi/8.2.1/../../../../arm-none-eabi/lib/thumb/v7e-m+fp/hard\libcr_c.a(ftell.o)
                0x00001a9c                ftell
 .text._initio  0x00001ae4       0x78 c:/nxp/mcuxpressoide_11.0.0_2500_prc3/ide/plugins/com.nxp.mcuxpresso.tools.win32_11.0.0.201905131304/tools/bin/../lib/gcc/arm-none-eabi/8.2.1/../../../../arm-none-eabi/lib/thumb/v7e-m+fp/hard\libcr_c.a(initio.o)
                0x00001ae4                _initio
 .text.__vfprintf
                0x00001b5c      0xbe0 c:/nxp/mcuxpressoide_11.0.0_2500_prc3/ide/plugins/com.nxp.mcuxpresso.tools.win32_11.0.0.201905131304/tools/bin/../lib/gcc/arm-none-eabi/8.2.1/../../../../arm-none-eabi/lib/thumb/v7e-m+fp/hard\libcr_c.a(printf.o)
                0x00001b5c                __vfprintf
 .text._vsnprintf
                0x0000273c       0x68 c:/nxp/mcuxpressoide_11.0.0_2500_prc3/ide/plugins/com.nxp.mcuxpresso.tools.win32_11.0.0.201905131304/tools/bin/../lib/gcc/arm-none-eabi/8.2.1/../../../../arm-none-eabi/lib/thumb/v7e-m+fp/hard\libcr_c.a(printf.o)
                0x0000273c                _vsnprintf
 .text._printf  0x000027a4       0x54 c:/nxp/mcuxpressoide_11.0.0_2500_prc3/ide/plugins/com.nxp.mcuxpresso.tools.win32_11.0.0.201905131304/tools/bin/../lib/gcc/arm-none-eabi/8.2.1/../../../../arm-none-eabi/lib/thumb/v7e-m+fp/hard\libcr_c.a(printf.o)
                0x000027a4                _printf
 .text.setvbuf  0x000027f8       0x40 c:/nxp/mcuxpressoide_11.0.0_2500_prc3/ide/plugins/com.nxp.mcuxpresso.tools.win32_11.0.0.201905131304/tools/bin/../lib/gcc/arm-none-eabi/8.2.1/../../../../arm-none-eabi/lib/thumb/v7e-m+fp/hard\libcr_c.a(setvbuf.o)
                0x000027f8                setvbuf
 .text._sbrk    0x00002838       0x3c c:/nxp/mcuxpressoide_11.0.0_2500_prc3/ide/plugins/com.nxp.mcuxpresso.tools.win32_11.0.0.201905131304/tools/bin/../lib/gcc/arm-none-eabi/8.2.1/../../../../arm-none-eabi/lib/thumb/v7e-m+fp/hard\libcr_c.a(_cr_sbrk.o)
                0x00002838                _sbrk
 .text.fflush   0x00002874       0x44 c:/nxp/mcuxpressoide_11.0.0_2500_prc3/ide/plugins/com.nxp.mcuxpresso.tools.win32_11.0.0.201905131304/tools/bin/../lib/gcc/arm-none-eabi/8.2.1/../../../../arm-none-eabi/lib/thumb/v7e-m+fp/hard\libcr_c.a(fflush.o)
                0x00002874                fflush
 .text.__check_heap_overflow
                0x000028b8       0x18 c:/nxp/mcuxpressoide_11.0.0_2500_prc3/ide/plugins/com.nxp.mcuxpresso.tools.win32_11.0.0.201905131304/tools/bin/../lib/gcc/arm-none-eabi/8.2.1/../../../../arm-none-eabi/lib/thumb/v7e-m+fp/hard\libcr_c.a(_cr_check_heap.o)
                0x000028b8                __check_heap_overflow
 .text.DMA0_DMA16_IRQHandler
                0x000028d0        0x8 ./startup/startup_mk66f18.o
                0x000028d0                DMA0_DMA16_IRQHandler
 .text.DMA1_DMA17_IRQHandler
                0x000028d8        0x8 ./startup/startup_mk66f18.o
                0x000028d8                DMA1_DMA17_IRQHandler
 .text.DMA2_DMA18_IRQHandler
                0x000028e0        0x8 ./startup/startup_mk66f18.o
                0x000028e0                DMA2_DMA18_IRQHandler
 .text.DMA3_DMA19_IRQHandler
                0x000028e8        0x8 ./startup/startup_mk66f18.o
                0x000028e8                DMA3_DMA19_IRQHandler
 .text.DMA4_DMA20_IRQHandler
                0x000028f0        0x8 ./startup/startup_mk66f18.o
                0x000028f0                DMA4_DMA20_IRQHandler
 .text.DMA5_DMA21_IRQHandler
                0x000028f8        0x8 ./startup/startup_mk66f18.o
                0x000028f8                DMA5_DMA21_IRQHandler
 .text.DMA6_DMA22_IRQHandler
                0x00002900        0x8 ./startup/startup_mk66f18.o
                0x00002900                DMA6_DMA22_IRQHandler
 .text.DMA7_DMA23_IRQHandler
                0x00002908        0x8 ./startup/startup_mk66f18.o
                0x00002908                DMA7_DMA23_IRQHandler
 .text.DMA8_DMA24_IRQHandler
                0x00002910        0x8 ./startup/startup_mk66f18.o
                0x00002910                DMA8_DMA24_IRQHandler
 .text.DMA9_DMA25_IRQHandler
                0x00002918        0x8 ./startup/startup_mk66f18.o
                0x00002918                DMA9_DMA25_IRQHandler
 .text.DMA10_DMA26_IRQHandler
                0x00002920        0x8 ./startup/startup_mk66f18.o
                0x00002920                DMA10_DMA26_IRQHandler
 .text.DMA11_DMA27_IRQHandler
                0x00002928        0x8 ./startup/startup_mk66f18.o
                0x00002928                DMA11_DMA27_IRQHandler
 .text.DMA12_DMA28_IRQHandler
                0x00002930        0x8 ./startup/startup_mk66f18.o
                0x00002930                DMA12_DMA28_IRQHandler
 .text.DMA13_DMA29_IRQHandler
                0x00002938        0x8 ./startup/startup_mk66f18.o
                0x00002938                DMA13_DMA29_IRQHandler
 .text.DMA14_DMA30_IRQHandler
                0x00002940        0x8 ./startup/startup_mk66f18.o
                0x00002940                DMA14_DMA30_IRQHandler
 .text.DMA15_DMA31_IRQHandler
                0x00002948        0x8 ./startup/startup_mk66f18.o
                0x00002948                DMA15_DMA31_IRQHandler
 .text.DMA_Error_IRQHandler
                0x00002950        0x8 ./startup/startup_mk66f18.o
                0x00002950                DMA_Error_IRQHandler
 .text.MCM_IRQHandler
                0x00002958        0x8 ./startup/startup_mk66f18.o
                0x00002958                MCM_IRQHandler
 .text.FTFE_IRQHandler
                0x00002960        0x8 ./startup/startup_mk66f18.o
                0x00002960                FTFE_IRQHandler
 .text.Read_Collision_IRQHandler
                0x00002968        0x8 ./startup/startup_mk66f18.o
                0x00002968                Read_Collision_IRQHandler
 .text.LVD_LVW_IRQHandler
                0x00002970        0x8 ./startup/startup_mk66f18.o
                0x00002970                LVD_LVW_IRQHandler
 .text.LLWU_IRQHandler
                0x00002978        0x8 ./startup/startup_mk66f18.o
                0x00002978                LLWU_IRQHandler
 .text.WDOG_EWM_IRQHandler
                0x00002980        0x8 ./startup/startup_mk66f18.o
                0x00002980                WDOG_EWM_IRQHandler
 .text.RNG_IRQHandler
                0x00002988        0x8 ./startup/startup_mk66f18.o
                0x00002988                RNG_IRQHandler
 .text.I2C0_IRQHandler
                0x00002990        0x8 ./startup/startup_mk66f18.o
                0x00002990                I2C0_IRQHandler
 .text.I2C1_IRQHandler
                0x00002998        0x8 ./startup/startup_mk66f18.o
                0x00002998                I2C1_IRQHandler
 .text.SPI0_IRQHandler
                0x000029a0        0x8 ./startup/startup_mk66f18.o
                0x000029a0                SPI0_IRQHandler
 .text.SPI1_IRQHandler
                0x000029a8        0x8 ./startup/startup_mk66f18.o
                0x000029a8                SPI1_IRQHandler
 .text.I2S0_Tx_IRQHandler
                0x000029b0        0x8 ./startup/startup_mk66f18.o
                0x000029b0                I2S0_Tx_IRQHandler
 .text.I2S0_Rx_IRQHandler
                0x000029b8        0x8 ./startup/startup_mk66f18.o
                0x000029b8                I2S0_Rx_IRQHandler
 .text.Reserved46_IRQHandler
                0x000029c0        0x8 ./startup/startup_mk66f18.o
                0x000029c0                Reserved46_IRQHandler
 .text.UART0_RX_TX_IRQHandler
                0x000029c8        0x8 ./startup/startup_mk66f18.o
                0x000029c8                UART0_RX_TX_IRQHandler
 .text.UART0_ERR_IRQHandler
                0x000029d0        0x8 ./startup/startup_mk66f18.o
                0x000029d0                UART0_ERR_IRQHandler
 .text.UART1_RX_TX_IRQHandler
                0x000029d8        0x8 ./startup/startup_mk66f18.o
                0x000029d8                UART1_RX_TX_IRQHandler
 .text.UART1_ERR_IRQHandler
                0x000029e0        0x8 ./startup/startup_mk66f18.o
                0x000029e0                UART1_ERR_IRQHandler
 .text.UART2_RX_TX_IRQHandler
                0x000029e8        0x8 ./startup/startup_mk66f18.o
                0x000029e8                UART2_RX_TX_IRQHandler
 .text.UART2_ERR_IRQHandler
                0x000029f0        0x8 ./startup/startup_mk66f18.o
                0x000029f0                UART2_ERR_IRQHandler
 .text.UART3_RX_TX_IRQHandler
                0x000029f8        0x8 ./startup/startup_mk66f18.o
                0x000029f8                UART3_RX_TX_IRQHandler
 .text.UART3_ERR_IRQHandler
                0x00002a00        0x8 ./startup/startup_mk66f18.o
                0x00002a00                UART3_ERR_IRQHandler
 .text.ADC0_IRQHandler
                0x00002a08        0x8 ./startup/startup_mk66f18.o
                0x00002a08                ADC0_IRQHandler
 .text.CMP0_IRQHandler
                0x00002a10        0x8 ./startup/startup_mk66f18.o
                0x00002a10                CMP0_IRQHandler
 .text.CMP1_IRQHandler
                0x00002a18        0x8 ./startup/startup_mk66f18.o
                0x00002a18                CMP1_IRQHandler
 .text.FTM0_IRQHandler
                0x00002a20        0x8 ./startup/startup_mk66f18.o
                0x00002a20                FTM0_IRQHandler
 .text.FTM1_IRQHandler
                0x00002a28        0x8 ./startup/startup_mk66f18.o
                0x00002a28                FTM1_IRQHandler
 .text.FTM2_IRQHandler
                0x00002a30        0x8 ./startup/startup_mk66f18.o
                0x00002a30                FTM2_IRQHandler
 .text.CMT_IRQHandler
                0x00002a38        0x8 ./startup/startup_mk66f18.o
                0x00002a38                CMT_IRQHandler
 .text.RTC_IRQHandler
                0x00002a40        0x8 ./startup/startup_mk66f18.o
                0x00002a40                RTC_IRQHandler
 .text.RTC_Seconds_IRQHandler
                0x00002a48        0x8 ./startup/startup_mk66f18.o
                0x00002a48                RTC_Seconds_IRQHandler
 .text.PIT0_IRQHandler
                0x00002a50        0x8 ./startup/startup_mk66f18.o
                0x00002a50                PIT0_IRQHandler
 .text.PIT1_IRQHandler
                0x00002a58        0x8 ./startup/startup_mk66f18.o
                0x00002a58                PIT1_IRQHandler
 .text.PIT2_IRQHandler
                0x00002a60        0x8 ./startup/startup_mk66f18.o
                0x00002a60                PIT2_IRQHandler
 .text.PIT3_IRQHandler
                0x00002a68        0x8 ./startup/startup_mk66f18.o
                0x00002a68                PIT3_IRQHandler
 .text.PDB0_IRQHandler
                0x00002a70        0x8 ./startup/startup_mk66f18.o
                0x00002a70                PDB0_IRQHandler
 .text.USB0_IRQHandler
                0x00002a78        0x8 ./startup/startup_mk66f18.o
                0x00002a78                USB0_IRQHandler
 .text.USBDCD_IRQHandler
                0x00002a80        0x8 ./startup/startup_mk66f18.o
                0x00002a80                USBDCD_IRQHandler
 .text.Reserved71_IRQHandler
                0x00002a88        0x8 ./startup/startup_mk66f18.o
                0x00002a88                Reserved71_IRQHandler
 .text.DAC0_IRQHandler
                0x00002a90        0x8 ./startup/startup_mk66f18.o
                0x00002a90                DAC0_IRQHandler
 .text.MCG_IRQHandler
                0x00002a98        0x8 ./startup/startup_mk66f18.o
                0x00002a98                MCG_IRQHandler
 .text.LPTMR0_IRQHandler
                0x00002aa0        0x8 ./startup/startup_mk66f18.o
                0x00002aa0                LPTMR0_IRQHandler
 .text.PORTA_IRQHandler
                0x00002aa8        0x8 ./startup/startup_mk66f18.o
                0x00002aa8                PORTA_IRQHandler
 .text.PORTB_IRQHandler
                0x00002ab0        0x8 ./startup/startup_mk66f18.o
                0x00002ab0                PORTB_IRQHandler
 .text.PORTC_IRQHandler
                0x00002ab8        0x8 ./startup/startup_mk66f18.o
                0x00002ab8                PORTC_IRQHandler
 .text.PORTD_IRQHandler
                0x00002ac0        0x8 ./startup/startup_mk66f18.o
                0x00002ac0                PORTD_IRQHandler
 .text.PORTE_IRQHandler
                0x00002ac8        0x8 ./startup/startup_mk66f18.o
                0x00002ac8                PORTE_IRQHandler
 .text.SWI_IRQHandler
                0x00002ad0        0x8 ./startup/startup_mk66f18.o
                0x00002ad0                SWI_IRQHandler
 .text.SPI2_IRQHandler
                0x00002ad8        0x8 ./startup/startup_mk66f18.o
                0x00002ad8                SPI2_IRQHandler
 .text.UART4_RX_TX_IRQHandler
                0x00002ae0        0x8 ./startup/startup_mk66f18.o
                0x00002ae0                UART4_RX_TX_IRQHandler
 .text.UART4_ERR_IRQHandler
                0x00002ae8        0x8 ./startup/startup_mk66f18.o
                0x00002ae8                UART4_ERR_IRQHandler
 .text.Reserved84_IRQHandler
                0x00002af0        0x8 ./startup/startup_mk66f18.o
                0x00002af0                Reserved84_IRQHandler
 .text.Reserved85_IRQHandler
                0x00002af8        0x8 ./startup/startup_mk66f18.o
                0x00002af8                Reserved85_IRQHandler
 .text.CMP2_IRQHandler
                0x00002b00        0x8 ./startup/startup_mk66f18.o
                0x00002b00                CMP2_IRQHandler
 .text.FTM3_IRQHandler
                0x00002b08        0x8 ./startup/startup_mk66f18.o
                0x00002b08                FTM3_IRQHandler
 .text.DAC1_IRQHandler
                0x00002b10        0x8 ./startup/startup_mk66f18.o
                0x00002b10                DAC1_IRQHandler
 .text.ADC1_IRQHandler
                0x00002b18        0x8 ./startup/startup_mk66f18.o
                0x00002b18                ADC1_IRQHandler
 .text.I2C2_IRQHandler
                0x00002b20        0x8 ./startup/startup_mk66f18.o
                0x00002b20                I2C2_IRQHandler
 .text.CAN0_ORed_Message_buffer_IRQHandler
                0x00002b28        0x8 ./startup/startup_mk66f18.o
                0x00002b28                CAN0_ORed_Message_buffer_IRQHandler
 .text.CAN0_Bus_Off_IRQHandler
                0x00002b30        0x8 ./startup/startup_mk66f18.o
                0x00002b30                CAN0_Bus_Off_IRQHandler
 .text.CAN0_Error_IRQHandler
                0x00002b38        0x8 ./startup/startup_mk66f18.o
                0x00002b38                CAN0_Error_IRQHandler
 .text.CAN0_Tx_Warning_IRQHandler
                0x00002b40        0x8 ./startup/startup_mk66f18.o
                0x00002b40                CAN0_Tx_Warning_IRQHandler
 .text.CAN0_Rx_Warning_IRQHandler
                0x00002b48        0x8 ./startup/startup_mk66f18.o
                0x00002b48                CAN0_Rx_Warning_IRQHandler
 .text.CAN0_Wake_Up_IRQHandler
                0x00002b50        0x8 ./startup/startup_mk66f18.o
                0x00002b50                CAN0_Wake_Up_IRQHandler
 .text.SDHC_IRQHandler
                0x00002b58        0x8 ./startup/startup_mk66f18.o
                0x00002b58                SDHC_IRQHandler
 .text.ENET_1588_Timer_IRQHandler
                0x00002b60        0x8 ./startup/startup_mk66f18.o
                0x00002b60                ENET_1588_Timer_IRQHandler
 .text.ENET_Transmit_IRQHandler
                0x00002b68        0x8 ./startup/startup_mk66f18.o
                0x00002b68                ENET_Transmit_IRQHandler
 .text.ENET_Receive_IRQHandler
                0x00002b70        0x8 ./startup/startup_mk66f18.o
                0x00002b70                ENET_Receive_IRQHandler
 .text.ENET_Error_IRQHandler
                0x00002b78        0x8 ./startup/startup_mk66f18.o
                0x00002b78                ENET_Error_IRQHandler
 .text.LPUART0_IRQHandler
                0x00002b80        0x8 ./startup/startup_mk66f18.o
                0x00002b80                LPUART0_IRQHandler
 .text.TSI0_IRQHandler
                0x00002b88        0x8 ./startup/startup_mk66f18.o
                0x00002b88                TSI0_IRQHandler
 .text.TPM1_IRQHandler
                0x00002b90        0x8 ./startup/startup_mk66f18.o
                0x00002b90                TPM1_IRQHandler
 .text.TPM2_IRQHandler
                0x00002b98        0x8 ./startup/startup_mk66f18.o
                0x00002b98                TPM2_IRQHandler
 .text.USBHSDCD_IRQHandler
                0x00002ba0        0x8 ./startup/startup_mk66f18.o
                0x00002ba0                USBHSDCD_IRQHandler
 .text.I2C3_IRQHandler
                0x00002ba8        0x8 ./startup/startup_mk66f18.o
                0x00002ba8                I2C3_IRQHandler
 .text.CMP3_IRQHandler
                0x00002bb0        0x8 ./startup/startup_mk66f18.o
                0x00002bb0                CMP3_IRQHandler
 .text.USBHS_IRQHandler
                0x00002bb8        0x8 ./startup/startup_mk66f18.o
                0x00002bb8                USBHS_IRQHandler
 .text.CAN1_ORed_Message_buffer_IRQHandler
                0x00002bc0        0x8 ./startup/startup_mk66f18.o
                0x00002bc0                CAN1_ORed_Message_buffer_IRQHandler
 .text.CAN1_Bus_Off_IRQHandler
                0x00002bc8        0x8 ./startup/startup_mk66f18.o
                0x00002bc8                CAN1_Bus_Off_IRQHandler
 .text.CAN1_Error_IRQHandler
                0x00002bd0        0x8 ./startup/startup_mk66f18.o
                0x00002bd0                CAN1_Error_IRQHandler
 .text.CAN1_Tx_Warning_IRQHandler
                0x00002bd8        0x8 ./startup/startup_mk66f18.o
                0x00002bd8                CAN1_Tx_Warning_IRQHandler
 .text.CAN1_Rx_Warning_IRQHandler
                0x00002be0        0x8 ./startup/startup_mk66f18.o
                0x00002be0                CAN1_Rx_Warning_IRQHandler
 .text.CAN1_Wake_Up_IRQHandler
                0x00002be8        0x8 ./startup/startup_mk66f18.o
                0x00002be8                CAN1_Wake_Up_IRQHandler
 .text.HardFault_Handler
                0x00002bf0       0x2c ./source/semihost_hardfault.o
                0x00002bf0                HardFault_Handler
 .text.OSC_SetExtRefClkConfig
                0x00002c1c       0x40 ./drivers/fsl_clock.o
 .text.OSC_SetCapLoad
                0x00002c5c       0x34 ./drivers/fsl_clock.o
 .text.CLOCK_GetPll0RefFreq
                0x00002c90        0xe ./drivers/fsl_clock.o
 .text.CLOCK_EnableClock
                0x00002c9e       0x34 ./drivers/fsl_uart.o
 .text.UART0_RX_TX_DriverIRQHandler
                0x00002cd2       0x10 ./drivers/fsl_uart.o
                0x00002cd2                UART0_RX_TX_DriverIRQHandler
 .text.UART1_RX_TX_DriverIRQHandler
                0x00002ce2       0x10 ./drivers/fsl_uart.o
                0x00002ce2                UART1_RX_TX_DriverIRQHandler
 .text.UART2_RX_TX_DriverIRQHandler
                0x00002cf2       0x10 ./drivers/fsl_uart.o
                0x00002cf2                UART2_RX_TX_DriverIRQHandler
 .text.UART3_RX_TX_DriverIRQHandler
                0x00002d02       0x10 ./drivers/fsl_uart.o
                0x00002d02                UART3_RX_TX_DriverIRQHandler
 .text.UART4_RX_TX_DriverIRQHandler
                0x00002d12       0x10 ./drivers/fsl_uart.o
                0x00002d12                UART4_RX_TX_DriverIRQHandler
 .text.SystemInitHook
                0x00002d22        0xe ./device/system_MK66F18.o
                0x00002d22                SystemInitHook
 .text.HAL_UartGetStatus
                0x00002d30       0x22 ./component/uart/uart_adapter.o
 .text.BOARD_InitDebugConsole
                0x00002d52       0x22 ./board/board.o
                0x00002d52                BOARD_InitDebugConsole
 .text.CLOCK_EnableClock
                0x00002d74       0x34 ./board/pin_mux.o
 .text.PORT_SetPinMux
                0x00002da8       0x3a ./board/pin_mux.o
 .text.__main   0x00002de2        0xe c:/nxp/mcuxpressoide_11.0.0_2500_prc3/ide/plugins/com.nxp.mcuxpresso.tools.win32_11.0.0.201905131304/tools/bin/../lib/gcc/arm-none-eabi/8.2.1/../../../../arm-none-eabi/lib/thumb/v7e-m+fp/hard\libcr_semihost_nf.a(_cr__main.o)
                0x00002de2                __CR_SEMIHOST
                0x00002de2                __main
 .text.memset   0x00002df0        0x4 c:/nxp/mcuxpressoide_11.0.0_2500_prc3/ide/plugins/com.nxp.mcuxpresso.tools.win32_11.0.0.201905131304/tools/bin/../lib/gcc/arm-none-eabi/8.2.1/../../../../arm-none-eabi/lib/thumb/v7e-m+fp/hard\libcr_c.a(memset.o)
                0x00002df0                memset
 .text._Csys_read_
                0x00002df4       0x22 c:/nxp/mcuxpressoide_11.0.0_2500_prc3/ide/plugins/com.nxp.mcuxpresso.tools.win32_11.0.0.201905131304/tools/bin/../lib/gcc/arm-none-eabi/8.2.1/../../../../arm-none-eabi/lib/thumb/v7e-m+fp/hard\libcr_c.a(__fillbuf.o)
                0x00002df4                _Csys_read_
 .text._deferredlazyseek
                0x00002e16       0x40 c:/nxp/mcuxpressoide_11.0.0_2500_prc3/ide/plugins/com.nxp.mcuxpresso.tools.win32_11.0.0.201905131304/tools/bin/../lib/gcc/arm-none-eabi/8.2.1/../../../../arm-none-eabi/lib/thumb/v7e-m+fp/hard\libcr_c.a(_deferredlazyseek.o)
                0x00002e16                _deferredlazyseek
 .text.__flsbuf
                0x00002e56      0x140 c:/nxp/mcuxpressoide_11.0.0_2500_prc3/ide/plugins/com.nxp.mcuxpresso.tools.win32_11.0.0.201905131304/tools/bin/../lib/gcc/arm-none-eabi/8.2.1/../../../../arm-none-eabi/lib/thumb/v7e-m+fp/hard\libcr_c.a(_deferredlazyseek.o)
                0x00002e56                __flsbuf
 .text._fflush  0x00002f96       0x52 c:/nxp/mcuxpressoide_11.0.0_2500_prc3/ide/plugins/com.nxp.mcuxpresso.tools.win32_11.0.0.201905131304/tools/bin/../lib/gcc/arm-none-eabi/8.2.1/../../../../arm-none-eabi/lib/thumb/v7e-m+fp/hard\libcr_c.a(_fflush.o)
                0x00002f96                _fflush
 .text.free     0x00002fe8       0x30 c:/nxp/mcuxpressoide_11.0.0_2500_prc3/ide/plugins/com.nxp.mcuxpresso.tools.win32_11.0.0.201905131304/tools/bin/../lib/gcc/arm-none-eabi/8.2.1/../../../../arm-none-eabi/lib/thumb/v7e-m+fp/hard\libcr_c.a(alloc.o)
                0x00002fe8                free
 .text.fputs    0x00003018       0x2c c:/nxp/mcuxpressoide_11.0.0_2500_prc3/ide/plugins/com.nxp.mcuxpresso.tools.win32_11.0.0.201905131304/tools/bin/../lib/gcc/arm-none-eabi/8.2.1/../../../../arm-none-eabi/lib/thumb/v7e-m+fp/hard\libcr_c.a(fputs.o)
                0x00003018                fputs
 .text.no_fp_display
                0x00003044        0x4 c:/nxp/mcuxpressoide_11.0.0_2500_prc3/ide/plugins/com.nxp.mcuxpresso.tools.win32_11.0.0.201905131304/tools/bin/../lib/gcc/arm-none-eabi/8.2.1/../../../../arm-none-eabi/lib/thumb/v7e-m+fp/hard\libcr_c.a(printf.o)
 .text.strlen   0x00003048       0x4c c:/nxp/mcuxpressoide_11.0.0_2500_prc3/ide/plugins/com.nxp.mcuxpresso.tools.win32_11.0.0.201905131304/tools/bin/../lib/gcc/arm-none-eabi/8.2.1/../../../../arm-none-eabi/lib/thumb/v7e-m+fp/hard\libcr_c.a(strlen.o)
                0x00003048                strlen
 .text._fdopen  0x00003094       0x68 c:/nxp/mcuxpressoide_11.0.0_2500_prc3/ide/plugins/com.nxp.mcuxpresso.tools.win32_11.0.0.201905131304/tools/bin/../lib/gcc/arm-none-eabi/8.2.1/../../../../arm-none-eabi/lib/thumb/v7e-m+fp/hard\libcr_c.a(_fdopen.o)
                0x00003094                _fdopen
 .text.fclose   0x000030fc       0x58 c:/nxp/mcuxpressoide_11.0.0_2500_prc3/ide/plugins/com.nxp.mcuxpresso.tools.win32_11.0.0.201905131304/tools/bin/../lib/gcc/arm-none-eabi/8.2.1/../../../../arm-none-eabi/lib/thumb/v7e-m+fp/hard\libcr_c.a(fclose.o)
                0x000030fc                fclose
 .text.remove   0x00003154       0x14 c:/nxp/mcuxpressoide_11.0.0_2500_prc3/ide/plugins/com.nxp.mcuxpresso.tools.win32_11.0.0.201905131304/tools/bin/../lib/gcc/arm-none-eabi/8.2.1/../../../../arm-none-eabi/lib/thumb/v7e-m+fp/hard\libcr_c.a(remove.o)
                0x00003154                remove
 .text._do_fflush
                0x00003168       0x40 c:/nxp/mcuxpressoide_11.0.0_2500_prc3/ide/plugins/com.nxp.mcuxpresso.tools.win32_11.0.0.201905131304/tools/bin/../lib/gcc/arm-none-eabi/8.2.1/../../../../arm-none-eabi/lib/thumb/v7e-m+fp/hard\libcr_c.a(_do_fflush.o)
                0x00003168                _do_fflush
 .text.__aeabi_memset_lowlevel
                0x000031a8       0x32 c:/nxp/mcuxpressoide_11.0.0_2500_prc3/ide/plugins/com.nxp.mcuxpresso.tools.win32_11.0.0.201905131304/tools/bin/../lib/gcc/arm-none-eabi/8.2.1/thumb/v7e-m+fp/hard\libcr_eabihelpers.a(memcpy.o)
                0x000031a8                __aeabi_lowlevel_memset
 .text.__sys_close
                0x000031da        0xc c:/nxp/mcuxpressoide_11.0.0_2500_prc3/ide/plugins/com.nxp.mcuxpresso.tools.win32_11.0.0.201905131304/tools/bin/../lib/gcc/arm-none-eabi/8.2.1/../../../../arm-none-eabi/lib/thumb/v7e-m+fp/hard\libcr_semihost_nf.a(__sys_close.o)
                0x000031da                __sys_close
 .text.__sys_flen
                0x000031e6        0xc c:/nxp/mcuxpressoide_11.0.0_2500_prc3/ide/plugins/com.nxp.mcuxpresso.tools.win32_11.0.0.201905131304/tools/bin/../lib/gcc/arm-none-eabi/8.2.1/../../../../arm-none-eabi/lib/thumb/v7e-m+fp/hard\libcr_semihost_nf.a(__sys_flen.o)
                0x000031e6                __sys_flen
 .text.__sys_istty
                0x000031f2        0xc c:/nxp/mcuxpressoide_11.0.0_2500_prc3/ide/plugins/com.nxp.mcuxpresso.tools.win32_11.0.0.201905131304/tools/bin/../lib/gcc/arm-none-eabi/8.2.1/../../../../arm-none-eabi/lib/thumb/v7e-m+fp/hard\libcr_semihost_nf.a(__sys_istty.o)
                0x000031f2                __sys_istty
 .text.__sys_read
                0x000031fe        0xc c:/nxp/mcuxpressoide_11.0.0_2500_prc3/ide/plugins/com.nxp.mcuxpresso.tools.win32_11.0.0.201905131304/tools/bin/../lib/gcc/arm-none-eabi/8.2.1/../../../../arm-none-eabi/lib/thumb/v7e-m+fp/hard\libcr_semihost_nf.a(__sys_read.o)
                0x000031fe                __sys_read
 .text.__sys_readc
                0x0000320a        0x8 c:/nxp/mcuxpressoide_11.0.0_2500_prc3/ide/plugins/com.nxp.mcuxpresso.tools.win32_11.0.0.201905131304/tools/bin/../lib/gcc/arm-none-eabi/8.2.1/../../../../arm-none-eabi/lib/thumb/v7e-m+fp/hard\libcr_semihost_nf.a(__sys_readc.o)
                0x0000320a                __sys_readc
                0x0000320a                __readc
 .text.__sys_remove
                0x00003212        0xc c:/nxp/mcuxpressoide_11.0.0_2500_prc3/ide/plugins/com.nxp.mcuxpresso.tools.win32_11.0.0.201905131304/tools/bin/../lib/gcc/arm-none-eabi/8.2.1/../../../../arm-none-eabi/lib/thumb/v7e-m+fp/hard\libcr_semihost_nf.a(__sys_remove.o)
                0x00003212                __sys_remove
 .text.__sys_seek
                0x0000321e        0xc c:/nxp/mcuxpressoide_11.0.0_2500_prc3/ide/plugins/com.nxp.mcuxpresso.tools.win32_11.0.0.201905131304/tools/bin/../lib/gcc/arm-none-eabi/8.2.1/../../../../arm-none-eabi/lib/thumb/v7e-m+fp/hard\libcr_semihost_nf.a(__sys_seek.o)
                0x0000321e                __sys_seek
 .text.__sys_tmpnam
                0x0000322a        0xc c:/nxp/mcuxpressoide_11.0.0_2500_prc3/ide/plugins/com.nxp.mcuxpresso.tools.win32_11.0.0.201905131304/tools/bin/../lib/gcc/arm-none-eabi/8.2.1/../../../../arm-none-eabi/lib/thumb/v7e-m+fp/hard\libcr_semihost_nf.a(__sys_tmpnam.o)
                0x0000322a                __sys_tmpnam
 .text.__sys_write
                0x00003236        0xc c:/nxp/mcuxpressoide_11.0.0_2500_prc3/ide/plugins/com.nxp.mcuxpresso.tools.win32_11.0.0.201905131304/tools/bin/../lib/gcc/arm-none-eabi/8.2.1/../../../../arm-none-eabi/lib/thumb/v7e-m+fp/hard\libcr_semihost_nf.a(__sys_write.o)
                0x00003236                __sys_write
 *(SORT_BY_ALIGNMENT(.rodata) SORT_BY_ALIGNMENT(.rodata.*) SORT_BY_ALIGNMENT(.constdata) SORT_BY_ALIGNMENT(.constdata.*))
 *fill*         0x00003242        0x2 ff
 .rodata        0x00003244      0x21f ./utilities/fsl_debug_console.o
 *fill*         0x00003463        0x1 ff
 .rodata        0x00003464        0xf ./source/hello_world.o
 *fill*         0x00003473        0x1 ff
 .rodata        0x00003474      0x337 ./drivers/fsl_clock.o
 *fill*         0x000037ab        0x1 ff
 .rodata.fllFactorTable.8261
                0x000037ac       0x10 ./drivers/fsl_clock.o
 .rodata.s_uartBases
                0x000037bc       0x14 ./drivers/fsl_uart.o
 .rodata.s_uartClock
                0x000037d0       0x14 ./drivers/fsl_uart.o
 .rodata        0x000037e4      0x514 ./drivers/fsl_uart.o
 .rodata.s_UartAdapterBase
                0x00003cf8       0x14 ./component/uart/uart_adapter.o
 .rodata        0x00003d0c      0x25e ./component/uart/uart_adapter.o
 *fill*         0x00003f6a        0x2 ff
 .rodata        0x00003f6c      0x525 ./component/serial_manager/serial_manager.o
 *fill*         0x00004491        0x3 ff
 .rodata        0x00004494      0x244 ./component/serial_manager/serial_port_uart.o
 .rodata.mcgConfig_BOARD_BootClockRUN
                0x000046d8        0xc ./board/clock_config.o
                0x000046d8                mcgConfig_BOARD_BootClockRUN
 .rodata.simConfig_BOARD_BootClockRUN
                0x000046e4        0x8 ./board/clock_config.o
                0x000046e4                simConfig_BOARD_BootClockRUN
 .rodata.oscConfig_BOARD_BootClockRUN
                0x000046ec        0x8 ./board/clock_config.o
                0x000046ec                oscConfig_BOARD_BootClockRUN
 .rodata.__num_Ciob_streams
                0x000046f4        0x4 c:/nxp/mcuxpressoide_11.0.0_2500_prc3/ide/plugins/com.nxp.mcuxpresso.tools.win32_11.0.0.201905131304/tools/bin/../lib/gcc/arm-none-eabi/8.2.1/../../../../arm-none-eabi/lib/thumb/v7e-m+fp/hard\libcr_semihost_nf.a(__ciob.o)
                0x000046f4                __num_Ciob_streams
 .rodata.__assertion_failed.str1.1
                0x000046f8       0x15 c:/nxp/mcuxpressoide_11.0.0_2500_prc3/ide/plugins/com.nxp.mcuxpresso.tools.win32_11.0.0.201905131304/tools/bin/../lib/gcc/arm-none-eabi/8.2.1/../../../../arm-none-eabi/lib/thumb/v7e-m+fp/hard\libcr_semihost_nf.a(_cr_assert.o)
 .rodata._Csys_alloc.str1.1
                0x0000470d       0x18 c:/nxp/mcuxpressoide_11.0.0_2500_prc3/ide/plugins/com.nxp.mcuxpresso.tools.win32_11.0.0.201905131304/tools/bin/../lib/gcc/arm-none-eabi/8.2.1/../../../../arm-none-eabi/lib/thumb/v7e-m+fp/hard\libcr_c.a(alloc.o)
 .rodata._initio.str1.1
                0x00004725        0x4 c:/nxp/mcuxpressoide_11.0.0_2500_prc3/ide/plugins/com.nxp.mcuxpresso.tools.win32_11.0.0.201905131304/tools/bin/../lib/gcc/arm-none-eabi/8.2.1/../../../../arm-none-eabi/lib/thumb/v7e-m+fp/hard\libcr_c.a(initio.o)
 .rodata.__vfprintf.str1.1
                0x00004729       0x35 c:/nxp/mcuxpressoide_11.0.0_2500_prc3/ide/plugins/com.nxp.mcuxpresso.tools.win32_11.0.0.201905131304/tools/bin/../lib/gcc/arm-none-eabi/8.2.1/../../../../arm-none-eabi/lib/thumb/v7e-m+fp/hard\libcr_c.a(printf.o)
                                 0x38 (size before relaxing)
                0x00004760                . = ALIGN (0x8)
 *fill*         0x0000475e        0x2 ff

.glue_7         0x00004760        0x0
 .glue_7        0x00004760        0x0 linker stubs

.glue_7t        0x00004760        0x0
 .glue_7t       0x00004760        0x0 linker stubs

.vfp11_veneer   0x00004760        0x0
 .vfp11_veneer  0x00004760        0x0 linker stubs

.v4_bx          0x00004760        0x0
 .v4_bx         0x00004760        0x0 linker stubs

.iplt           0x00004760        0x0
 .iplt          0x00004760        0x0 ./utilities/fsl_debug_console.o

.rel.dyn        0x00004760        0x0
 .rel.iplt      0x00004760        0x0 ./utilities/fsl_debug_console.o

.ARM.extab
 *(SORT_BY_ALIGNMENT(.ARM.extab*) SORT_BY_ALIGNMENT(.gnu.linkonce.armextab.*))
                0x00004760                __exidx_start = .

.ARM.exidx
 *(SORT_BY_ALIGNMENT(.ARM.exidx*) SORT_BY_ALIGNMENT(.gnu.linkonce.armexidx.*))
                0x00004760                __exidx_end = .
                0x00004760                _etext = .

.m_usb_data
 *(SORT_BY_ALIGNMENT(m_usb_bdt))

.data_RAM2      0x1fff0000        0x0 load address 0x00004760
 FILL mask 0xff
                [!provide]                PROVIDE (__start_data_RAM2 = .)
 *(SORT_BY_ALIGNMENT(.ramfunc.$RAM2))
 *(SORT_BY_ALIGNMENT(.ramfunc.$SRAM_LOWER))
 *(SORT_BY_ALIGNMENT(NonCacheable.init))
 *(SORT_BY_ALIGNMENT(.data.$RAM2))
 *(SORT_BY_ALIGNMENT(.data.$SRAM_LOWER))
 *(SORT_BY_ALIGNMENT(.data.$RAM2.*))
 *(SORT_BY_ALIGNMENT(.data.$SRAM_LOWER.*))
                0x1fff0000                . = ALIGN (0x8)
                [!provide]                PROVIDE (__end_data_RAM2 = .)

.data_RAM3      0x14000000        0x0 load address 0x00004760
 FILL mask 0xff
                [!provide]                PROVIDE (__start_data_RAM3 = .)
 *(SORT_BY_ALIGNMENT(.ramfunc.$RAM3))
 *(SORT_BY_ALIGNMENT(.ramfunc.$FLEX_RAM))
 *(SORT_BY_ALIGNMENT(.data.$RAM3))
 *(SORT_BY_ALIGNMENT(.data.$FLEX_RAM))
 *(SORT_BY_ALIGNMENT(.data.$RAM3.*))
 *(SORT_BY_ALIGNMENT(.data.$FLEX_RAM.*))
                0x14000000                . = ALIGN (0x8)
                [!provide]                PROVIDE (__end_data_RAM3 = .)

.uninit_RESERVED
                0x20000000        0x0
                0x20000000                . = ALIGN (0x8)
 *(SORT_BY_ALIGNMENT(.bss.$RESERVED*))
                0x20000000                . = ALIGN (0x8)
                0x20000000                _end_uninit_RESERVED = .

.data           0x20000000       0x10 load address 0x00004760
 FILL mask 0xff
                0x20000000                _data = .
 *(SORT_BY_ALIGNMENT(vtable))
 *(SORT_BY_ALIGNMENT(.ramfunc*))
 *(SORT_BY_ALIGNMENT(.data*))
 .data.s_slowIrcFreq
                0x20000000        0x4 ./drivers/fsl_clock.o
 .data.s_fastIrcFreq
                0x20000004        0x4 ./drivers/fsl_clock.o
 .data.SystemCoreClock
                0x20000008        0x4 ./device/system_MK66F18.o
                0x20000008                SystemCoreClock
                0x20000010                . = ALIGN (0x8)
 *fill*         0x2000000c        0x4 ff
                0x20000010                _edata = .

.igot.plt       0x20000010        0x0 load address 0x00004770
 .igot.plt      0x20000010        0x0 ./utilities/fsl_debug_console.o

.bss_RAM2       0x1fff0000        0x0
                0x1fff0000                . = ALIGN (0x8)
                [!provide]                PROVIDE (__start_bss_RAM2 = .)
 *(SORT_BY_ALIGNMENT(NonCacheable))
 *(SORT_BY_ALIGNMENT(.bss.$RAM2))
 *(SORT_BY_ALIGNMENT(.bss.$SRAM_LOWER))
 *(SORT_BY_ALIGNMENT(.bss.$RAM2.*))
 *(SORT_BY_ALIGNMENT(.bss.$SRAM_LOWER.*))
                0x1fff0000                . = ALIGN ((. != 0x0)?0x8:0x1)
                [!provide]                PROVIDE (__end_bss_RAM2 = .)

.bss_RAM3       0x14000000        0x0
                0x14000000                . = ALIGN (0x8)
                [!provide]                PROVIDE (__start_bss_RAM3 = .)
 *(SORT_BY_ALIGNMENT(.bss.$RAM3))
 *(SORT_BY_ALIGNMENT(.bss.$FLEX_RAM))
 *(SORT_BY_ALIGNMENT(.bss.$RAM3.*))
 *(SORT_BY_ALIGNMENT(.bss.$FLEX_RAM.*))
                0x14000000                . = ALIGN ((. != 0x0)?0x8:0x1)
                [!provide]                PROVIDE (__end_bss_RAM3 = .)

.bss            0x20000010      0x110
                0x20000010                . = ALIGN (0x8)
                0x20000010                _bss = .
 *(SORT_BY_ALIGNMENT(.bss*))
 .bss.s_debugConsoleState
                0x20000010       0x1c ./utilities/fsl_debug_console.o
 .bss.g_serialHandle
                0x2000002c        0x4 ./utilities/fsl_debug_console.o
                0x2000002c                g_serialHandle
 .bss.s_extPllFreq
                0x20000030        0x4 ./drivers/fsl_clock.o
 .bss.g_xtal0Freq
                0x20000034        0x4 ./drivers/fsl_clock.o
                0x20000034                g_xtal0Freq
 .bss.g_xtal32Freq
                0x20000038        0x4 ./drivers/fsl_clock.o
                0x20000038                g_xtal32Freq
 .bss.s_lpuartHandle
                0x2000003c        0x4 ./drivers/fsl_lpuart.o
 .bss.s_lpuartIsr
                0x20000040        0x4 ./drivers/fsl_lpuart.o
 .bss.s_uartHandle
                0x20000044       0x14 ./drivers/fsl_uart.o
 .bss.s_uartIsr
                0x20000058        0x4 ./drivers/fsl_uart.o
 .bss.__Ciob    0x2000005c       0xb4 c:/nxp/mcuxpressoide_11.0.0_2500_prc3/ide/plugins/com.nxp.mcuxpresso.tools.win32_11.0.0.201905131304/tools/bin/../lib/gcc/arm-none-eabi/8.2.1/../../../../arm-none-eabi/lib/thumb/v7e-m+fp/hard\libcr_semihost_nf.a(__ciob.o)
                0x2000005c                __Ciob
 .bss.__end_of_heap
                0x20000110        0x4 c:/nxp/mcuxpressoide_11.0.0_2500_prc3/ide/plugins/com.nxp.mcuxpresso.tools.win32_11.0.0.201905131304/tools/bin/../lib/gcc/arm-none-eabi/8.2.1/../../../../arm-none-eabi/lib/thumb/v7e-m+fp/hard\libcr_c.a(__init_alloc.o)
                0x20000110                __end_of_heap
 .bss.__heaps   0x20000114        0x4 c:/nxp/mcuxpressoide_11.0.0_2500_prc3/ide/plugins/com.nxp.mcuxpresso.tools.win32_11.0.0.201905131304/tools/bin/../lib/gcc/arm-none-eabi/8.2.1/../../../../arm-none-eabi/lib/thumb/v7e-m+fp/hard\libcr_c.a(__init_alloc.o)
                0x20000114                __heaps
 .bss.errno     0x20000118        0x4 c:/nxp/mcuxpressoide_11.0.0_2500_prc3/ide/plugins/com.nxp.mcuxpresso.tools.win32_11.0.0.201905131304/tools/bin/../lib/gcc/arm-none-eabi/8.2.1/../../../../arm-none-eabi/lib/thumb/v7e-m+fp/hard\libcr_c.a(errno.o)
                0x20000118                errno
 *(SORT_BY_ALIGNMENT(COMMON))
                0x20000120                . = ALIGN (0x8)
 *fill*         0x2000011c        0x4 
                0x20000120                _ebss = .
                [!provide]                PROVIDE (end = .)

.noinit_RAM2    0x1fff0000        0x0
                0x1fff0000                . = ALIGN (0x8)
 *(SORT_BY_ALIGNMENT(.noinit.$RAM2))
 *(SORT_BY_ALIGNMENT(.noinit.$SRAM_LOWER))
 *(SORT_BY_ALIGNMENT(.noinit.$RAM2.*))
 *(SORT_BY_ALIGNMENT(.noinit.$SRAM_LOWER.*))
                0x1fff0000                . = ALIGN (0x8)

.noinit_RAM3    0x14000000        0x0
                0x14000000                . = ALIGN (0x8)
 *(SORT_BY_ALIGNMENT(.noinit.$RAM3))
 *(SORT_BY_ALIGNMENT(.noinit.$FLEX_RAM))
 *(SORT_BY_ALIGNMENT(.noinit.$RAM3.*))
 *(SORT_BY_ALIGNMENT(.noinit.$FLEX_RAM.*))
                0x14000000                . = ALIGN (0x8)

.noinit         0x20000120        0x0
                0x20000120                . = ALIGN (0x8)
                0x20000120                _noinit = .
 *(SORT_BY_ALIGNMENT(.noinit*))
                0x20000120                . = ALIGN (0x8)
                0x20000120                _end_noinit = .
                0x00001000                _HeapSize = 0x1000

.heap           0x20000120     0x1000
                0x20000120                _pvHeapStart = .
                0x20001120                . = (. + _HeapSize)
 *fill*         0x20000120     0x1000 
                0x20001120                . = ALIGN (0x8)
                0x20001120                _pvHeapLimit = .
                0x00001000                _StackSize = 0x1000

.heap2stackfill
                0x20001120     0x1000
                0x20002120                . = (. + _StackSize)
 *fill*         0x20001120     0x1000 

.stack          0x2002f000        0x0
                0x2002f000                _vStackBase = .
                0x2002f000                . = ALIGN (0x8)
                0x20030000                _vStackTop = (. + _StackSize)
                0x00000000                _image_start = LOADADDR (.text)
                0x00004770                _image_end = (LOADADDR (.data) + SIZEOF (.data))
                0x00004770                _image_size = (_image_end - _image_start)
OUTPUT(frdmk66f_hello_world.axf elf32-littlearm)

.debug_info     0x00000000     0xb80c
 .debug_info    0x00000000      0x92c ./utilities/fsl_debug_console.o
 .debug_info    0x0000092c      0xa38 ./startup/startup_mk66f18.o
 .debug_info    0x00001364      0x636 ./source/hello_world.o
 .debug_info    0x0000199a       0x3c ./source/semihost_hardfault.o
 .debug_info    0x000019d6     0x2a2c ./drivers/fsl_clock.o
 .debug_info    0x00004402     0x1af5 ./drivers/fsl_lpuart.o
 .debug_info    0x00005ef7     0x1cb0 ./drivers/fsl_uart.o
 .debug_info    0x00007ba7      0xa95 ./device/system_MK66F18.o
 .debug_info    0x0000863c      0xac4 ./component/uart/uart_adapter.o
 .debug_info    0x00009100      0x765 ./component/serial_manager/serial_manager.o
 .debug_info    0x00009865      0x4fc ./component/serial_manager/serial_port_uart.o
 .debug_info    0x00009d61      0x653 ./board/board.o
 .debug_info    0x0000a3b4      0xd45 ./board/clock_config.o
 .debug_info    0x0000b0f9      0x713 ./board/pin_mux.o

.debug_abbrev   0x00000000     0x19c9
 .debug_abbrev  0x00000000      0x19a ./utilities/fsl_debug_console.o
 .debug_abbrev  0x0000019a      0x17a ./startup/startup_mk66f18.o
 .debug_abbrev  0x00000314      0x14f ./source/hello_world.o
 .debug_abbrev  0x00000463       0x31 ./source/semihost_hardfault.o
 .debug_abbrev  0x00000494      0x352 ./drivers/fsl_clock.o
 .debug_abbrev  0x000007e6      0x316 ./drivers/fsl_lpuart.o
 .debug_abbrev  0x00000afc      0x345 ./drivers/fsl_uart.o
 .debug_abbrev  0x00000e41      0x170 ./device/system_MK66F18.o
 .debug_abbrev  0x00000fb1      0x1e8 ./component/uart/uart_adapter.o
 .debug_abbrev  0x00001199      0x17d ./component/serial_manager/serial_manager.o
 .debug_abbrev  0x00001316      0x160 ./component/serial_manager/serial_port_uart.o
 .debug_abbrev  0x00001476      0x160 ./board/board.o
 .debug_abbrev  0x000015d6      0x238 ./board/clock_config.o
 .debug_abbrev  0x0000180e      0x1bb ./board/pin_mux.o

.debug_aranges  0x00000000      0xad8
 .debug_aranges
                0x00000000       0x50 ./utilities/fsl_debug_console.o
 .debug_aranges
                0x00000050      0x3a0 ./startup/startup_mk66f18.o
 .debug_aranges
                0x000003f0       0x20 ./source/hello_world.o
 .debug_aranges
                0x00000410       0x20 ./source/semihost_hardfault.o
 .debug_aranges
                0x00000430      0x250 ./drivers/fsl_clock.o
 .debug_aranges
                0x00000680      0x118 ./drivers/fsl_lpuart.o
 .debug_aranges
                0x00000798      0x160 ./drivers/fsl_uart.o
 .debug_aranges
                0x000008f8       0x30 ./device/system_MK66F18.o
 .debug_aranges
                0x00000928       0x40 ./component/uart/uart_adapter.o
 .debug_aranges
                0x00000968       0x88 ./component/serial_manager/serial_manager.o
 .debug_aranges
                0x000009f0       0x38 ./component/serial_manager/serial_port_uart.o
 .debug_aranges
                0x00000a28       0x20 ./board/board.o
 .debug_aranges
                0x00000a48       0x60 ./board/clock_config.o
 .debug_aranges
                0x00000aa8       0x30 ./board/pin_mux.o

.debug_ranges   0x00000000      0x9f8
 .debug_ranges  0x00000000       0x40 ./utilities/fsl_debug_console.o
 .debug_ranges  0x00000040      0x390 ./startup/startup_mk66f18.o
 .debug_ranges  0x000003d0       0x10 ./source/hello_world.o
 .debug_ranges  0x000003e0       0x10 ./source/semihost_hardfault.o
 .debug_ranges  0x000003f0      0x240 ./drivers/fsl_clock.o
 .debug_ranges  0x00000630      0x108 ./drivers/fsl_lpuart.o
 .debug_ranges  0x00000738      0x150 ./drivers/fsl_uart.o
 .debug_ranges  0x00000888       0x20 ./device/system_MK66F18.o
 .debug_ranges  0x000008a8       0x30 ./component/uart/uart_adapter.o
 .debug_ranges  0x000008d8       0x78 ./component/serial_manager/serial_manager.o
 .debug_ranges  0x00000950       0x28 ./component/serial_manager/serial_port_uart.o
 .debug_ranges  0x00000978       0x10 ./board/board.o
 .debug_ranges  0x00000988       0x50 ./board/clock_config.o
 .debug_ranges  0x000009d8       0x20 ./board/pin_mux.o

.debug_macro    0x00000000     0x12e5
 .debug_macro   0x00000000      0x184 ./utilities/fsl_debug_console.o
 .debug_macro   0x00000184       0x16 ./utilities/fsl_debug_console.o
 .debug_macro   0x0000019a       0x10 ./utilities/fsl_debug_console.o
 .debug_macro   0x000001aa       0x28 ./utilities/fsl_debug_console.o
 .debug_macro   0x000001d2       0x41 ./utilities/fsl_debug_console.o
 .debug_macro   0x00000213       0x16 ./utilities/fsl_debug_console.o
 .debug_macro   0x00000229       0x1c ./utilities/fsl_debug_console.o
 .debug_macro   0x00000245       0x29 ./startup/startup_mk66f18.o
 .debug_macro   0x0000026e      0x169 ./source/hello_world.o
 .debug_macro   0x000003d7       0x22 ./source/hello_world.o
 .debug_macro   0x000003f9       0x10 ./source/hello_world.o
 .debug_macro   0x00000409       0x16 ./source/hello_world.o
 .debug_macro   0x0000041f      0x287 ./source/hello_world.o
 .debug_macro   0x000006a6       0x64 ./source/hello_world.o
 .debug_macro   0x0000070a       0x11 ./source/semihost_hardfault.o
 .debug_macro   0x0000071b      0x1c6 ./drivers/fsl_clock.o
 .debug_macro   0x000008e1      0x104 ./drivers/fsl_lpuart.o
 .debug_macro   0x000009e5      0x10a ./drivers/fsl_uart.o
 .debug_macro   0x00000aef       0x98 ./device/system_MK66F18.o
 .debug_macro   0x00000b87      0x100 ./component/uart/uart_adapter.o
 .debug_macro   0x00000c87       0x10 ./component/uart/uart_adapter.o
 .debug_macro   0x00000c97       0x22 ./component/uart/uart_adapter.o
 .debug_macro   0x00000cb9      0x127 ./component/serial_manager/serial_manager.o
 .debug_macro   0x00000de0      0x118 ./component/serial_manager/serial_port_uart.o
 .debug_macro   0x00000ef8       0x22 ./component/serial_manager/serial_port_uart.o
 .debug_macro   0x00000f1a      0x162 ./board/board.o
 .debug_macro   0x0000107c       0x1c ./board/board.o
 .debug_macro   0x00001098      0x14d ./board/clock_config.o
 .debug_macro   0x000011e5      0x100 ./board/pin_mux.o

.debug_line     0x00000000     0x652e
 .debug_line    0x00000000      0x517 ./utilities/fsl_debug_console.o
 .debug_line    0x00000517      0xa5e ./startup/startup_mk66f18.o
 .debug_line    0x00000f75      0x399 ./source/hello_world.o
 .debug_line    0x0000130e       0x5a ./source/semihost_hardfault.o
 .debug_line    0x00001368     0x17c9 ./drivers/fsl_clock.o
 .debug_line    0x00002b31      0xd6d ./drivers/fsl_lpuart.o
 .debug_line    0x0000389e     0x10f4 ./drivers/fsl_uart.o
 .debug_line    0x00004992      0x3f1 ./device/system_MK66F18.o
 .debug_line    0x00004d83      0x3e0 ./component/uart/uart_adapter.o
 .debug_line    0x00005163      0x5bc ./component/serial_manager/serial_manager.o
 .debug_line    0x0000571f      0x3f5 ./component/serial_manager/serial_port_uart.o
 .debug_line    0x00005b14      0x336 ./board/board.o
 .debug_line    0x00005e4a      0x3e5 ./board/clock_config.o
 .debug_line    0x0000622f      0x2ff ./board/pin_mux.o

.debug_str      0x00000000    0xbc5e1
 .debug_str     0x00000000    0xb56e3 ./utilities/fsl_debug_console.o
                              0xb57c0 (size before relaxing)
 .debug_str     0x000b56e3      0x977 ./startup/startup_mk66f18.o
                               0x38dc (size before relaxing)
 .debug_str     0x000b605a     0x1723 ./source/hello_world.o
                              0xb5dbf (size before relaxing)
 .debug_str     0x000b777d       0x1f ./source/semihost_hardfault.o
                               0x2ee4 (size before relaxing)
 .debug_str     0x000b779c     0x2216 ./drivers/fsl_clock.o
                              0xb6e3a (size before relaxing)
 .debug_str     0x000b99b2     0x14b5 ./drivers/fsl_lpuart.o
                              0xb6179 (size before relaxing)
 .debug_str     0x000bae67      0x93e ./drivers/fsl_uart.o
                              0xb60e3 (size before relaxing)
 .debug_str     0x000bb7a5      0x111 ./device/system_MK66F18.o
                              0xb32c3 (size before relaxing)
 .debug_str     0x000bb8b6      0x326 ./component/uart/uart_adapter.o
                              0xb4e76 (size before relaxing)
 .debug_str     0x000bbbdc      0x388 ./component/serial_manager/serial_manager.o
                              0xb47fc (size before relaxing)
 .debug_str     0x000bbf64       0xfc ./component/serial_manager/serial_port_uart.o
                              0xb48aa (size before relaxing)
 .debug_str     0x000bc060       0x37 ./board/board.o
                              0xb5c17 (size before relaxing)
 .debug_str     0x000bc097      0x3e6 ./board/clock_config.o
                              0xb521c (size before relaxing)
 .debug_str     0x000bc47d      0x164 ./board/pin_mux.o
                              0xb47eb (size before relaxing)

.comment        0x00000000       0x75
 .comment       0x00000000       0x75 ./utilities/fsl_debug_console.o
                                 0x76 (size before relaxing)
 .comment       0x00000075       0x76 ./startup/startup_mk66f18.o
 .comment       0x00000075       0x76 ./source/hello_world.o
 .comment       0x00000075       0x76 ./source/semihost_hardfault.o
 .comment       0x00000075       0x76 ./drivers/fsl_clock.o
 .comment       0x00000075       0x76 ./drivers/fsl_lpuart.o
 .comment       0x00000075       0x76 ./drivers/fsl_uart.o
 .comment       0x00000075       0x76 ./device/system_MK66F18.o
 .comment       0x00000075       0x76 ./component/uart/uart_adapter.o
 .comment       0x00000075       0x76 ./component/serial_manager/serial_manager.o
 .comment       0x00000075       0x76 ./component/serial_manager/serial_port_uart.o
 .comment       0x00000075       0x76 ./board/board.o
 .comment       0x00000075       0x76 ./board/clock_config.o
 .comment       0x00000075       0x76 ./board/pin_mux.o
 .comment       0x00000075       0x76 c:/nxp/mcuxpressoide_11.0.0_2500_prc3/ide/plugins/com.nxp.mcuxpresso.tools.win32_11.0.0.201905131304/tools/bin/../lib/gcc/arm-none-eabi/8.2.1/../../../../arm-none-eabi/lib/thumb/v7e-m+fp/hard\libcr_semihost_nf.a(__ciob.o)
 .comment       0x00000075       0x76 c:/nxp/mcuxpressoide_11.0.0_2500_prc3/ide/plugins/com.nxp.mcuxpresso.tools.win32_11.0.0.201905131304/tools/bin/../lib/gcc/arm-none-eabi/8.2.1/../../../../arm-none-eabi/lib/thumb/v7e-m+fp/hard\libcr_semihost_nf.a(_cr__main.o)
 .comment       0x00000075       0x76 c:/nxp/mcuxpressoide_11.0.0_2500_prc3/ide/plugins/com.nxp.mcuxpresso.tools.win32_11.0.0.201905131304/tools/bin/../lib/gcc/arm-none-eabi/8.2.1/../../../../arm-none-eabi/lib/thumb/v7e-m+fp/hard\libcr_semihost_nf.a(_cr_assert.o)
 .comment       0x00000075       0x76 c:/nxp/mcuxpressoide_11.0.0_2500_prc3/ide/plugins/com.nxp.mcuxpresso.tools.win32_11.0.0.201905131304/tools/bin/../lib/gcc/arm-none-eabi/8.2.1/../../../../arm-none-eabi/lib/thumb/v7e-m+fp/hard\libcr_c.a(memset.o)
 .comment       0x00000075       0x76 c:/nxp/mcuxpressoide_11.0.0_2500_prc3/ide/plugins/com.nxp.mcuxpresso.tools.win32_11.0.0.201905131304/tools/bin/../lib/gcc/arm-none-eabi/8.2.1/../../../../arm-none-eabi/lib/thumb/v7e-m+fp/hard\libcr_c.a(__fillbuf.o)
 .comment       0x00000075       0x76 c:/nxp/mcuxpressoide_11.0.0_2500_prc3/ide/plugins/com.nxp.mcuxpresso.tools.win32_11.0.0.201905131304/tools/bin/../lib/gcc/arm-none-eabi/8.2.1/../../../../arm-none-eabi/lib/thumb/v7e-m+fp/hard\libcr_c.a(_deferredlazyseek.o)
 .comment       0x00000075       0x76 c:/nxp/mcuxpressoide_11.0.0_2500_prc3/ide/plugins/com.nxp.mcuxpresso.tools.win32_11.0.0.201905131304/tools/bin/../lib/gcc/arm-none-eabi/8.2.1/../../../../arm-none-eabi/lib/thumb/v7e-m+fp/hard\libcr_c.a(_fflush.o)
 .comment       0x00000075       0x76 c:/nxp/mcuxpressoide_11.0.0_2500_prc3/ide/plugins/com.nxp.mcuxpresso.tools.win32_11.0.0.201905131304/tools/bin/../lib/gcc/arm-none-eabi/8.2.1/../../../../arm-none-eabi/lib/thumb/v7e-m+fp/hard\libcr_c.a(_writebuf.o)
 .comment       0x00000075       0x76 c:/nxp/mcuxpressoide_11.0.0_2500_prc3/ide/plugins/com.nxp.mcuxpresso.tools.win32_11.0.0.201905131304/tools/bin/../lib/gcc/arm-none-eabi/8.2.1/../../../../arm-none-eabi/lib/thumb/v7e-m+fp/hard\libcr_c.a(alloc.o)
 .comment       0x00000075       0x76 c:/nxp/mcuxpressoide_11.0.0_2500_prc3/ide/plugins/com.nxp.mcuxpresso.tools.win32_11.0.0.201905131304/tools/bin/../lib/gcc/arm-none-eabi/8.2.1/../../../../arm-none-eabi/lib/thumb/v7e-m+fp/hard\libcr_c.a(fputs.o)
 .comment       0x00000075       0x76 c:/nxp/mcuxpressoide_11.0.0_2500_prc3/ide/plugins/com.nxp.mcuxpresso.tools.win32_11.0.0.201905131304/tools/bin/../lib/gcc/arm-none-eabi/8.2.1/../../../../arm-none-eabi/lib/thumb/v7e-m+fp/hard\libcr_c.a(fseek.o)
 .comment       0x00000075       0x76 c:/nxp/mcuxpressoide_11.0.0_2500_prc3/ide/plugins/com.nxp.mcuxpresso.tools.win32_11.0.0.201905131304/tools/bin/../lib/gcc/arm-none-eabi/8.2.1/../../../../arm-none-eabi/lib/thumb/v7e-m+fp/hard\libcr_c.a(ftell.o)
 .comment       0x00000075       0x76 c:/nxp/mcuxpressoide_11.0.0_2500_prc3/ide/plugins/com.nxp.mcuxpresso.tools.win32_11.0.0.201905131304/tools/bin/../lib/gcc/arm-none-eabi/8.2.1/../../../../arm-none-eabi/lib/thumb/v7e-m+fp/hard\libcr_c.a(initio.o)
 .comment       0x00000075       0x76 c:/nxp/mcuxpressoide_11.0.0_2500_prc3/ide/plugins/com.nxp.mcuxpresso.tools.win32_11.0.0.201905131304/tools/bin/../lib/gcc/arm-none-eabi/8.2.1/../../../../arm-none-eabi/lib/thumb/v7e-m+fp/hard\libcr_c.a(printf.o)
 .comment       0x00000075       0x76 c:/nxp/mcuxpressoide_11.0.0_2500_prc3/ide/plugins/com.nxp.mcuxpresso.tools.win32_11.0.0.201905131304/tools/bin/../lib/gcc/arm-none-eabi/8.2.1/../../../../arm-none-eabi/lib/thumb/v7e-m+fp/hard\libcr_c.a(setvbuf.o)
 .comment       0x00000075       0x76 c:/nxp/mcuxpressoide_11.0.0_2500_prc3/ide/plugins/com.nxp.mcuxpresso.tools.win32_11.0.0.201905131304/tools/bin/../lib/gcc/arm-none-eabi/8.2.1/../../../../arm-none-eabi/lib/thumb/v7e-m+fp/hard\libcr_c.a(strlen.o)
 .comment       0x00000075       0x76 c:/nxp/mcuxpressoide_11.0.0_2500_prc3/ide/plugins/com.nxp.mcuxpresso.tools.win32_11.0.0.201905131304/tools/bin/../lib/gcc/arm-none-eabi/8.2.1/../../../../arm-none-eabi/lib/thumb/v7e-m+fp/hard\libcr_c.a(__init_alloc.o)
 .comment       0x00000075       0x76 c:/nxp/mcuxpressoide_11.0.0_2500_prc3/ide/plugins/com.nxp.mcuxpresso.tools.win32_11.0.0.201905131304/tools/bin/../lib/gcc/arm-none-eabi/8.2.1/../../../../arm-none-eabi/lib/thumb/v7e-m+fp/hard\libcr_c.a(_cr_sbrk.o)
 .comment       0x00000075       0x76 c:/nxp/mcuxpressoide_11.0.0_2500_prc3/ide/plugins/com.nxp.mcuxpresso.tools.win32_11.0.0.201905131304/tools/bin/../lib/gcc/arm-none-eabi/8.2.1/../../../../arm-none-eabi/lib/thumb/v7e-m+fp/hard\libcr_c.a(_fdopen.o)
 .comment       0x00000075       0x76 c:/nxp/mcuxpressoide_11.0.0_2500_prc3/ide/plugins/com.nxp.mcuxpresso.tools.win32_11.0.0.201905131304/tools/bin/../lib/gcc/arm-none-eabi/8.2.1/../../../../arm-none-eabi/lib/thumb/v7e-m+fp/hard\libcr_c.a(errno.o)
 .comment       0x00000075       0x76 c:/nxp/mcuxpressoide_11.0.0_2500_prc3/ide/plugins/com.nxp.mcuxpresso.tools.win32_11.0.0.201905131304/tools/bin/../lib/gcc/arm-none-eabi/8.2.1/../../../../arm-none-eabi/lib/thumb/v7e-m+fp/hard\libcr_c.a(fclose.o)
 .comment       0x00000075       0x76 c:/nxp/mcuxpressoide_11.0.0_2500_prc3/ide/plugins/com.nxp.mcuxpresso.tools.win32_11.0.0.201905131304/tools/bin/../lib/gcc/arm-none-eabi/8.2.1/../../../../arm-none-eabi/lib/thumb/v7e-m+fp/hard\libcr_c.a(fflush.o)
 .comment       0x00000075       0x76 c:/nxp/mcuxpressoide_11.0.0_2500_prc3/ide/plugins/com.nxp.mcuxpresso.tools.win32_11.0.0.201905131304/tools/bin/../lib/gcc/arm-none-eabi/8.2.1/../../../../arm-none-eabi/lib/thumb/v7e-m+fp/hard\libcr_c.a(remove.o)
 .comment       0x00000075       0x76 c:/nxp/mcuxpressoide_11.0.0_2500_prc3/ide/plugins/com.nxp.mcuxpresso.tools.win32_11.0.0.201905131304/tools/bin/../lib/gcc/arm-none-eabi/8.2.1/../../../../arm-none-eabi/lib/thumb/v7e-m+fp/hard\libcr_c.a(_cr_check_heap.o)
 .comment       0x00000075       0x76 c:/nxp/mcuxpressoide_11.0.0_2500_prc3/ide/plugins/com.nxp.mcuxpresso.tools.win32_11.0.0.201905131304/tools/bin/../lib/gcc/arm-none-eabi/8.2.1/../../../../arm-none-eabi/lib/thumb/v7e-m+fp/hard\libcr_c.a(_do_fflush.o)

.ARM.attributes
                0x00000000       0x32
 .ARM.attributes
                0x00000000       0x34 ./utilities/fsl_debug_console.o
 .ARM.attributes
                0x00000034       0x34 ./startup/startup_mk66f18.o
 .ARM.attributes
                0x00000068       0x34 ./source/hello_world.o
 .ARM.attributes
                0x0000009c       0x34 ./source/semihost_hardfault.o
 .ARM.attributes
                0x000000d0       0x34 ./drivers/fsl_clock.o
 .ARM.attributes
                0x00000104       0x34 ./drivers/fsl_lpuart.o
 .ARM.attributes
                0x00000138       0x34 ./drivers/fsl_uart.o
 .ARM.attributes
                0x0000016c       0x34 ./device/system_MK66F18.o
 .ARM.attributes
                0x000001a0       0x34 ./component/uart/uart_adapter.o
 .ARM.attributes
                0x000001d4       0x34 ./component/serial_manager/serial_manager.o
 .ARM.attributes
                0x00000208       0x34 ./component/serial_manager/serial_port_uart.o
 .ARM.attributes
                0x0000023c       0x34 ./board/board.o
 .ARM.attributes
                0x00000270       0x34 ./board/clock_config.o
 .ARM.attributes
                0x000002a4       0x34 ./board/pin_mux.o
 .ARM.attributes
                0x000002d8       0x39 c:/nxp/mcuxpressoide_11.0.0_2500_prc3/ide/plugins/com.nxp.mcuxpresso.tools.win32_11.0.0.201905131304/tools/bin/../lib/gcc/arm-none-eabi/8.2.1/../../../../arm-none-eabi/lib/thumb/v7e-m+fp/hard\libcr_semihost_nf.a(__ciob.o)
 .ARM.attributes
                0x00000311       0x34 c:/nxp/mcuxpressoide_11.0.0_2500_prc3/ide/plugins/com.nxp.mcuxpresso.tools.win32_11.0.0.201905131304/tools/bin/../lib/gcc/arm-none-eabi/8.2.1/../../../../arm-none-eabi/lib/thumb/v7e-m+fp/hard\libcr_semihost_nf.a(_cr__main.o)
 .ARM.attributes
                0x00000345       0x34 c:/nxp/mcuxpressoide_11.0.0_2500_prc3/ide/plugins/com.nxp.mcuxpresso.tools.win32_11.0.0.201905131304/tools/bin/../lib/gcc/arm-none-eabi/8.2.1/../../../../arm-none-eabi/lib/thumb/v7e-m+fp/hard\libcr_semihost_nf.a(_cr_assert.o)
 .ARM.attributes
                0x00000379       0x20 c:/nxp/mcuxpressoide_11.0.0_2500_prc3/ide/plugins/com.nxp.mcuxpresso.tools.win32_11.0.0.201905131304/tools/bin/../lib/gcc/arm-none-eabi/8.2.1/../../../../arm-none-eabi/lib/thumb/v7e-m+fp/hard\libcr_semihost_nf.a(__sys_appexit.o)
 .ARM.attributes
                0x00000399       0x34 c:/nxp/mcuxpressoide_11.0.0_2500_prc3/ide/plugins/com.nxp.mcuxpresso.tools.win32_11.0.0.201905131304/tools/bin/../lib/gcc/arm-none-eabi/8.2.1/../../../../arm-none-eabi/lib/thumb/v7e-m+fp/hard\libcr_c.a(memset.o)
 .ARM.attributes
                0x000003cd       0x34 c:/nxp/mcuxpressoide_11.0.0_2500_prc3/ide/plugins/com.nxp.mcuxpresso.tools.win32_11.0.0.201905131304/tools/bin/../lib/gcc/arm-none-eabi/8.2.1/../../../../arm-none-eabi/lib/thumb/v7e-m+fp/hard\libcr_c.a(__fillbuf.o)
 .ARM.attributes
                0x00000401       0x34 c:/nxp/mcuxpressoide_11.0.0_2500_prc3/ide/plugins/com.nxp.mcuxpresso.tools.win32_11.0.0.201905131304/tools/bin/../lib/gcc/arm-none-eabi/8.2.1/../../../../arm-none-eabi/lib/thumb/v7e-m+fp/hard\libcr_c.a(_deferredlazyseek.o)
 .ARM.attributes
                0x00000435       0x34 c:/nxp/mcuxpressoide_11.0.0_2500_prc3/ide/plugins/com.nxp.mcuxpresso.tools.win32_11.0.0.201905131304/tools/bin/../lib/gcc/arm-none-eabi/8.2.1/../../../../arm-none-eabi/lib/thumb/v7e-m+fp/hard\libcr_c.a(_fflush.o)
 .ARM.attributes
                0x00000469       0x34 c:/nxp/mcuxpressoide_11.0.0_2500_prc3/ide/plugins/com.nxp.mcuxpresso.tools.win32_11.0.0.201905131304/tools/bin/../lib/gcc/arm-none-eabi/8.2.1/../../../../arm-none-eabi/lib/thumb/v7e-m+fp/hard\libcr_c.a(_writebuf.o)
 .ARM.attributes
                0x0000049d       0x34 c:/nxp/mcuxpressoide_11.0.0_2500_prc3/ide/plugins/com.nxp.mcuxpresso.tools.win32_11.0.0.201905131304/tools/bin/../lib/gcc/arm-none-eabi/8.2.1/../../../../arm-none-eabi/lib/thumb/v7e-m+fp/hard\libcr_c.a(alloc.o)
 .ARM.attributes
                0x000004d1       0x34 c:/nxp/mcuxpressoide_11.0.0_2500_prc3/ide/plugins/com.nxp.mcuxpresso.tools.win32_11.0.0.201905131304/tools/bin/../lib/gcc/arm-none-eabi/8.2.1/../../../../arm-none-eabi/lib/thumb/v7e-m+fp/hard\libcr_c.a(fputs.o)
 .ARM.attributes
                0x00000505       0x34 c:/nxp/mcuxpressoide_11.0.0_2500_prc3/ide/plugins/com.nxp.mcuxpresso.tools.win32_11.0.0.201905131304/tools/bin/../lib/gcc/arm-none-eabi/8.2.1/../../../../arm-none-eabi/lib/thumb/v7e-m+fp/hard\libcr_c.a(fseek.o)
 .ARM.attributes
                0x00000539       0x34 c:/nxp/mcuxpressoide_11.0.0_2500_prc3/ide/plugins/com.nxp.mcuxpresso.tools.win32_11.0.0.201905131304/tools/bin/../lib/gcc/arm-none-eabi/8.2.1/../../../../arm-none-eabi/lib/thumb/v7e-m+fp/hard\libcr_c.a(ftell.o)
 .ARM.attributes
                0x0000056d       0x34 c:/nxp/mcuxpressoide_11.0.0_2500_prc3/ide/plugins/com.nxp.mcuxpresso.tools.win32_11.0.0.201905131304/tools/bin/../lib/gcc/arm-none-eabi/8.2.1/../../../../arm-none-eabi/lib/thumb/v7e-m+fp/hard\libcr_c.a(initio.o)
 .ARM.attributes
                0x000005a1       0x34 c:/nxp/mcuxpressoide_11.0.0_2500_prc3/ide/plugins/com.nxp.mcuxpresso.tools.win32_11.0.0.201905131304/tools/bin/../lib/gcc/arm-none-eabi/8.2.1/../../../../arm-none-eabi/lib/thumb/v7e-m+fp/hard\libcr_c.a(printf.o)
 .ARM.attributes
                0x000005d5       0x34 c:/nxp/mcuxpressoide_11.0.0_2500_prc3/ide/plugins/com.nxp.mcuxpresso.tools.win32_11.0.0.201905131304/tools/bin/../lib/gcc/arm-none-eabi/8.2.1/../../../../arm-none-eabi/lib/thumb/v7e-m+fp/hard\libcr_c.a(setvbuf.o)
 .ARM.attributes
                0x00000609       0x34 c:/nxp/mcuxpressoide_11.0.0_2500_prc3/ide/plugins/com.nxp.mcuxpresso.tools.win32_11.0.0.201905131304/tools/bin/../lib/gcc/arm-none-eabi/8.2.1/../../../../arm-none-eabi/lib/thumb/v7e-m+fp/hard\libcr_c.a(strlen.o)
 .ARM.attributes
                0x0000063d       0x34 c:/nxp/mcuxpressoide_11.0.0_2500_prc3/ide/plugins/com.nxp.mcuxpresso.tools.win32_11.0.0.201905131304/tools/bin/../lib/gcc/arm-none-eabi/8.2.1/../../../../arm-none-eabi/lib/thumb/v7e-m+fp/hard\libcr_c.a(__init_alloc.o)
 .ARM.attributes
                0x00000671       0x34 c:/nxp/mcuxpressoide_11.0.0_2500_prc3/ide/plugins/com.nxp.mcuxpresso.tools.win32_11.0.0.201905131304/tools/bin/../lib/gcc/arm-none-eabi/8.2.1/../../../../arm-none-eabi/lib/thumb/v7e-m+fp/hard\libcr_c.a(_cr_sbrk.o)
 .ARM.attributes
                0x000006a5       0x34 c:/nxp/mcuxpressoide_11.0.0_2500_prc3/ide/plugins/com.nxp.mcuxpresso.tools.win32_11.0.0.201905131304/tools/bin/../lib/gcc/arm-none-eabi/8.2.1/../../../../arm-none-eabi/lib/thumb/v7e-m+fp/hard\libcr_c.a(_fdopen.o)
 .ARM.attributes
                0x000006d9       0x39 c:/nxp/mcuxpressoide_11.0.0_2500_prc3/ide/plugins/com.nxp.mcuxpresso.tools.win32_11.0.0.201905131304/tools/bin/../lib/gcc/arm-none-eabi/8.2.1/../../../../arm-none-eabi/lib/thumb/v7e-m+fp/hard\libcr_c.a(errno.o)
 .ARM.attributes
                0x00000712       0x34 c:/nxp/mcuxpressoide_11.0.0_2500_prc3/ide/plugins/com.nxp.mcuxpresso.tools.win32_11.0.0.201905131304/tools/bin/../lib/gcc/arm-none-eabi/8.2.1/../../../../arm-none-eabi/lib/thumb/v7e-m+fp/hard\libcr_c.a(fclose.o)
 .ARM.attributes
                0x00000746       0x34 c:/nxp/mcuxpressoide_11.0.0_2500_prc3/ide/plugins/com.nxp.mcuxpresso.tools.win32_11.0.0.201905131304/tools/bin/../lib/gcc/arm-none-eabi/8.2.1/../../../../arm-none-eabi/lib/thumb/v7e-m+fp/hard\libcr_c.a(fflush.o)
 .ARM.attributes
                0x0000077a       0x34 c:/nxp/mcuxpressoide_11.0.0_2500_prc3/ide/plugins/com.nxp.mcuxpresso.tools.win32_11.0.0.201905131304/tools/bin/../lib/gcc/arm-none-eabi/8.2.1/../../../../arm-none-eabi/lib/thumb/v7e-m+fp/hard\libcr_c.a(remove.o)
 .ARM.attributes
                0x000007ae       0x34 c:/nxp/mcuxpressoide_11.0.0_2500_prc3/ide/plugins/com.nxp.mcuxpresso.tools.win32_11.0.0.201905131304/tools/bin/../lib/gcc/arm-none-eabi/8.2.1/../../../../arm-none-eabi/lib/thumb/v7e-m+fp/hard\libcr_c.a(_cr_check_heap.o)
 .ARM.attributes
                0x000007e2       0x34 c:/nxp/mcuxpressoide_11.0.0_2500_prc3/ide/plugins/com.nxp.mcuxpresso.tools.win32_11.0.0.201905131304/tools/bin/../lib/gcc/arm-none-eabi/8.2.1/../../../../arm-none-eabi/lib/thumb/v7e-m+fp/hard\libcr_c.a(_do_fflush.o)
 .ARM.attributes
                0x00000816       0x20 c:/nxp/mcuxpressoide_11.0.0_2500_prc3/ide/plugins/com.nxp.mcuxpresso.tools.win32_11.0.0.201905131304/tools/bin/../lib/gcc/arm-none-eabi/8.2.1/thumb/v7e-m+fp/hard\libcr_eabihelpers.a(memcpy.o)
 .ARM.attributes
                0x00000836       0x20 c:/nxp/mcuxpressoide_11.0.0_2500_prc3/ide/plugins/com.nxp.mcuxpresso.tools.win32_11.0.0.201905131304/tools/bin/../lib/gcc/arm-none-eabi/8.2.1/../../../../arm-none-eabi/lib/thumb/v7e-m+fp/hard\libcr_semihost_nf.a(__sys_close.o)
 .ARM.attributes
                0x00000856       0x20 c:/nxp/mcuxpressoide_11.0.0_2500_prc3/ide/plugins/com.nxp.mcuxpresso.tools.win32_11.0.0.201905131304/tools/bin/../lib/gcc/arm-none-eabi/8.2.1/../../../../arm-none-eabi/lib/thumb/v7e-m+fp/hard\libcr_semihost_nf.a(__sys_flen.o)
 .ARM.attributes
                0x00000876       0x20 c:/nxp/mcuxpressoide_11.0.0_2500_prc3/ide/plugins/com.nxp.mcuxpresso.tools.win32_11.0.0.201905131304/tools/bin/../lib/gcc/arm-none-eabi/8.2.1/../../../../arm-none-eabi/lib/thumb/v7e-m+fp/hard\libcr_semihost_nf.a(__sys_istty.o)
 .ARM.attributes
                0x00000896       0x20 c:/nxp/mcuxpressoide_11.0.0_2500_prc3/ide/plugins/com.nxp.mcuxpresso.tools.win32_11.0.0.201905131304/tools/bin/../lib/gcc/arm-none-eabi/8.2.1/../../../../arm-none-eabi/lib/thumb/v7e-m+fp/hard\libcr_semihost_nf.a(__sys_read.o)
 .ARM.attributes
                0x000008b6       0x20 c:/nxp/mcuxpressoide_11.0.0_2500_prc3/ide/plugins/com.nxp.mcuxpresso.tools.win32_11.0.0.201905131304/tools/bin/../lib/gcc/arm-none-eabi/8.2.1/../../../../arm-none-eabi/lib/thumb/v7e-m+fp/hard\libcr_semihost_nf.a(__sys_readc.o)
 .ARM.attributes
                0x000008d6       0x20 c:/nxp/mcuxpressoide_11.0.0_2500_prc3/ide/plugins/com.nxp.mcuxpresso.tools.win32_11.0.0.201905131304/tools/bin/../lib/gcc/arm-none-eabi/8.2.1/../../../../arm-none-eabi/lib/thumb/v7e-m+fp/hard\libcr_semihost_nf.a(__sys_remove.o)
 .ARM.attributes
                0x000008f6       0x20 c:/nxp/mcuxpressoide_11.0.0_2500_prc3/ide/plugins/com.nxp.mcuxpresso.tools.win32_11.0.0.201905131304/tools/bin/../lib/gcc/arm-none-eabi/8.2.1/../../../../arm-none-eabi/lib/thumb/v7e-m+fp/hard\libcr_semihost_nf.a(__sys_seek.o)
 .ARM.attributes
                0x00000916       0x20 c:/nxp/mcuxpressoide_11.0.0_2500_prc3/ide/plugins/com.nxp.mcuxpresso.tools.win32_11.0.0.201905131304/tools/bin/../lib/gcc/arm-none-eabi/8.2.1/../../../../arm-none-eabi/lib/thumb/v7e-m+fp/hard\libcr_semihost_nf.a(__sys_tmpnam.o)
 .ARM.attributes
                0x00000936       0x20 c:/nxp/mcuxpressoide_11.0.0_2500_prc3/ide/plugins/com.nxp.mcuxpresso.tools.win32_11.0.0.201905131304/tools/bin/../lib/gcc/arm-none-eabi/8.2.1/../../../../arm-none-eabi/lib/thumb/v7e-m+fp/hard\libcr_semihost_nf.a(__sys_write.o)

.debug_frame    0x00000000     0x25e0
 .debug_frame   0x00000000      0x104 ./utilities/fsl_debug_console.o
 .debug_frame   0x00000104      0xa54 ./startup/startup_mk66f18.o
 .debug_frame   0x00000b58       0x30 ./source/hello_world.o
 .debug_frame   0x00000b88       0x20 ./source/semihost_hardfault.o
 .debug_frame   0x00000ba8      0x9f0 ./drivers/fsl_clock.o
 .debug_frame   0x00001598      0x4b4 ./drivers/fsl_lpuart.o
 .debug_frame   0x00001a4c      0x5b4 ./drivers/fsl_uart.o
 .debug_frame   0x00002000       0x74 ./device/system_MK66F18.o
 .debug_frame   0x00002074       0xc8 ./component/uart/uart_adapter.o
 .debug_frame   0x0000213c      0x208 ./component/serial_manager/serial_manager.o
 .debug_frame   0x00002344       0xa0 ./component/serial_manager/serial_port_uart.o
 .debug_frame   0x000023e4       0x34 ./board/board.o
 .debug_frame   0x00002418      0x14c ./board/clock_config.o
 .debug_frame   0x00002564       0x7c ./board/pin_mux.o

Cross Reference Table

Symbol                                            File
ADC0_DriverIRQHandler                             ./startup/startup_mk66f18.o
ADC0_IRQHandler                                   ./startup/startup_mk66f18.o
ADC1_DriverIRQHandler                             ./startup/startup_mk66f18.o
ADC1_IRQHandler                                   ./startup/startup_mk66f18.o
BOARD_BootClockHSRUN                              ./board/clock_config.o
BOARD_BootClockRUN                                ./board/clock_config.o
                                                  ./source/hello_world.o
BOARD_BootClockVLPR                               ./board/clock_config.o
BOARD_InitDebugConsole                            ./board/board.o
                                                  ./source/hello_world.o
BOARD_InitPins                                    ./board/pin_mux.o
                                                  ./source/hello_world.o
BusFault_Handler                                  ./startup/startup_mk66f18.o
CAN0_Bus_Off_IRQHandler                           ./startup/startup_mk66f18.o
CAN0_DriverIRQHandler                             ./startup/startup_mk66f18.o
CAN0_Error_IRQHandler                             ./startup/startup_mk66f18.o
CAN0_ORed_Message_buffer_IRQHandler               ./startup/startup_mk66f18.o
CAN0_Rx_Warning_IRQHandler                        ./startup/startup_mk66f18.o
CAN0_Tx_Warning_IRQHandler                        ./startup/startup_mk66f18.o
CAN0_Wake_Up_IRQHandler                           ./startup/startup_mk66f18.o
CAN1_Bus_Off_IRQHandler                           ./startup/startup_mk66f18.o
CAN1_DriverIRQHandler                             ./startup/startup_mk66f18.o
CAN1_Error_IRQHandler                             ./startup/startup_mk66f18.o
CAN1_ORed_Message_buffer_IRQHandler               ./startup/startup_mk66f18.o
CAN1_Rx_Warning_IRQHandler                        ./startup/startup_mk66f18.o
CAN1_Tx_Warning_IRQHandler                        ./startup/startup_mk66f18.o
CAN1_Wake_Up_IRQHandler                           ./startup/startup_mk66f18.o
CLOCK_BootToBlpeMode                              ./drivers/fsl_clock.o
CLOCK_BootToBlpiMode                              ./drivers/fsl_clock.o
                                                  ./board/clock_config.o
CLOCK_BootToFeeMode                               ./drivers/fsl_clock.o
CLOCK_BootToFeiMode                               ./drivers/fsl_clock.o
CLOCK_BootToPeeMode                               ./drivers/fsl_clock.o
                                                  ./board/clock_config.o
CLOCK_CalcPllDiv                                  ./drivers/fsl_clock.o
CLOCK_ClearStatusFlags                            ./drivers/fsl_clock.o
CLOCK_DeinitOsc0                                  ./drivers/fsl_clock.o
CLOCK_DisableUsbhs0Clock                          ./drivers/fsl_clock.o
CLOCK_DisableUsbhs0PfdClock                       ./drivers/fsl_clock.o
CLOCK_DisableUsbhs0PhyPllClock                    ./drivers/fsl_clock.o
CLOCK_EnablePll0                                  ./drivers/fsl_clock.o
CLOCK_EnableUsbfs0Clock                           ./drivers/fsl_clock.o
CLOCK_EnableUsbhs0Clock                           ./drivers/fsl_clock.o
CLOCK_EnableUsbhs0PfdClock                        ./drivers/fsl_clock.o
CLOCK_EnableUsbhs0PhyPllClock                     ./drivers/fsl_clock.o
CLOCK_ExternalModeToFbeModeQuick                  ./drivers/fsl_clock.o
CLOCK_GetBusClkFreq                               ./drivers/fsl_clock.o
CLOCK_GetCoreSysClkFreq                           ./drivers/fsl_clock.o
                                                  ./board/board.o
CLOCK_GetEr32kClkFreq                             ./drivers/fsl_clock.o
CLOCK_GetExtPllFreq                               ./drivers/fsl_clock.o
CLOCK_GetFixedFreqClkFreq                         ./drivers/fsl_clock.o
CLOCK_GetFlashClkFreq                             ./drivers/fsl_clock.o
CLOCK_GetFlexBusClkFreq                           ./drivers/fsl_clock.o
CLOCK_GetFllFreq                                  ./drivers/fsl_clock.o
CLOCK_GetFreq                                     ./drivers/fsl_clock.o
CLOCK_GetInternalRefClkFreq                       ./drivers/fsl_clock.o
CLOCK_GetMode                                     ./drivers/fsl_clock.o
CLOCK_GetOsc0ErClkDivFreq                         ./drivers/fsl_clock.o
CLOCK_GetOsc0ErClkFreq                            ./drivers/fsl_clock.o
CLOCK_GetOsc0ErClkUndivFreq                       ./drivers/fsl_clock.o
CLOCK_GetOutClkFreq                               ./drivers/fsl_clock.o
CLOCK_GetPlatClkFreq                              ./drivers/fsl_clock.o
CLOCK_GetPll0Freq                                 ./drivers/fsl_clock.o
CLOCK_GetPllFllSelClkFreq                         ./drivers/fsl_clock.o
CLOCK_GetStatusFlags                              ./drivers/fsl_clock.o
CLOCK_InitOsc0                                    ./drivers/fsl_clock.o
                                                  ./board/clock_config.o
CLOCK_InternalModeToFbiModeQuick                  ./drivers/fsl_clock.o
CLOCK_SetBlpeMode                                 ./drivers/fsl_clock.o
CLOCK_SetBlpiMode                                 ./drivers/fsl_clock.o
CLOCK_SetExtPllFreq                               ./drivers/fsl_clock.o
CLOCK_SetExtPllMonitorMode                        ./drivers/fsl_clock.o
CLOCK_SetExternalRefClkConfig                     ./drivers/fsl_clock.o
                                                  ./board/clock_config.o
CLOCK_SetFbeMode                                  ./drivers/fsl_clock.o
CLOCK_SetFbiMode                                  ./drivers/fsl_clock.o
CLOCK_SetFeeMode                                  ./drivers/fsl_clock.o
CLOCK_SetFeiMode                                  ./drivers/fsl_clock.o
CLOCK_SetInternalRefClkConfig                     ./drivers/fsl_clock.o
                                                  ./board/clock_config.o
CLOCK_SetMcgConfig                                ./drivers/fsl_clock.o
CLOCK_SetOsc0MonitorMode                          ./drivers/fsl_clock.o
CLOCK_SetPbeMode                                  ./drivers/fsl_clock.o
CLOCK_SetPeeMode                                  ./drivers/fsl_clock.o
CLOCK_SetPll0MonitorMode                          ./drivers/fsl_clock.o
CLOCK_SetPllClkSel                                ./drivers/fsl_clock.o
CLOCK_SetRtcOscMonitorMode                        ./drivers/fsl_clock.o
CLOCK_SetSimConfig                                ./drivers/fsl_clock.o
                                                  ./board/clock_config.o
CLOCK_TrimInternalRefClk                          ./drivers/fsl_clock.o