fsl_clock.h:726:20:CLOCK_EnableClock	24	static
fsl_clock.h:737:20:CLOCK_DisableClock	24	static
fsl_clock.h:758:20:CLOCK_SetSdhc0Clock	16	static
fsl_clock.h:768:20:CLOCK_SetEnetTime0Clock	16	static
fsl_clock.h:778:20:CLOCK_SetRmii0Clock	16	static
fsl_clock.h:788:20:CLOCK_SetLpuartClock	16	static
fsl_clock.h:798:20:CLOCK_SetTpmClock	16	static
fsl_clock.h:808:20:CLOCK_SetTraceClock	24	static
fsl_clock.h:832:20:CLOCK_SetClkOutClock	16	static
fsl_clock.h:842:20:CLOCK_SetRtcClkOutClock	16	static
fsl_clock.h:1045:20:CLOCK_SetSimSafeDivs	4	static
fsl_clock.h:1437:20:CLOCK_SetXtal0Freq	16	static
fsl_clock.h:1447:20:CLOCK_SetXtal32Freq	16	static
fsl_smc.h:256:20:SMC_SetPowerModeProtection	16	static
fsl_smc.h:275:33:SMC_GetPowerModeState	16	static
fsl_rtc.h:389:20:RTC_SetOscCapLoad	24	static
clock_config.c:95:13:CLOCK_CONFIG_SetRtcClock	16	static
clock_config.c:130:13:CLOCK_CONFIG_EnableUsbhs0PhyPllClock	24	static
clock_config.c:179:13:CLOCK_CONFIG_EnableUsbhs0PfdClock	24	static
clock_config.c:216:13:CLOCK_CONFIG_SetUsbSlowClock	16	static
clock_config.c:228:13:CLOCK_CONFIG_SetFllExtRefDiv	16	static
clock_config.c:236:6:BOARD_InitBootClocks	8	static
clock_config.c:365:6:BOARD_BootClockHSRUN	8	static
clock_config.c:497:6:BOARD_BootClockVLPR	8	static
