core_cm4.h:1677:22:__NVIC_EnableIRQ	16	static
fsl_clock.h:726:20:CLOCK_EnableClock	24	static
fsl_clock.h:737:20:CLOCK_DisableClock	24	static
fsl_common.h:419:28:EnableIRQ	16	static
fsl_lpuart.c:109:10:LPUART_GetInstance	24	static
fsl_lpuart.c:133:8:LPUART_TransferGetRxRingBufferLength	32	static
fsl_lpuart.c:154:13:LPUART_TransferIsRxRingBufferFull	24	static
fsl_lpuart.c:171:13:LPUART_WriteNonBlocking	32	static
fsl_lpuart.c:185:13:LPUART_ReadNonBlocking	32	static
fsl_lpuart.c:239:10:LPUART_Init	56	static
fsl_lpuart.c:454:6:LPUART_Deinit	24	static
fsl_lpuart.c:518:6:LPUART_GetDefaultConfig	16	static
fsl_lpuart.c:563:10:LPUART_SetBaudRate	56	static
fsl_lpuart.c:661:6:LPUART_EnableInterrupts	16	static
fsl_lpuart.c:685:6:LPUART_DisableInterrupts	16	static
fsl_lpuart.c:716:10:LPUART_GetEnabledInterrupts	24	static
fsl_lpuart.c:745:10:LPUART_GetStatusFlags	24	static
fsl_lpuart.c:776:10:LPUART_ClearStatusFlags	24	static
fsl_lpuart.c:831:6:LPUART_WriteBlocking	32	static
fsl_lpuart.c:866:10:LPUART_ReadBlocking	32	static
fsl_lpuart.c:955:6:LPUART_TransferCreateHandle	32	static
fsl_lpuart.c:1020:6:LPUART_TransferStartRingBuffer	24	static
fsl_lpuart.c:1047:6:LPUART_TransferStopRingBuffer	16	static
fsl_lpuart.c:1082:10:LPUART_TransferSendNonBlocking	32	static
fsl_lpuart.c:1121:6:LPUART_TransferAbortSend	16	static
fsl_lpuart.c:1145:10:LPUART_TransferGetSendCount	24	static
fsl_lpuart.c:1186:10:LPUART_TransferReceiveNonBlocking	56	static
fsl_lpuart.c:1313:6:LPUART_TransferAbortReceive	16	static
fsl_lpuart.c:1342:10:LPUART_TransferGetReceiveCount	24	static
fsl_lpuart.c:1365:6:LPUART_TransferHandleIRQ	48	static
fsl_lpuart.c:1588:6:LPUART_TransferHandleErrorIRQ	16	static
fsl_lpuart.c:1711:6:LPUART0_DriverIRQHandler	8	static
