fsl_ftfx_flash.c:133:10:FLASH_Init	104	static
fsl_ftfx_flash.c:277:10:FLASH_Erase	32	static
fsl_ftfx_flash.c:297:10:FLASH_EraseAll	16	static
fsl_ftfx_flash.c:309:10:FLASH_Program	32	static
fsl_ftfx_flash.c:329:10:FLASH_ProgramOnce	24	static
fsl_ftfx_flash.c:335:10:FLASH_ProgramSection	32	static
fsl_ftfx_flash.c:357:10:FLASH_ReadResource	32	static
fsl_ftfx_flash.c:367:10:FLASH_ReadOnce	24	static
fsl_ftfx_flash.c:372:10:FLASH_VerifyErase	32	static
fsl_ftfx_flash.c:392:10:FLASH_VerifyEraseAll	16	static
fsl_ftfx_flash.c:397:10:FLASH_VerifyProgram	48	static
fsl_ftfx_flash.c:423:10:FLASH_GetSecurityState	16	static
fsl_ftfx_flash.c:428:10:FLASH_SecurityBypass	16	static
fsl_ftfx_flash.c:441:10:FLASH_Swap	40	static
fsl_ftfx_flash.c:542:10:FLASH_IsProtected	224	static
fsl_ftfx_flash.c:745:10:FLASH_IsExecuteOnly	72	static
fsl_ftfx_flash.c:869:10:FLASH_PflashSetProtection	16	static
fsl_ftfx_flash.c:918:10:FLASH_PflashGetProtection	16	static
fsl_ftfx_flash.c:951:10:FLASH_GetProperty	24	static
fsl_ftfx_flash.c:1039:13:flash_init_features	16	static
fsl_ftfx_flash.c:1062:17:flash_calculate_mem_size	32	static
fsl_ftfx_flash.c:1085:17:flash_calculate_prot_segment_size	24	static
fsl_ftfx_flash.c:1104:17:flash_check_range_to_get_index	32	static
fsl_ftfx_flash.c:1125:17:flash_convert_start_address	16	static
fsl_ftfx_flash.c:1148:17:flash_validate_swap_indicator_address	48	static
