core_cm4.h:1677:22:__NVIC_EnableIRQ	16	static
fsl_clock.h:726:20:CLOCK_EnableClock	24	static
fsl_clock.h:737:20:CLOCK_DisableClock	24	static
fsl_common.h:419:28:EnableIRQ	16	static
fsl_i2c.h:375:20:I2C_Enable	16	static
fsl_i2c.h:408:24:I2C_SlaveGetStatusFlags	16	static
fsl_i2c.h:426:20:I2C_MasterClearStatusFlags	16	static
fsl_i2c.h:461:20:I2C_SlaveClearStatusFlags	16	static
fsl_i2c.c:153:10:I2C_GetInstance	24	static
fsl_i2c.c:171:13:I2C_SetHoldTime	56	static
fsl_i2c.c:220:17:I2C_InitTransferStateMachine	40	static
fsl_i2c.c:286:17:I2C_CheckAndClearError	24	static
fsl_i2c.c:309:17:I2C_MasterTransferRunStateMachine	40	static
fsl_i2c.c:503:13:I2C_TransferCommonIRQHandler	24	static
fsl_i2c.c:545:6:I2C_MasterInit	32	static
fsl_i2c.c:613:6:I2C_MasterDeinit	16	static
fsl_i2c.c:637:6:I2C_MasterGetDefaultConfig	16	static
fsl_i2c.c:674:6:I2C_EnableInterrupts	24	static
fsl_i2c.c:724:6:I2C_DisableInterrupts	16	static
fsl_i2c.c:753:6:I2C_MasterSetBaudRate	56	static
fsl_i2c.c:811:10:I2C_MasterStart	24	static
fsl_i2c.c:858:10:I2C_MasterRepeatedStart	32	static
fsl_i2c.c:916:10:I2C_MasterStop	24	static
fsl_i2c.c:950:10:I2C_MasterGetStatusFlags	24	static
fsl_i2c.c:985:10:I2C_MasterWriteBlocking	32	static
fsl_i2c.c:1087:10:I2C_MasterReadBlocking	32	static
fsl_i2c.c:1216:10:I2C_MasterTransferBlocking	48	static
fsl_i2c.c:1442:6:I2C_MasterTransferCreateHandle	32	static
fsl_i2c.c:1483:10:I2C_MasterTransferNonBlocking	32	static
fsl_i2c.c:1521:10:I2C_MasterTransferAbort	24	static
fsl_i2c.c:1603:10:I2C_MasterTransferGetCount	24	static
fsl_i2c.c:1623:6:I2C_MasterTransferHandleIRQ	40	static
fsl_i2c.c:1694:6:I2C_SlaveInit	32	static
fsl_i2c.c:1761:6:I2C_SlaveDeinit	16	static
fsl_i2c.c:1784:6:I2C_SlaveGetDefaultConfig	16	static
fsl_i2c.c:1825:10:I2C_SlaveWriteBlocking	32	static
fsl_i2c.c:1883:10:I2C_SlaveReadBlocking	32	static
fsl_i2c.c:1977:6:I2C_SlaveTransferCreateHandle	32	static
fsl_i2c.c:2027:10:I2C_SlaveTransferNonBlocking	24	static
fsl_i2c.c:2069:6:I2C_SlaveTransferAbort	16	static
fsl_i2c.c:2095:10:I2C_SlaveTransferGetCount	24	static
fsl_i2c.c:2123:6:I2C_SlaveTransferHandleIRQ	40	static
fsl_i2c.c:2368:6:I2C0_DriverIRQHandler	8	static
fsl_i2c.c:2375:6:I2C1_DriverIRQHandler	8	static
fsl_i2c.c:2382:6:I2C2_DriverIRQHandler	8	static
fsl_i2c.c:2389:6:I2C3_DriverIRQHandler	8	static
