core_cm4.h:1677:22:__NVIC_EnableIRQ	16	static
core_cm4.h:1713:22:__NVIC_DisableIRQ	16	static
fsl_clock.h:726:20:CLOCK_EnableClock	24	static
fsl_clock.h:737:20:CLOCK_DisableClock	24	static
fsl_common.h:419:28:EnableIRQ	16	static
fsl_common.h:457:28:DisableIRQ	16	static
fsl_dspi.h:506:20:DSPI_Enable	16	static
fsl_dspi.h:532:24:DSPI_GetStatusFlags	16	static
fsl_dspi.h:551:20:DSPI_ClearStatusFlags	16	static
fsl_dspi.h:591:20:DSPI_DisableInterrupts	16	static
fsl_dspi.h:697:20:DSPI_SetMasterSlaveMode	16	static
fsl_dspi.h:708:20:DSPI_IsMaster	16	static
fsl_dspi.h:726:20:DSPI_StartTransfer	16	static
fsl_dspi.h:737:20:DSPI_StopTransfer	16	static
fsl_dspi.h:766:20:DSPI_FlushFifo	16	static
fsl_dspi.h:947:24:DSPI_MasterGetFormattedCommand	16	static
fsl_dspi.h:1028:24:DSPI_ReadData	16	static
fsl_dspi.c:127:10:DSPI_GetInstance	24	static
fsl_dspi.c:153:9:DSPI_GetDummyDataInstance	24	static
fsl_dspi.c:166:6:DSPI_SetDummyData	24	static
fsl_dspi.c:200:6:DSPI_MasterInit	40	static
fsl_dspi.c:262:6:DSPI_MasterGetDefaultConfig	16	static
fsl_dspi.c:309:6:DSPI_SlaveInit	24	static
fsl_dspi.c:360:6:DSPI_SlaveGetDefaultConfig	16	static
fsl_dspi.c:382:6:DSPI_Deinit	16	static
fsl_dspi.c:393:13:DSPI_SetOnePcsPolarity	24	static
fsl_dspi.c:424:10:DSPI_MasterSetBaudRate	72	static
fsl_dspi.c:506:6:DSPI_MasterSetDelayScaler	24	static
fsl_dspi.c:559:10:DSPI_MasterSetDelayTimes	72	static
fsl_dspi.c:644:6:DSPI_GetDefaultDataCommandConfig	16	static
fsl_dspi.c:685:6:DSPI_MasterWriteDataBlocking	24	static
fsl_dspi.c:749:6:DSPI_MasterWriteCommandDataBlocking	16	static
fsl_dspi.c:778:6:DSPI_SlaveWriteDataBlocking	16	static
fsl_dspi.c:812:6:DSPI_EnableInterrupts	16	static
fsl_dspi.c:838:6:DSPI_MasterTransferCreateHandle	24	static
fsl_dspi.c:864:10:DSPI_MasterTransferBlocking	64	static
fsl_dspi.c:1132:13:DSPI_MasterTransferPrepare	40	static
fsl_dspi.c:1188:10:DSPI_MasterTransferNonBlocking	24	static
fsl_dspi.c:1241:10:DSPI_MasterHalfDuplexTransferBlocking	40	static
fsl_dspi.c:1308:10:DSPI_MasterHalfDuplexTransferNonBlocking	48	static
fsl_dspi.c:1374:10:DSPI_MasterTransferGetCount	24	static
fsl_dspi.c:1394:13:DSPI_MasterTransferComplete	32	static
fsl_dspi.c:1419:13:DSPI_MasterTransferFillUpTxFifo	32	static
fsl_dspi.c:1558:6:DSPI_MasterTransferAbort	16	static
fsl_dspi.c:1579:6:DSPI_MasterTransferHandleIRQ	24	static
fsl_dspi.c:1702:6:DSPI_SlaveTransferCreateHandle	24	static
fsl_dspi.c:1729:10:DSPI_SlaveTransferNonBlocking	32	static
fsl_dspi.c:1808:10:DSPI_SlaveTransferGetCount	24	static
fsl_dspi.c:1828:13:DSPI_SlaveTransferFillUpTxFifo	24	static
fsl_dspi.c:1916:13:DSPI_SlaveTransferComplete	32	static
fsl_dspi.c:1957:6:DSPI_SlaveTransferAbort	16	static
fsl_dspi.c:1981:6:DSPI_SlaveTransferHandleIRQ	32	static
fsl_dspi.c:2160:13:DSPI_CommonIRQHandler	16	static
fsl_dspi.c:2178:6:SPI0_DriverIRQHandler	8	static
fsl_dspi.c:2186:6:SPI1_DriverIRQHandler	8	static
fsl_dspi.c:2194:6:SPI2_DriverIRQHandler	8	static
